[0.039s] Invoking command in '/home/allen/rm_ws/build/rmbot2': CMAKE_PREFIX_PATH=/home/allen/rm_ws/install/teb_local_planner:/home/allen/rm_ws/install/teb_msgs:/home/allen/rm_ws/install/ros2_livox_simulation:/home/allen/rm_ws/install/rmbot2:/home/allen/rm_ws/install/rm_navigation:/home/allen/rm_ws/install/rm_nav_bringup:/home/allen/rm_ws/install/pointcloud_to_laserscan:/home/allen/rm_ws/install/point_lio:/home/allen/rm_ws/install/icp_registration:/home/allen/rm_ws/install/fast_lio:/home/allen/rm_ws/install/livox_ros_driver2:/home/allen/rm_ws/install/linefit_ground_segmentation_ros:/home/allen/rm_ws/install/linefit_ground_segmentation:/home/allen/rm_ws/install/imu_complementary_filter:/home/allen/rm_ws/install/fake_vel_transform:/home/allen/rm_ws/install/costmap_converter:/home/allen/rm_ws/install/costmap_converter_msgs:/home/allen/Robomaster/rm_ws/install/teb_local_planner:/home/allen/Robomaster/rm_ws/install/teb_msgs:/home/allen/Robomaster/rm_ws/install/ros2_livox_simulation:/home/allen/Robomaster/rm_ws/install/rmbot2:/home/allen/Robomaster/rm_ws/install/rm_navigation:/home/allen/Robomaster/rm_ws/install/rm_nav_bringup:/home/allen/Robomaster/rm_ws/install/pointcloud_to_laserscan:/home/allen/Robomaster/rm_ws/install/point_lio:/home/allen/Robomaster/rm_ws/install/icp_registration:/home/allen/Robomaster/rm_ws/install/fast_lio:/home/allen/Robomaster/rm_ws/install/livox_ros_driver2:/home/allen/Robomaster/rm_ws/install/linefit_ground_segmentation_ros:/home/allen/Robomaster/rm_ws/install/linefit_ground_segmentation:/home/allen/Robomaster/rm_ws/install/imu_complementary_filter:/home/allen/Robomaster/rm_ws/install/fake_vel_transform:/home/allen/Robomaster/rm_ws/install/costmap_converter:/home/allen/Robomaster/rm_ws/install/costmap_converter_msgs:/home/allen/capstone/description_ws/install/ur_yt_sim:/home/allen/capstone/description_ws/install/ur10e_description:/home/allen/capstone/description_ws/install/kuka_agilus_support:/home/allen/capstone/description_ws/install/kuka_resources:/opt/ros/humble:/home/allen/capstone/description_ws/install/kuka_kr3_description /usr/bin/cmake --build /home/allen/rm_ws/build/rmbot2 -- -j2 -l2
[0.263s] Invoked command in '/home/allen/rm_ws/build/rmbot2' returned '0': CMAKE_PREFIX_PATH=/home/allen/rm_ws/install/teb_local_planner:/home/allen/rm_ws/install/teb_msgs:/home/allen/rm_ws/install/ros2_livox_simulation:/home/allen/rm_ws/install/rmbot2:/home/allen/rm_ws/install/rm_navigation:/home/allen/rm_ws/install/rm_nav_bringup:/home/allen/rm_ws/install/pointcloud_to_laserscan:/home/allen/rm_ws/install/point_lio:/home/allen/rm_ws/install/icp_registration:/home/allen/rm_ws/install/fast_lio:/home/allen/rm_ws/install/livox_ros_driver2:/home/allen/rm_ws/install/linefit_ground_segmentation_ros:/home/allen/rm_ws/install/linefit_ground_segmentation:/home/allen/rm_ws/install/imu_complementary_filter:/home/allen/rm_ws/install/fake_vel_transform:/home/allen/rm_ws/install/costmap_converter:/home/allen/rm_ws/install/costmap_converter_msgs:/home/allen/Robomaster/rm_ws/install/teb_local_planner:/home/allen/Robomaster/rm_ws/install/teb_msgs:/home/allen/Robomaster/rm_ws/install/ros2_livox_simulation:/home/allen/Robomaster/rm_ws/install/rmbot2:/home/allen/Robomaster/rm_ws/install/rm_navigation:/home/allen/Robomaster/rm_ws/install/rm_nav_bringup:/home/allen/Robomaster/rm_ws/install/pointcloud_to_laserscan:/home/allen/Robomaster/rm_ws/install/point_lio:/home/allen/Robomaster/rm_ws/install/icp_registration:/home/allen/Robomaster/rm_ws/install/fast_lio:/home/allen/Robomaster/rm_ws/install/livox_ros_driver2:/home/allen/Robomaster/rm_ws/install/linefit_ground_segmentation_ros:/home/allen/Robomaster/rm_ws/install/linefit_ground_segmentation:/home/allen/Robomaster/rm_ws/install/imu_complementary_filter:/home/allen/Robomaster/rm_ws/install/fake_vel_transform:/home/allen/Robomaster/rm_ws/install/costmap_converter:/home/allen/Robomaster/rm_ws/install/costmap_converter_msgs:/home/allen/capstone/description_ws/install/ur_yt_sim:/home/allen/capstone/description_ws/install/ur10e_description:/home/allen/capstone/description_ws/install/kuka_agilus_support:/home/allen/capstone/description_ws/install/kuka_resources:/opt/ros/humble:/home/allen/capstone/description_ws/install/kuka_kr3_description /usr/bin/cmake --build /home/allen/rm_ws/build/rmbot2 -- -j2 -l2
[0.297s] Invoking command in '/home/allen/rm_ws/build/rmbot2': CMAKE_PREFIX_PATH=/home/allen/rm_ws/install/teb_local_planner:/home/allen/rm_ws/install/teb_msgs:/home/allen/rm_ws/install/ros2_livox_simulation:/home/allen/rm_ws/install/rmbot2:/home/allen/rm_ws/install/rm_navigation:/home/allen/rm_ws/install/rm_nav_bringup:/home/allen/rm_ws/install/pointcloud_to_laserscan:/home/allen/rm_ws/install/point_lio:/home/allen/rm_ws/install/icp_registration:/home/allen/rm_ws/install/fast_lio:/home/allen/rm_ws/install/livox_ros_driver2:/home/allen/rm_ws/install/linefit_ground_segmentation_ros:/home/allen/rm_ws/install/linefit_ground_segmentation:/home/allen/rm_ws/install/imu_complementary_filter:/home/allen/rm_ws/install/fake_vel_transform:/home/allen/rm_ws/install/costmap_converter:/home/allen/rm_ws/install/costmap_converter_msgs:/home/allen/Robomaster/rm_ws/install/teb_local_planner:/home/allen/Robomaster/rm_ws/install/teb_msgs:/home/allen/Robomaster/rm_ws/install/ros2_livox_simulation:/home/allen/Robomaster/rm_ws/install/rmbot2:/home/allen/Robomaster/rm_ws/install/rm_navigation:/home/allen/Robomaster/rm_ws/install/rm_nav_bringup:/home/allen/Robomaster/rm_ws/install/pointcloud_to_laserscan:/home/allen/Robomaster/rm_ws/install/point_lio:/home/allen/Robomaster/rm_ws/install/icp_registration:/home/allen/Robomaster/rm_ws/install/fast_lio:/home/allen/Robomaster/rm_ws/install/livox_ros_driver2:/home/allen/Robomaster/rm_ws/install/linefit_ground_segmentation_ros:/home/allen/Robomaster/rm_ws/install/linefit_ground_segmentation:/home/allen/Robomaster/rm_ws/install/imu_complementary_filter:/home/allen/Robomaster/rm_ws/install/fake_vel_transform:/home/allen/Robomaster/rm_ws/install/costmap_converter:/home/allen/Robomaster/rm_ws/install/costmap_converter_msgs:/home/allen/capstone/description_ws/install/ur_yt_sim:/home/allen/capstone/description_ws/install/ur10e_description:/home/allen/capstone/description_ws/install/kuka_agilus_support:/home/allen/capstone/description_ws/install/kuka_resources:/opt/ros/humble:/home/allen/capstone/description_ws/install/kuka_kr3_description /usr/bin/cmake --install /home/allen/rm_ws/build/rmbot2
[0.335s] -- Install configuration: ""
[0.337s] -- Execute custom install script
[0.340s] -- Up-to-date symlink: /home/allen/rm_ws/install/rmbot2/share/rmbot2/config/simulation/fastlio_mid360_sim.yaml
[0.342s] -- Up-to-date symlink: /home/allen/rm_ws/install/rmbot2/share/rmbot2/config/simulation/mapper_params_offline_async.yaml
[0.342s] -- Up-to-date symlink: /home/allen/rm_ws/install/rmbot2/share/rmbot2/config/simulation/mapper_params_online_async_sim.yaml
[0.342s] -- Up-to-date symlink: /home/allen/rm_ws/install/rmbot2/share/rmbot2/config/simulation/nav2_params_scurm.yaml
[0.343s] -- Up-to-date symlink: /home/allen/rm_ws/install/rmbot2/share/rmbot2/config/simulation/nav2_params_sim.yaml
[0.343s] -- Up-to-date symlink: /home/allen/rm_ws/install/rmbot2/share/rmbot2/config/simulation/segmentation_sim.yaml
[0.346s] -- Up-to-date symlink: /home/allen/rm_ws/install/rmbot2/share/rmbot2/description/gazebo_control.xacro
[0.346s] -- Up-to-date symlink: /home/allen/rm_ws/install/rmbot2/share/rmbot2/description/inertial_macros.xacro
[0.346s] -- Up-to-date symlink: /home/allen/rm_ws/install/rmbot2/share/rmbot2/description/lidar.xacro
[0.346s] -- Up-to-date symlink: /home/allen/rm_ws/install/rmbot2/share/rmbot2/description/mid360.xacro
[0.346s] -- Up-to-date symlink: /home/allen/rm_ws/install/rmbot2/share/rmbot2/description/robot.urdf.xacro
[0.347s] -- Symlinking: /home/allen/rm_ws/install/rmbot2/share/rmbot2/description/robot_core.xacro
[0.379s] -- Up-to-date symlink: /home/allen/rm_ws/install/rmbot2/share/rmbot2/description/wheel.xacro
[0.380s] -- Up-to-date symlink: /home/allen/rm_ws/install/rmbot2/share/rmbot2/launch/launch_world.launch.py
[0.381s] -- Up-to-date symlink: /home/allen/rm_ws/install/rmbot2/share/rmbot2/launch/lidar.launch.py
[0.381s] -- Up-to-date symlink: /home/allen/rm_ws/install/rmbot2/share/rmbot2/launch/mapping.launch.py
[0.384s] -- Up-to-date symlink: /home/allen/rm_ws/install/rmbot2/share/rmbot2/launch/nav.launch.py
[0.385s] -- Up-to-date symlink: /home/allen/rm_ws/install/rmbot2/share/rmbot2/launch/rsp.launch.py
[0.386s] -- Up-to-date symlink: /home/allen/rm_ws/install/rmbot2/share/rmbot2/launch/view.launch.py
[0.386s] -- Up-to-date symlink: /home/allen/rm_ws/install/rmbot2/share/rmbot2/world/RMUC2024_world/RMUC2024_world.world
[0.386s] -- Up-to-date symlink: /home/allen/rm_ws/install/rmbot2/share/rmbot2/world/RMUL2024_world/RMUL2024_world.world
[0.388s] -- Up-to-date symlink: /home/allen/rm_ws/install/rmbot2/share/rmbot2/world/RMUL2024_world/RMUL2024_world_dynamic_obstacles.world
[0.389s] -- Up-to-date symlink: /home/allen/rm_ws/install/rmbot2/share/rmbot2/world/RMUL2024_world/model.config
[0.389s] -- Up-to-date symlink: /home/allen/rm_ws/install/rmbot2/share/rmbot2/world/RMUL2024_world/model.sdf
[0.389s] -- Up-to-date symlink: /home/allen/rm_ws/install/rmbot2/share/rmbot2/world/RMUL2025NA_world/RMULNA2025_world.world
[0.389s] -- Up-to-date symlink: /home/allen/rm_ws/install/rmbot2/share/rmbot2/world/RMUL2025NA_world/RMULNA2025_world_dynamic_obstacles.world
[0.390s] -- Up-to-date symlink: /home/allen/rm_ws/install/rmbot2/share/rmbot2/world/RMUL2025NA_world/model.config
[0.390s] -- Up-to-date symlink: /home/allen/rm_ws/install/rmbot2/share/rmbot2/world/RMUL2025NA_world/model.sdf
[0.393s] -- Up-to-date symlink: /home/allen/rm_ws/install/rmbot2/share/rmbot2/map/rmul_map_save.pgm
[0.393s] -- Up-to-date symlink: /home/allen/rm_ws/install/rmbot2/share/rmbot2/map/rmul_map_save.yaml
[0.393s] -- Up-to-date symlink: /home/allen/rm_ws/install/rmbot2/share/rmbot2/map/rmul_map_serial.data
[0.393s] -- Up-to-date symlink: /home/allen/rm_ws/install/rmbot2/share/rmbot2/map/rmul_map_serial.posegraph
[0.393s] -- Up-to-date symlink: /home/allen/rm_ws/install/rmbot2/share/rmbot2/map/ul_map.data
[0.394s] -- Up-to-date symlink: /home/allen/rm_ws/install/rmbot2/share/rmbot2/map/ul_map.pgm
[0.394s] -- Up-to-date symlink: /home/allen/rm_ws/install/rmbot2/share/rmbot2/map/ul_map.posegraph
[0.394s] -- Up-to-date symlink: /home/allen/rm_ws/install/rmbot2/share/rmbot2/map/ul_map.yaml
[0.395s] -- Up-to-date symlink: /home/allen/rm_ws/install/rmbot2/share/rmbot2/meshes/RMUC2024_world/meshes/RMUC_2024.stl
[0.395s] -- Up-to-date symlink: /home/allen/rm_ws/install/rmbot2/share/rmbot2/meshes/RMUC2024_world/model.config
[0.396s] -- Up-to-date symlink: /home/allen/rm_ws/install/rmbot2/share/rmbot2/meshes/RMUC2024_world/model.sdf
[0.397s] -- Up-to-date symlink: /home/allen/rm_ws/install/rmbot2/share/rmbot2/meshes/RMUL2024_world/meshes/RMUL_2024.stl
[0.398s] -- Up-to-date symlink: /home/allen/rm_ws/install/rmbot2/share/rmbot2/meshes/mid360.stl
[0.398s] -- Up-to-date symlink: /home/allen/rm_ws/install/rmbot2/share/rmbot2/meshes/obstacles/obstacle1/model.config
[0.398s] -- Up-to-date symlink: /home/allen/rm_ws/install/rmbot2/share/rmbot2/meshes/obstacles/obstacle1/model.sdf
[0.401s] -- Up-to-date symlink: /home/allen/rm_ws/install/rmbot2/share/rmbot2/meshes/obstacles/obstacle10/model.config
[0.401s] -- Up-to-date symlink: /home/allen/rm_ws/install/rmbot2/share/rmbot2/meshes/obstacles/obstacle10/model.sdf
[0.402s] -- Up-to-date symlink: /home/allen/rm_ws/install/rmbot2/share/rmbot2/meshes/obstacles/obstacle11/model.config
[0.402s] -- Up-to-date symlink: /home/allen/rm_ws/install/rmbot2/share/rmbot2/meshes/obstacles/obstacle11/model.sdf
[0.402s] -- Up-to-date symlink: /home/allen/rm_ws/install/rmbot2/share/rmbot2/meshes/obstacles/obstacle12/model.config
[0.402s] -- Up-to-date symlink: /home/allen/rm_ws/install/rmbot2/share/rmbot2/meshes/obstacles/obstacle12/model.sdf
[0.402s] -- Up-to-date symlink: /home/allen/rm_ws/install/rmbot2/share/rmbot2/meshes/obstacles/obstacle2/model.config
[0.402s] -- Up-to-date symlink: /home/allen/rm_ws/install/rmbot2/share/rmbot2/meshes/obstacles/obstacle2/model.sdf
[0.403s] -- Up-to-date symlink: /home/allen/rm_ws/install/rmbot2/share/rmbot2/meshes/obstacles/obstacle3/model.config
[0.403s] -- Up-to-date symlink: /home/allen/rm_ws/install/rmbot2/share/rmbot2/meshes/obstacles/obstacle3/model.sdf
[0.406s] -- Up-to-date symlink: /home/allen/rm_ws/install/rmbot2/share/rmbot2/meshes/obstacles/obstacle4/model.config
[0.406s] -- Up-to-date symlink: /home/allen/rm_ws/install/rmbot2/share/rmbot2/meshes/obstacles/obstacle4/model.sdf
[0.406s] -- Up-to-date symlink: /home/allen/rm_ws/install/rmbot2/share/rmbot2/meshes/obstacles/obstacle5/model.config
[0.406s] -- Up-to-date symlink: /home/allen/rm_ws/install/rmbot2/share/rmbot2/meshes/obstacles/obstacle5/model.sdf
[0.406s] -- Up-to-date symlink: /home/allen/rm_ws/install/rmbot2/share/rmbot2/meshes/obstacles/obstacle6/model.config
[0.407s] -- Up-to-date symlink: /home/allen/rm_ws/install/rmbot2/share/rmbot2/meshes/obstacles/obstacle6/model.sdf
[0.407s] -- Up-to-date symlink: /home/allen/rm_ws/install/rmbot2/share/rmbot2/meshes/obstacles/obstacle7/model.config
[0.407s] -- Up-to-date symlink: /home/allen/rm_ws/install/rmbot2/share/rmbot2/meshes/obstacles/obstacle7/model.sdf
[0.407s] -- Up-to-date symlink: /home/allen/rm_ws/install/rmbot2/share/rmbot2/meshes/obstacles/obstacle8/model.config
[0.407s] -- Up-to-date symlink: /home/allen/rm_ws/install/rmbot2/share/rmbot2/meshes/obstacles/obstacle8/model.sdf
[0.407s] -- Up-to-date symlink: /home/allen/rm_ws/install/rmbot2/share/rmbot2/meshes/obstacles/obstacle9/model.config
[0.408s] -- Up-to-date symlink: /home/allen/rm_ws/install/rmbot2/share/rmbot2/meshes/obstacles/obstacle9/model.sdf
[0.408s] -- Up-to-date symlink: /home/allen/rm_ws/install/rmbot2/share/rmbot2/meshes/obstacles/obstacle_plugin/CMakeLists.txt
[0.408s] -- Up-to-date symlink: /home/allen/rm_ws/install/rmbot2/share/rmbot2/meshes/obstacles/obstacle_plugin/lib/libobstacle1.so
[0.409s] -- Up-to-date symlink: /home/allen/rm_ws/install/rmbot2/share/rmbot2/meshes/obstacles/obstacle_plugin/lib/libobstacle10.so
[0.409s] -- Up-to-date symlink: /home/allen/rm_ws/install/rmbot2/share/rmbot2/meshes/obstacles/obstacle_plugin/lib/libobstacle11.so
[0.409s] -- Up-to-date symlink: /home/allen/rm_ws/install/rmbot2/share/rmbot2/meshes/obstacles/obstacle_plugin/lib/libobstacle12.so
[0.409s] -- Up-to-date symlink: /home/allen/rm_ws/install/rmbot2/share/rmbot2/meshes/obstacles/obstacle_plugin/lib/libobstacle2.so
[0.410s] -- Up-to-date symlink: /home/allen/rm_ws/install/rmbot2/share/rmbot2/meshes/obstacles/obstacle_plugin/lib/libobstacle3.so
[0.410s] -- Up-to-date symlink: /home/allen/rm_ws/install/rmbot2/share/rmbot2/meshes/obstacles/obstacle_plugin/lib/libobstacle4.so
[0.410s] -- Up-to-date symlink: /home/allen/rm_ws/install/rmbot2/share/rmbot2/meshes/obstacles/obstacle_plugin/lib/libobstacle5.so
[0.411s] -- Up-to-date symlink: /home/allen/rm_ws/install/rmbot2/share/rmbot2/meshes/obstacles/obstacle_plugin/lib/libobstacle6.so
[0.413s] -- Up-to-date symlink: /home/allen/rm_ws/install/rmbot2/share/rmbot2/meshes/obstacles/obstacle_plugin/lib/libobstacle7.so
[0.413s] -- Up-to-date symlink: /home/allen/rm_ws/install/rmbot2/share/rmbot2/meshes/obstacles/obstacle_plugin/lib/libobstacle8.so
[0.414s] -- Up-to-date symlink: /home/allen/rm_ws/install/rmbot2/share/rmbot2/meshes/obstacles/obstacle_plugin/lib/libobstacle9.so
[0.414s] -- Up-to-date symlink: /home/allen/rm_ws/install/rmbot2/share/rmbot2/meshes/obstacles/obstacle_plugin/lib/libobstacles.so
[0.415s] -- Up-to-date symlink: /home/allen/rm_ws/install/rmbot2/share/rmbot2/meshes/obstacles/obstacle_plugin/obstacle1.cc
[0.415s] -- Up-to-date symlink: /home/allen/rm_ws/install/rmbot2/share/rmbot2/meshes/obstacles/obstacle_plugin/obstacle10.cc
[0.417s] -- Up-to-date symlink: /home/allen/rm_ws/install/rmbot2/share/rmbot2/meshes/obstacles/obstacle_plugin/obstacle11.cc
[0.417s] -- Up-to-date symlink: /home/allen/rm_ws/install/rmbot2/share/rmbot2/meshes/obstacles/obstacle_plugin/obstacle12.cc
[0.418s] -- Up-to-date symlink: /home/allen/rm_ws/install/rmbot2/share/rmbot2/meshes/obstacles/obstacle_plugin/obstacle13.cc
[0.420s] -- Up-to-date symlink: /home/allen/rm_ws/install/rmbot2/share/rmbot2/meshes/obstacles/obstacle_plugin/obstacle2.cc
[0.420s] -- Up-to-date symlink: /home/allen/rm_ws/install/rmbot2/share/rmbot2/meshes/obstacles/obstacle_plugin/obstacle3.cc
[0.420s] -- Up-to-date symlink: /home/allen/rm_ws/install/rmbot2/share/rmbot2/meshes/obstacles/obstacle_plugin/obstacle4.cc
[0.420s] -- Up-to-date symlink: /home/allen/rm_ws/install/rmbot2/share/rmbot2/meshes/obstacles/obstacle_plugin/obstacle5.cc
[0.420s] -- Up-to-date symlink: /home/allen/rm_ws/install/rmbot2/share/rmbot2/meshes/obstacles/obstacle_plugin/obstacle6.cc
[0.420s] -- Up-to-date symlink: /home/allen/rm_ws/install/rmbot2/share/rmbot2/meshes/obstacles/obstacle_plugin/obstacle7.cc
[0.420s] -- Up-to-date symlink: /home/allen/rm_ws/install/rmbot2/share/rmbot2/meshes/obstacles/obstacle_plugin/obstacle8.cc
[0.420s] -- Up-to-date symlink: /home/allen/rm_ws/install/rmbot2/share/rmbot2/meshes/obstacles/obstacle_plugin/obstacle9.cc
[0.421s] -- Up-to-date symlink: /home/allen/rm_ws/install/rmbot2/share/rmbot2/meshes/obstacles/obstacle_plugin/obstacles.cc
[0.421s] -- Up-to-date symlink: /home/allen/rm_ws/install/rmbot2/share/rmbot2/rviz/fastlio.rviz
[0.422s] -- Up-to-date symlink: /home/allen/rm_ws/install/rmbot2/share/rmbot2/rviz/gazebo.rviz
[0.422s] -- Up-to-date symlink: /home/allen/rm_ws/install/rmbot2/share/rmbot2/rviz/pointlio.rviz
[0.424s] -- Up-to-date symlink: /home/allen/rm_ws/install/rmbot2/share/rmbot2/rviz/rviz2.rviz
[0.424s] -- Up-to-date symlink: /home/allen/rm_ws/install/rmbot2/share/rmbot2/rviz/rviz_lidar.rviz
[0.425s] -- Up-to-date symlink: /home/allen/rm_ws/install/rmbot2/share/ament_index/resource_index/package_run_dependencies/rmbot2
[0.425s] -- Up-to-date symlink: /home/allen/rm_ws/install/rmbot2/share/ament_index/resource_index/parent_prefix_path/rmbot2
[0.427s] -- Up-to-date symlink: /home/allen/rm_ws/install/rmbot2/share/rmbot2/environment/ament_prefix_path.sh
[0.428s] -- Up-to-date symlink: /home/allen/rm_ws/install/rmbot2/share/rmbot2/environment/ament_prefix_path.dsv
[0.428s] -- Up-to-date symlink: /home/allen/rm_ws/install/rmbot2/share/rmbot2/environment/path.sh
[0.428s] -- Up-to-date symlink: /home/allen/rm_ws/install/rmbot2/share/rmbot2/environment/path.dsv
[0.428s] -- Up-to-date symlink: /home/allen/rm_ws/install/rmbot2/share/rmbot2/local_setup.bash
[0.428s] -- Up-to-date symlink: /home/allen/rm_ws/install/rmbot2/share/rmbot2/local_setup.sh
[0.428s] -- Up-to-date symlink: /home/allen/rm_ws/install/rmbot2/share/rmbot2/local_setup.zsh
[0.431s] -- Up-to-date symlink: /home/allen/rm_ws/install/rmbot2/share/rmbot2/local_setup.dsv
[0.431s] -- Symlinking: /home/allen/rm_ws/install/rmbot2/share/rmbot2/package.dsv
[0.466s] -- Up-to-date symlink: /home/allen/rm_ws/install/rmbot2/share/ament_index/resource_index/packages/rmbot2
[0.467s] -- Up-to-date symlink: /home/allen/rm_ws/install/rmbot2/share/rmbot2/cmake/rmbot2Config.cmake
[0.467s] -- Up-to-date symlink: /home/allen/rm_ws/install/rmbot2/share/rmbot2/cmake/rmbot2Config-version.cmake
[0.468s] -- Up-to-date symlink: /home/allen/rm_ws/install/rmbot2/share/rmbot2/package.xml
[0.473s] Invoked command in '/home/allen/rm_ws/build/rmbot2' returned '0': CMAKE_PREFIX_PATH=/home/allen/rm_ws/install/teb_local_planner:/home/allen/rm_ws/install/teb_msgs:/home/allen/rm_ws/install/ros2_livox_simulation:/home/allen/rm_ws/install/rmbot2:/home/allen/rm_ws/install/rm_navigation:/home/allen/rm_ws/install/rm_nav_bringup:/home/allen/rm_ws/install/pointcloud_to_laserscan:/home/allen/rm_ws/install/point_lio:/home/allen/rm_ws/install/icp_registration:/home/allen/rm_ws/install/fast_lio:/home/allen/rm_ws/install/livox_ros_driver2:/home/allen/rm_ws/install/linefit_ground_segmentation_ros:/home/allen/rm_ws/install/linefit_ground_segmentation:/home/allen/rm_ws/install/imu_complementary_filter:/home/allen/rm_ws/install/fake_vel_transform:/home/allen/rm_ws/install/costmap_converter:/home/allen/rm_ws/install/costmap_converter_msgs:/home/allen/Robomaster/rm_ws/install/teb_local_planner:/home/allen/Robomaster/rm_ws/install/teb_msgs:/home/allen/Robomaster/rm_ws/install/ros2_livox_simulation:/home/allen/Robomaster/rm_ws/install/rmbot2:/home/allen/Robomaster/rm_ws/install/rm_navigation:/home/allen/Robomaster/rm_ws/install/rm_nav_bringup:/home/allen/Robomaster/rm_ws/install/pointcloud_to_laserscan:/home/allen/Robomaster/rm_ws/install/point_lio:/home/allen/Robomaster/rm_ws/install/icp_registration:/home/allen/Robomaster/rm_ws/install/fast_lio:/home/allen/Robomaster/rm_ws/install/livox_ros_driver2:/home/allen/Robomaster/rm_ws/install/linefit_ground_segmentation_ros:/home/allen/Robomaster/rm_ws/install/linefit_ground_segmentation:/home/allen/Robomaster/rm_ws/install/imu_complementary_filter:/home/allen/Robomaster/rm_ws/install/fake_vel_transform:/home/allen/Robomaster/rm_ws/install/costmap_converter:/home/allen/Robomaster/rm_ws/install/costmap_converter_msgs:/home/allen/capstone/description_ws/install/ur_yt_sim:/home/allen/capstone/description_ws/install/ur10e_description:/home/allen/capstone/description_ws/install/kuka_agilus_support:/home/allen/capstone/description_ws/install/kuka_resources:/opt/ros/humble:/home/allen/capstone/description_ws/install/kuka_kr3_description /usr/bin/cmake --install /home/allen/rm_ws/build/rmbot2
