[0.064s] Invoking command in '/home/allen/rm_ws/build/rm_nav_bringup': CMAKE_PREFIX_PATH=/home/allen/rm_ws/install/teb_local_planner:/home/allen/rm_ws/install/teb_msgs:/home/allen/rm_ws/install/ros2_livox_simulation:/home/allen/rm_ws/install/rmbot2:/home/allen/rm_ws/install/rm_navigation:/home/allen/rm_ws/install/rm_nav_bringup:/home/allen/rm_ws/install/pointcloud_to_laserscan:/home/allen/rm_ws/install/point_lio:/home/allen/rm_ws/install/icp_registration:/home/allen/rm_ws/install/fast_lio:/home/allen/rm_ws/install/livox_ros_driver2:/home/allen/rm_ws/install/linefit_ground_segmentation_ros:/home/allen/rm_ws/install/linefit_ground_segmentation:/home/allen/rm_ws/install/imu_complementary_filter:/home/allen/rm_ws/install/fake_vel_transform:/home/allen/rm_ws/install/costmap_converter:/home/allen/rm_ws/install/costmap_converter_msgs:/home/allen/Robomaster/rm_ws/install/teb_local_planner:/home/allen/Robomaster/rm_ws/install/teb_msgs:/home/allen/Robomaster/rm_ws/install/ros2_livox_simulation:/home/allen/Robomaster/rm_ws/install/rmbot2:/home/allen/Robomaster/rm_ws/install/rm_navigation:/home/allen/Robomaster/rm_ws/install/rm_nav_bringup:/home/allen/Robomaster/rm_ws/install/pointcloud_to_laserscan:/home/allen/Robomaster/rm_ws/install/point_lio:/home/allen/Robomaster/rm_ws/install/icp_registration:/home/allen/Robomaster/rm_ws/install/fast_lio:/home/allen/Robomaster/rm_ws/install/livox_ros_driver2:/home/allen/Robomaster/rm_ws/install/linefit_ground_segmentation_ros:/home/allen/Robomaster/rm_ws/install/linefit_ground_segmentation:/home/allen/Robomaster/rm_ws/install/imu_complementary_filter:/home/allen/Robomaster/rm_ws/install/fake_vel_transform:/home/allen/Robomaster/rm_ws/install/costmap_converter:/home/allen/Robomaster/rm_ws/install/costmap_converter_msgs:/home/allen/capstone/description_ws/install/ur_yt_sim:/home/allen/capstone/description_ws/install/ur10e_description:/home/allen/capstone/description_ws/install/kuka_agilus_support:/home/allen/capstone/description_ws/install/kuka_resources:/opt/ros/humble:/home/allen/capstone/description_ws/install/kuka_kr3_description /usr/bin/cmake /home/allen/rm_ws/src/rm_nav_bringup -DAMENT_CMAKE_SYMLINK_INSTALL=1 -DCMAKE_INSTALL_PREFIX=/home/allen/rm_ws/install/rm_nav_bringup
[0.445s] -- The C compiler identification is GNU 11.4.0
[0.740s] -- The CXX compiler identification is GNU 11.4.0
[0.783s] -- Detecting C compiler ABI info
[1.065s] -- Detecting C compiler ABI info - done
[1.086s] -- Check for working C compiler: /usr/bin/cc - skipped
[1.087s] -- Detecting C compile features
[1.089s] -- Detecting C compile features - done
[1.096s] -- Detecting CXX compiler ABI info
[1.344s] -- Detecting CXX compiler ABI info - done
[1.371s] -- Check for working CXX compiler: /usr/bin/c++ - skipped
[1.373s] -- Detecting CXX compile features
[1.374s] -- Detecting CXX compile features - done
[1.390s] -- Found ament_cmake_auto: 1.3.12 (/opt/ros/humble/share/ament_cmake_auto/cmake)
[2.151s] -- Found Python3: /usr/bin/python3 (found version "3.10.12") found components: Interpreter 
[2.391s] -- Override CMake install command with custom implementation using symlinks instead of copying resources
[2.653s] -- Found ament_lint_auto: 0.12.14 (/opt/ros/humble/share/ament_lint_auto/cmake)
[2.910s] -- Configuring done
[2.921s] -- Generating done
[2.927s] -- Build files have been written to: /home/allen/rm_ws/build/rm_nav_bringup
[2.946s] Invoked command in '/home/allen/rm_ws/build/rm_nav_bringup' returned '0': CMAKE_PREFIX_PATH=/home/allen/rm_ws/install/teb_local_planner:/home/allen/rm_ws/install/teb_msgs:/home/allen/rm_ws/install/ros2_livox_simulation:/home/allen/rm_ws/install/rmbot2:/home/allen/rm_ws/install/rm_navigation:/home/allen/rm_ws/install/rm_nav_bringup:/home/allen/rm_ws/install/pointcloud_to_laserscan:/home/allen/rm_ws/install/point_lio:/home/allen/rm_ws/install/icp_registration:/home/allen/rm_ws/install/fast_lio:/home/allen/rm_ws/install/livox_ros_driver2:/home/allen/rm_ws/install/linefit_ground_segmentation_ros:/home/allen/rm_ws/install/linefit_ground_segmentation:/home/allen/rm_ws/install/imu_complementary_filter:/home/allen/rm_ws/install/fake_vel_transform:/home/allen/rm_ws/install/costmap_converter:/home/allen/rm_ws/install/costmap_converter_msgs:/home/allen/Robomaster/rm_ws/install/teb_local_planner:/home/allen/Robomaster/rm_ws/install/teb_msgs:/home/allen/Robomaster/rm_ws/install/ros2_livox_simulation:/home/allen/Robomaster/rm_ws/install/rmbot2:/home/allen/Robomaster/rm_ws/install/rm_navigation:/home/allen/Robomaster/rm_ws/install/rm_nav_bringup:/home/allen/Robomaster/rm_ws/install/pointcloud_to_laserscan:/home/allen/Robomaster/rm_ws/install/point_lio:/home/allen/Robomaster/rm_ws/install/icp_registration:/home/allen/Robomaster/rm_ws/install/fast_lio:/home/allen/Robomaster/rm_ws/install/livox_ros_driver2:/home/allen/Robomaster/rm_ws/install/linefit_ground_segmentation_ros:/home/allen/Robomaster/rm_ws/install/linefit_ground_segmentation:/home/allen/Robomaster/rm_ws/install/imu_complementary_filter:/home/allen/Robomaster/rm_ws/install/fake_vel_transform:/home/allen/Robomaster/rm_ws/install/costmap_converter:/home/allen/Robomaster/rm_ws/install/costmap_converter_msgs:/home/allen/capstone/description_ws/install/ur_yt_sim:/home/allen/capstone/description_ws/install/ur10e_description:/home/allen/capstone/description_ws/install/kuka_agilus_support:/home/allen/capstone/description_ws/install/kuka_resources:/opt/ros/humble:/home/allen/capstone/description_ws/install/kuka_kr3_description /usr/bin/cmake /home/allen/rm_ws/src/rm_nav_bringup -DAMENT_CMAKE_SYMLINK_INSTALL=1 -DCMAKE_INSTALL_PREFIX=/home/allen/rm_ws/install/rm_nav_bringup
[2.957s] Invoking command in '/home/allen/rm_ws/build/rm_nav_bringup': CMAKE_PREFIX_PATH=/home/allen/rm_ws/install/teb_local_planner:/home/allen/rm_ws/install/teb_msgs:/home/allen/rm_ws/install/ros2_livox_simulation:/home/allen/rm_ws/install/rmbot2:/home/allen/rm_ws/install/rm_navigation:/home/allen/rm_ws/install/rm_nav_bringup:/home/allen/rm_ws/install/pointcloud_to_laserscan:/home/allen/rm_ws/install/point_lio:/home/allen/rm_ws/install/icp_registration:/home/allen/rm_ws/install/fast_lio:/home/allen/rm_ws/install/livox_ros_driver2:/home/allen/rm_ws/install/linefit_ground_segmentation_ros:/home/allen/rm_ws/install/linefit_ground_segmentation:/home/allen/rm_ws/install/imu_complementary_filter:/home/allen/rm_ws/install/fake_vel_transform:/home/allen/rm_ws/install/costmap_converter:/home/allen/rm_ws/install/costmap_converter_msgs:/home/allen/Robomaster/rm_ws/install/teb_local_planner:/home/allen/Robomaster/rm_ws/install/teb_msgs:/home/allen/Robomaster/rm_ws/install/ros2_livox_simulation:/home/allen/Robomaster/rm_ws/install/rmbot2:/home/allen/Robomaster/rm_ws/install/rm_navigation:/home/allen/Robomaster/rm_ws/install/rm_nav_bringup:/home/allen/Robomaster/rm_ws/install/pointcloud_to_laserscan:/home/allen/Robomaster/rm_ws/install/point_lio:/home/allen/Robomaster/rm_ws/install/icp_registration:/home/allen/Robomaster/rm_ws/install/fast_lio:/home/allen/Robomaster/rm_ws/install/livox_ros_driver2:/home/allen/Robomaster/rm_ws/install/linefit_ground_segmentation_ros:/home/allen/Robomaster/rm_ws/install/linefit_ground_segmentation:/home/allen/Robomaster/rm_ws/install/imu_complementary_filter:/home/allen/Robomaster/rm_ws/install/fake_vel_transform:/home/allen/Robomaster/rm_ws/install/costmap_converter:/home/allen/Robomaster/rm_ws/install/costmap_converter_msgs:/home/allen/capstone/description_ws/install/ur_yt_sim:/home/allen/capstone/description_ws/install/ur10e_description:/home/allen/capstone/description_ws/install/kuka_agilus_support:/home/allen/capstone/description_ws/install/kuka_resources:/opt/ros/humble:/home/allen/capstone/description_ws/install/kuka_kr3_description /usr/bin/cmake --build /home/allen/rm_ws/build/rm_nav_bringup -- -j2 -l2
[3.234s] Invoked command in '/home/allen/rm_ws/build/rm_nav_bringup' returned '0': CMAKE_PREFIX_PATH=/home/allen/rm_ws/install/teb_local_planner:/home/allen/rm_ws/install/teb_msgs:/home/allen/rm_ws/install/ros2_livox_simulation:/home/allen/rm_ws/install/rmbot2:/home/allen/rm_ws/install/rm_navigation:/home/allen/rm_ws/install/rm_nav_bringup:/home/allen/rm_ws/install/pointcloud_to_laserscan:/home/allen/rm_ws/install/point_lio:/home/allen/rm_ws/install/icp_registration:/home/allen/rm_ws/install/fast_lio:/home/allen/rm_ws/install/livox_ros_driver2:/home/allen/rm_ws/install/linefit_ground_segmentation_ros:/home/allen/rm_ws/install/linefit_ground_segmentation:/home/allen/rm_ws/install/imu_complementary_filter:/home/allen/rm_ws/install/fake_vel_transform:/home/allen/rm_ws/install/costmap_converter:/home/allen/rm_ws/install/costmap_converter_msgs:/home/allen/Robomaster/rm_ws/install/teb_local_planner:/home/allen/Robomaster/rm_ws/install/teb_msgs:/home/allen/Robomaster/rm_ws/install/ros2_livox_simulation:/home/allen/Robomaster/rm_ws/install/rmbot2:/home/allen/Robomaster/rm_ws/install/rm_navigation:/home/allen/Robomaster/rm_ws/install/rm_nav_bringup:/home/allen/Robomaster/rm_ws/install/pointcloud_to_laserscan:/home/allen/Robomaster/rm_ws/install/point_lio:/home/allen/Robomaster/rm_ws/install/icp_registration:/home/allen/Robomaster/rm_ws/install/fast_lio:/home/allen/Robomaster/rm_ws/install/livox_ros_driver2:/home/allen/Robomaster/rm_ws/install/linefit_ground_segmentation_ros:/home/allen/Robomaster/rm_ws/install/linefit_ground_segmentation:/home/allen/Robomaster/rm_ws/install/imu_complementary_filter:/home/allen/Robomaster/rm_ws/install/fake_vel_transform:/home/allen/Robomaster/rm_ws/install/costmap_converter:/home/allen/Robomaster/rm_ws/install/costmap_converter_msgs:/home/allen/capstone/description_ws/install/ur_yt_sim:/home/allen/capstone/description_ws/install/ur10e_description:/home/allen/capstone/description_ws/install/kuka_agilus_support:/home/allen/capstone/description_ws/install/kuka_resources:/opt/ros/humble:/home/allen/capstone/description_ws/install/kuka_kr3_description /usr/bin/cmake --build /home/allen/rm_ws/build/rm_nav_bringup -- -j2 -l2
[3.241s] Invoking command in '/home/allen/rm_ws/build/rm_nav_bringup': CMAKE_PREFIX_PATH=/home/allen/rm_ws/install/teb_local_planner:/home/allen/rm_ws/install/teb_msgs:/home/allen/rm_ws/install/ros2_livox_simulation:/home/allen/rm_ws/install/rmbot2:/home/allen/rm_ws/install/rm_navigation:/home/allen/rm_ws/install/rm_nav_bringup:/home/allen/rm_ws/install/pointcloud_to_laserscan:/home/allen/rm_ws/install/point_lio:/home/allen/rm_ws/install/icp_registration:/home/allen/rm_ws/install/fast_lio:/home/allen/rm_ws/install/livox_ros_driver2:/home/allen/rm_ws/install/linefit_ground_segmentation_ros:/home/allen/rm_ws/install/linefit_ground_segmentation:/home/allen/rm_ws/install/imu_complementary_filter:/home/allen/rm_ws/install/fake_vel_transform:/home/allen/rm_ws/install/costmap_converter:/home/allen/rm_ws/install/costmap_converter_msgs:/home/allen/Robomaster/rm_ws/install/teb_local_planner:/home/allen/Robomaster/rm_ws/install/teb_msgs:/home/allen/Robomaster/rm_ws/install/ros2_livox_simulation:/home/allen/Robomaster/rm_ws/install/rmbot2:/home/allen/Robomaster/rm_ws/install/rm_navigation:/home/allen/Robomaster/rm_ws/install/rm_nav_bringup:/home/allen/Robomaster/rm_ws/install/pointcloud_to_laserscan:/home/allen/Robomaster/rm_ws/install/point_lio:/home/allen/Robomaster/rm_ws/install/icp_registration:/home/allen/Robomaster/rm_ws/install/fast_lio:/home/allen/Robomaster/rm_ws/install/livox_ros_driver2:/home/allen/Robomaster/rm_ws/install/linefit_ground_segmentation_ros:/home/allen/Robomaster/rm_ws/install/linefit_ground_segmentation:/home/allen/Robomaster/rm_ws/install/imu_complementary_filter:/home/allen/Robomaster/rm_ws/install/fake_vel_transform:/home/allen/Robomaster/rm_ws/install/costmap_converter:/home/allen/Robomaster/rm_ws/install/costmap_converter_msgs:/home/allen/capstone/description_ws/install/ur_yt_sim:/home/allen/capstone/description_ws/install/ur10e_description:/home/allen/capstone/description_ws/install/kuka_agilus_support:/home/allen/capstone/description_ws/install/kuka_resources:/opt/ros/humble:/home/allen/capstone/description_ws/install/kuka_kr3_description /usr/bin/cmake --install /home/allen/rm_ws/build/rm_nav_bringup
[3.291s] -- Install configuration: ""
[3.291s] -- Execute custom install script
[3.295s] -- Symlinking: /home/allen/rm_ws/install/rm_nav_bringup/share/rm_nav_bringup/launch/bringup_real.launch.py
[3.365s] -- Symlinking: /home/allen/rm_ws/install/rm_nav_bringup/share/rm_nav_bringup/launch/bringup_sim.launch.py
[3.416s] -- Symlinking: /home/allen/rm_ws/install/rm_nav_bringup/share/rm_nav_bringup/config/reality/MID360_config.json
[3.469s] -- Symlinking: /home/allen/rm_ws/install/rm_nav_bringup/share/rm_nav_bringup/config/reality/fastlio_mid360_real.yaml
[3.527s] -- Symlinking: /home/allen/rm_ws/install/rm_nav_bringup/share/rm_nav_bringup/config/reality/icp_registration_real.yaml
[3.603s] -- Symlinking: /home/allen/rm_ws/install/rm_nav_bringup/share/rm_nav_bringup/config/reality/mapper_params_localization_real.yaml
[3.688s] -- Symlinking: /home/allen/rm_ws/install/rm_nav_bringup/share/rm_nav_bringup/config/reality/mapper_params_online_async_real.yaml
[3.750s] -- Symlinking: /home/allen/rm_ws/install/rm_nav_bringup/share/rm_nav_bringup/config/reality/measurement_params_real.yaml
[3.801s] -- Symlinking: /home/allen/rm_ws/install/rm_nav_bringup/share/rm_nav_bringup/config/reality/nav2_params_real.yaml
[3.863s] -- Symlinking: /home/allen/rm_ws/install/rm_nav_bringup/share/rm_nav_bringup/config/reality/pointlio_mid360_real.yaml
[3.923s] -- Symlinking: /home/allen/rm_ws/install/rm_nav_bringup/share/rm_nav_bringup/config/reality/segmentation_real.yaml
[3.985s] -- Symlinking: /home/allen/rm_ws/install/rm_nav_bringup/share/rm_nav_bringup/config/simulation/fastlio_mid360_sim.yaml
[4.041s] -- Symlinking: /home/allen/rm_ws/install/rm_nav_bringup/share/rm_nav_bringup/config/simulation/icp_registration_sim.yaml
[4.068s] -- Symlinking: /home/allen/rm_ws/install/rm_nav_bringup/share/rm_nav_bringup/config/simulation/mapper_params_localization_sim.yaml
[4.106s] -- Symlinking: /home/allen/rm_ws/install/rm_nav_bringup/share/rm_nav_bringup/config/simulation/mapper_params_online_async_sim.yaml
[4.161s] -- Symlinking: /home/allen/rm_ws/install/rm_nav_bringup/share/rm_nav_bringup/config/simulation/measurement_params_sim.yaml
[4.220s] -- Symlinking: /home/allen/rm_ws/install/rm_nav_bringup/share/rm_nav_bringup/config/simulation/nav2_params_sim.yaml
[4.280s] -- Symlinking: /home/allen/rm_ws/install/rm_nav_bringup/share/rm_nav_bringup/config/simulation/pointlio_mid360_sim.yaml
[4.349s] -- Symlinking: /home/allen/rm_ws/install/rm_nav_bringup/share/rm_nav_bringup/config/simulation/segmentation_sim.yaml
[4.424s] -- Symlinking: /home/allen/rm_ws/install/rm_nav_bringup/share/rm_nav_bringup/map/RMUC.data
[4.460s] -- Symlinking: /home/allen/rm_ws/install/rm_nav_bringup/share/rm_nav_bringup/map/RMUC.pgm
[4.513s] -- Symlinking: /home/allen/rm_ws/install/rm_nav_bringup/share/rm_nav_bringup/map/RMUC.posegraph
[4.542s] -- Symlinking: /home/allen/rm_ws/install/rm_nav_bringup/share/rm_nav_bringup/map/RMUC.yaml
[4.600s] -- Symlinking: /home/allen/rm_ws/install/rm_nav_bringup/share/rm_nav_bringup/map/RMUL.data
[4.666s] -- Symlinking: /home/allen/rm_ws/install/rm_nav_bringup/share/rm_nav_bringup/map/RMUL.pgm
[4.693s] -- Symlinking: /home/allen/rm_ws/install/rm_nav_bringup/share/rm_nav_bringup/map/RMUL.posegraph
[4.720s] -- Symlinking: /home/allen/rm_ws/install/rm_nav_bringup/share/rm_nav_bringup/map/RMUL.yaml
[4.751s] -- Symlinking: /home/allen/rm_ws/install/rm_nav_bringup/share/rm_nav_bringup/PCD/RMUC.pcd
[4.783s] -- Symlinking: /home/allen/rm_ws/install/rm_nav_bringup/share/rm_nav_bringup/PCD/RMUL.pcd
[4.842s] -- Symlinking: /home/allen/rm_ws/install/rm_nav_bringup/share/rm_nav_bringup/rviz/fastlio.rviz
[4.875s] -- Symlinking: /home/allen/rm_ws/install/rm_nav_bringup/share/rm_nav_bringup/rviz/pointlio.rviz
[4.914s] -- Symlinking: /home/allen/rm_ws/install/rm_nav_bringup/share/rm_nav_bringup/urdf/sentry_robot_real.xacro
[4.944s] -- Symlinking: /home/allen/rm_ws/install/rm_nav_bringup/share/rm_nav_bringup/urdf/sentry_robot_sim.xacro
[4.980s] -- Symlinking: /home/allen/rm_ws/install/rm_nav_bringup/share/ament_index/resource_index/package_run_dependencies/rm_nav_bringup
[5.028s] -- Symlinking: /home/allen/rm_ws/install/rm_nav_bringup/share/ament_index/resource_index/parent_prefix_path/rm_nav_bringup
[5.082s] -- Symlinking: /home/allen/rm_ws/install/rm_nav_bringup/share/rm_nav_bringup/environment/ament_prefix_path.sh
[5.144s] -- Symlinking: /home/allen/rm_ws/install/rm_nav_bringup/share/rm_nav_bringup/environment/ament_prefix_path.dsv
[5.217s] -- Symlinking: /home/allen/rm_ws/install/rm_nav_bringup/share/rm_nav_bringup/environment/path.sh
[5.290s] -- Symlinking: /home/allen/rm_ws/install/rm_nav_bringup/share/rm_nav_bringup/environment/path.dsv
[5.364s] -- Symlinking: /home/allen/rm_ws/install/rm_nav_bringup/share/rm_nav_bringup/local_setup.bash
[5.428s] -- Symlinking: /home/allen/rm_ws/install/rm_nav_bringup/share/rm_nav_bringup/local_setup.sh
[5.491s] -- Symlinking: /home/allen/rm_ws/install/rm_nav_bringup/share/rm_nav_bringup/local_setup.zsh
[5.562s] -- Symlinking: /home/allen/rm_ws/install/rm_nav_bringup/share/rm_nav_bringup/local_setup.dsv
[5.609s] -- Symlinking: /home/allen/rm_ws/install/rm_nav_bringup/share/rm_nav_bringup/package.dsv
[5.679s] -- Symlinking: /home/allen/rm_ws/install/rm_nav_bringup/share/ament_index/resource_index/packages/rm_nav_bringup
[5.744s] -- Symlinking: /home/allen/rm_ws/install/rm_nav_bringup/share/rm_nav_bringup/cmake/rm_nav_bringupConfig.cmake
[5.796s] -- Symlinking: /home/allen/rm_ws/install/rm_nav_bringup/share/rm_nav_bringup/cmake/rm_nav_bringupConfig-version.cmake
[5.865s] -- Symlinking: /home/allen/rm_ws/install/rm_nav_bringup/share/rm_nav_bringup/package.xml
[5.917s] Invoked command in '/home/allen/rm_ws/build/rm_nav_bringup' returned '0': CMAKE_PREFIX_PATH=/home/allen/rm_ws/install/teb_local_planner:/home/allen/rm_ws/install/teb_msgs:/home/allen/rm_ws/install/ros2_livox_simulation:/home/allen/rm_ws/install/rmbot2:/home/allen/rm_ws/install/rm_navigation:/home/allen/rm_ws/install/rm_nav_bringup:/home/allen/rm_ws/install/pointcloud_to_laserscan:/home/allen/rm_ws/install/point_lio:/home/allen/rm_ws/install/icp_registration:/home/allen/rm_ws/install/fast_lio:/home/allen/rm_ws/install/livox_ros_driver2:/home/allen/rm_ws/install/linefit_ground_segmentation_ros:/home/allen/rm_ws/install/linefit_ground_segmentation:/home/allen/rm_ws/install/imu_complementary_filter:/home/allen/rm_ws/install/fake_vel_transform:/home/allen/rm_ws/install/costmap_converter:/home/allen/rm_ws/install/costmap_converter_msgs:/home/allen/Robomaster/rm_ws/install/teb_local_planner:/home/allen/Robomaster/rm_ws/install/teb_msgs:/home/allen/Robomaster/rm_ws/install/ros2_livox_simulation:/home/allen/Robomaster/rm_ws/install/rmbot2:/home/allen/Robomaster/rm_ws/install/rm_navigation:/home/allen/Robomaster/rm_ws/install/rm_nav_bringup:/home/allen/Robomaster/rm_ws/install/pointcloud_to_laserscan:/home/allen/Robomaster/rm_ws/install/point_lio:/home/allen/Robomaster/rm_ws/install/icp_registration:/home/allen/Robomaster/rm_ws/install/fast_lio:/home/allen/Robomaster/rm_ws/install/livox_ros_driver2:/home/allen/Robomaster/rm_ws/install/linefit_ground_segmentation_ros:/home/allen/Robomaster/rm_ws/install/linefit_ground_segmentation:/home/allen/Robomaster/rm_ws/install/imu_complementary_filter:/home/allen/Robomaster/rm_ws/install/fake_vel_transform:/home/allen/Robomaster/rm_ws/install/costmap_converter:/home/allen/Robomaster/rm_ws/install/costmap_converter_msgs:/home/allen/capstone/description_ws/install/ur_yt_sim:/home/allen/capstone/description_ws/install/ur10e_description:/home/allen/capstone/description_ws/install/kuka_agilus_support:/home/allen/capstone/description_ws/install/kuka_resources:/opt/ros/humble:/home/allen/capstone/description_ws/install/kuka_kr3_description /usr/bin/cmake --install /home/allen/rm_ws/build/rm_nav_bringup
