[0.107s] Invoking command in '/home/allen/rm_ws/build/rm_navigation': CMAKE_PREFIX_PATH=/home/allen/Robomaster/rm_ws/install/teb_local_planner:/home/allen/Robomaster/rm_ws/install/teb_msgs:/home/allen/Robomaster/rm_ws/install/ros2_livox_simulation:/home/allen/Robomaster/rm_ws/install/rmbot2:/home/allen/Robomaster/rm_ws/install/rm_navigation:/home/allen/Robomaster/rm_ws/install/rm_nav_bringup:/home/allen/Robomaster/rm_ws/install/pointcloud_to_laserscan:/home/allen/Robomaster/rm_ws/install/point_lio:/home/allen/Robomaster/rm_ws/install/icp_registration:/home/allen/Robomaster/rm_ws/install/fast_lio:/home/allen/Robomaster/rm_ws/install/livox_ros_driver2:/home/allen/Robomaster/rm_ws/install/linefit_ground_segmentation_ros:/home/allen/Robomaster/rm_ws/install/linefit_ground_segmentation:/home/allen/Robomaster/rm_ws/install/imu_complementary_filter:/home/allen/Robomaster/rm_ws/install/fake_vel_transform:/home/allen/Robomaster/rm_ws/install/costmap_converter:/home/allen/Robomaster/rm_ws/install/costmap_converter_msgs:/home/allen/capstone/description_ws/install/ur_yt_sim:/home/allen/capstone/description_ws/install/ur10e_description:/home/allen/capstone/description_ws/install/kuka_agilus_support:/home/allen/capstone/description_ws/install/kuka_resources:/opt/ros/humble:/home/allen/capstone/description_ws/install/kuka_kr3_description /usr/bin/cmake /home/allen/rm_ws/src/rm_navigation/rm_navigation -DAMENT_CMAKE_SYMLINK_INSTALL=1 -DCMAKE_INSTALL_PREFIX=/home/allen/rm_ws/install/rm_navigation
[0.555s] -- The C compiler identification is GNU 11.4.0
[1.007s] -- The CXX compiler identification is GNU 11.4.0
[1.048s] -- Detecting C compiler ABI info
[1.683s] -- Detecting C compiler ABI info - done
[1.712s] -- Check for working C compiler: /usr/bin/cc - skipped
[1.714s] -- Detecting C compile features
[1.715s] -- Detecting C compile features - done
[1.725s] -- Detecting CXX compiler ABI info
[2.308s] -- Detecting CXX compiler ABI info - done
[2.336s] -- Check for working CXX compiler: /usr/bin/c++ - skipped
[2.337s] -- Detecting CXX compile features
[2.339s] -- Detecting CXX compile features - done
[2.382s] -- Found ament_cmake_auto: 1.3.12 (/opt/ros/humble/share/ament_cmake_auto/cmake)
[3.365s] -- Found Python3: /usr/bin/python3 (found version "3.10.12") found components: Interpreter 
[3.611s] -- Override CMake install command with custom implementation using symlinks instead of copying resources
[4.159s] -- Found ament_lint_auto: 0.12.14 (/opt/ros/humble/share/ament_lint_auto/cmake)
[4.676s] -- Added test 'flake8' to check Python code syntax and style conventions
[4.685s] -- Added test 'lint_cmake' to check CMake code style
[4.692s] -- Added test 'pep257' to check Python code against some of the docstring style conventions in PEP 257
[4.707s] -- Added test 'xmllint' to check XML markup files
[4.727s] -- Configuring done
[4.747s] -- Generating done
[4.756s] -- Build files have been written to: /home/allen/rm_ws/build/rm_navigation
[4.779s] Invoked command in '/home/allen/rm_ws/build/rm_navigation' returned '0': CMAKE_PREFIX_PATH=/home/allen/Robomaster/rm_ws/install/teb_local_planner:/home/allen/Robomaster/rm_ws/install/teb_msgs:/home/allen/Robomaster/rm_ws/install/ros2_livox_simulation:/home/allen/Robomaster/rm_ws/install/rmbot2:/home/allen/Robomaster/rm_ws/install/rm_navigation:/home/allen/Robomaster/rm_ws/install/rm_nav_bringup:/home/allen/Robomaster/rm_ws/install/pointcloud_to_laserscan:/home/allen/Robomaster/rm_ws/install/point_lio:/home/allen/Robomaster/rm_ws/install/icp_registration:/home/allen/Robomaster/rm_ws/install/fast_lio:/home/allen/Robomaster/rm_ws/install/livox_ros_driver2:/home/allen/Robomaster/rm_ws/install/linefit_ground_segmentation_ros:/home/allen/Robomaster/rm_ws/install/linefit_ground_segmentation:/home/allen/Robomaster/rm_ws/install/imu_complementary_filter:/home/allen/Robomaster/rm_ws/install/fake_vel_transform:/home/allen/Robomaster/rm_ws/install/costmap_converter:/home/allen/Robomaster/rm_ws/install/costmap_converter_msgs:/home/allen/capstone/description_ws/install/ur_yt_sim:/home/allen/capstone/description_ws/install/ur10e_description:/home/allen/capstone/description_ws/install/kuka_agilus_support:/home/allen/capstone/description_ws/install/kuka_resources:/opt/ros/humble:/home/allen/capstone/description_ws/install/kuka_kr3_description /usr/bin/cmake /home/allen/rm_ws/src/rm_navigation/rm_navigation -DAMENT_CMAKE_SYMLINK_INSTALL=1 -DCMAKE_INSTALL_PREFIX=/home/allen/rm_ws/install/rm_navigation
[4.780s] Invoking command in '/home/allen/rm_ws/build/rm_navigation': CMAKE_PREFIX_PATH=/home/allen/Robomaster/rm_ws/install/teb_local_planner:/home/allen/Robomaster/rm_ws/install/teb_msgs:/home/allen/Robomaster/rm_ws/install/ros2_livox_simulation:/home/allen/Robomaster/rm_ws/install/rmbot2:/home/allen/Robomaster/rm_ws/install/rm_navigation:/home/allen/Robomaster/rm_ws/install/rm_nav_bringup:/home/allen/Robomaster/rm_ws/install/pointcloud_to_laserscan:/home/allen/Robomaster/rm_ws/install/point_lio:/home/allen/Robomaster/rm_ws/install/icp_registration:/home/allen/Robomaster/rm_ws/install/fast_lio:/home/allen/Robomaster/rm_ws/install/livox_ros_driver2:/home/allen/Robomaster/rm_ws/install/linefit_ground_segmentation_ros:/home/allen/Robomaster/rm_ws/install/linefit_ground_segmentation:/home/allen/Robomaster/rm_ws/install/imu_complementary_filter:/home/allen/Robomaster/rm_ws/install/fake_vel_transform:/home/allen/Robomaster/rm_ws/install/costmap_converter:/home/allen/Robomaster/rm_ws/install/costmap_converter_msgs:/home/allen/capstone/description_ws/install/ur_yt_sim:/home/allen/capstone/description_ws/install/ur10e_description:/home/allen/capstone/description_ws/install/kuka_agilus_support:/home/allen/capstone/description_ws/install/kuka_resources:/opt/ros/humble:/home/allen/capstone/description_ws/install/kuka_kr3_description /usr/bin/cmake --build /home/allen/rm_ws/build/rm_navigation -- -j2 -l2
[5.171s] Invoked command in '/home/allen/rm_ws/build/rm_navigation' returned '0': CMAKE_PREFIX_PATH=/home/allen/Robomaster/rm_ws/install/teb_local_planner:/home/allen/Robomaster/rm_ws/install/teb_msgs:/home/allen/Robomaster/rm_ws/install/ros2_livox_simulation:/home/allen/Robomaster/rm_ws/install/rmbot2:/home/allen/Robomaster/rm_ws/install/rm_navigation:/home/allen/Robomaster/rm_ws/install/rm_nav_bringup:/home/allen/Robomaster/rm_ws/install/pointcloud_to_laserscan:/home/allen/Robomaster/rm_ws/install/point_lio:/home/allen/Robomaster/rm_ws/install/icp_registration:/home/allen/Robomaster/rm_ws/install/fast_lio:/home/allen/Robomaster/rm_ws/install/livox_ros_driver2:/home/allen/Robomaster/rm_ws/install/linefit_ground_segmentation_ros:/home/allen/Robomaster/rm_ws/install/linefit_ground_segmentation:/home/allen/Robomaster/rm_ws/install/imu_complementary_filter:/home/allen/Robomaster/rm_ws/install/fake_vel_transform:/home/allen/Robomaster/rm_ws/install/costmap_converter:/home/allen/Robomaster/rm_ws/install/costmap_converter_msgs:/home/allen/capstone/description_ws/install/ur_yt_sim:/home/allen/capstone/description_ws/install/ur10e_description:/home/allen/capstone/description_ws/install/kuka_agilus_support:/home/allen/capstone/description_ws/install/kuka_resources:/opt/ros/humble:/home/allen/capstone/description_ws/install/kuka_kr3_description /usr/bin/cmake --build /home/allen/rm_ws/build/rm_navigation -- -j2 -l2
[5.180s] Invoking command in '/home/allen/rm_ws/build/rm_navigation': CMAKE_PREFIX_PATH=/home/allen/Robomaster/rm_ws/install/teb_local_planner:/home/allen/Robomaster/rm_ws/install/teb_msgs:/home/allen/Robomaster/rm_ws/install/ros2_livox_simulation:/home/allen/Robomaster/rm_ws/install/rmbot2:/home/allen/Robomaster/rm_ws/install/rm_navigation:/home/allen/Robomaster/rm_ws/install/rm_nav_bringup:/home/allen/Robomaster/rm_ws/install/pointcloud_to_laserscan:/home/allen/Robomaster/rm_ws/install/point_lio:/home/allen/Robomaster/rm_ws/install/icp_registration:/home/allen/Robomaster/rm_ws/install/fast_lio:/home/allen/Robomaster/rm_ws/install/livox_ros_driver2:/home/allen/Robomaster/rm_ws/install/linefit_ground_segmentation_ros:/home/allen/Robomaster/rm_ws/install/linefit_ground_segmentation:/home/allen/Robomaster/rm_ws/install/imu_complementary_filter:/home/allen/Robomaster/rm_ws/install/fake_vel_transform:/home/allen/Robomaster/rm_ws/install/costmap_converter:/home/allen/Robomaster/rm_ws/install/costmap_converter_msgs:/home/allen/capstone/description_ws/install/ur_yt_sim:/home/allen/capstone/description_ws/install/ur10e_description:/home/allen/capstone/description_ws/install/kuka_agilus_support:/home/allen/capstone/description_ws/install/kuka_resources:/opt/ros/humble:/home/allen/capstone/description_ws/install/kuka_kr3_description /usr/bin/cmake --install /home/allen/rm_ws/build/rm_navigation
[5.323s] -- Install configuration: ""
[5.324s] -- Execute custom install script
[5.328s] -- Symlinking: /home/allen/rm_ws/install/rm_navigation/share/rm_navigation/params/mapper_params_online_async.yaml
[5.417s] -- Symlinking: /home/allen/rm_ws/install/rm_navigation/share/rm_navigation/params/nav2_params.yaml
[5.500s] -- Symlinking: /home/allen/rm_ws/install/rm_navigation/share/rm_navigation/rviz/nav2.rviz
[5.593s] -- Symlinking: /home/allen/rm_ws/install/rm_navigation/share/rm_navigation/launch/bringup_rm_navigation.py
[5.702s] -- Symlinking: /home/allen/rm_ws/install/rm_navigation/share/rm_navigation/launch/localization_amcl_launch.py
[5.773s] -- Symlinking: /home/allen/rm_ws/install/rm_navigation/share/rm_navigation/launch/map_server_launch.py
[5.847s] -- Symlinking: /home/allen/rm_ws/install/rm_navigation/share/rm_navigation/launch/navigation_launch.py
[5.925s] -- Symlinking: /home/allen/rm_ws/install/rm_navigation/share/rm_navigation/launch/rviz_launch.py
[6.020s] -- Symlinking: /home/allen/rm_ws/install/rm_navigation/share/ament_index/resource_index/package_run_dependencies/rm_navigation
[6.112s] -- Symlinking: /home/allen/rm_ws/install/rm_navigation/share/ament_index/resource_index/parent_prefix_path/rm_navigation
[6.209s] -- Symlinking: /home/allen/rm_ws/install/rm_navigation/share/rm_navigation/environment/ament_prefix_path.sh
[6.298s] -- Symlinking: /home/allen/rm_ws/install/rm_navigation/share/rm_navigation/environment/ament_prefix_path.dsv
[6.371s] -- Symlinking: /home/allen/rm_ws/install/rm_navigation/share/rm_navigation/environment/path.sh
[6.483s] -- Symlinking: /home/allen/rm_ws/install/rm_navigation/share/rm_navigation/environment/path.dsv
[6.587s] -- Symlinking: /home/allen/rm_ws/install/rm_navigation/share/rm_navigation/local_setup.bash
[6.655s] -- Symlinking: /home/allen/rm_ws/install/rm_navigation/share/rm_navigation/local_setup.sh
[6.738s] -- Symlinking: /home/allen/rm_ws/install/rm_navigation/share/rm_navigation/local_setup.zsh
[6.838s] -- Symlinking: /home/allen/rm_ws/install/rm_navigation/share/rm_navigation/local_setup.dsv
[6.931s] -- Symlinking: /home/allen/rm_ws/install/rm_navigation/share/rm_navigation/package.dsv
[7.024s] -- Symlinking: /home/allen/rm_ws/install/rm_navigation/share/ament_index/resource_index/packages/rm_navigation
[7.120s] -- Symlinking: /home/allen/rm_ws/install/rm_navigation/share/rm_navigation/cmake/rm_navigationConfig.cmake
[7.214s] -- Symlinking: /home/allen/rm_ws/install/rm_navigation/share/rm_navigation/cmake/rm_navigationConfig-version.cmake
[7.315s] -- Symlinking: /home/allen/rm_ws/install/rm_navigation/share/rm_navigation/package.xml
[7.437s] Invoked command in '/home/allen/rm_ws/build/rm_navigation' returned '0': CMAKE_PREFIX_PATH=/home/allen/Robomaster/rm_ws/install/teb_local_planner:/home/allen/Robomaster/rm_ws/install/teb_msgs:/home/allen/Robomaster/rm_ws/install/ros2_livox_simulation:/home/allen/Robomaster/rm_ws/install/rmbot2:/home/allen/Robomaster/rm_ws/install/rm_navigation:/home/allen/Robomaster/rm_ws/install/rm_nav_bringup:/home/allen/Robomaster/rm_ws/install/pointcloud_to_laserscan:/home/allen/Robomaster/rm_ws/install/point_lio:/home/allen/Robomaster/rm_ws/install/icp_registration:/home/allen/Robomaster/rm_ws/install/fast_lio:/home/allen/Robomaster/rm_ws/install/livox_ros_driver2:/home/allen/Robomaster/rm_ws/install/linefit_ground_segmentation_ros:/home/allen/Robomaster/rm_ws/install/linefit_ground_segmentation:/home/allen/Robomaster/rm_ws/install/imu_complementary_filter:/home/allen/Robomaster/rm_ws/install/fake_vel_transform:/home/allen/Robomaster/rm_ws/install/costmap_converter:/home/allen/Robomaster/rm_ws/install/costmap_converter_msgs:/home/allen/capstone/description_ws/install/ur_yt_sim:/home/allen/capstone/description_ws/install/ur10e_description:/home/allen/capstone/description_ws/install/kuka_agilus_support:/home/allen/capstone/description_ws/install/kuka_resources:/opt/ros/humble:/home/allen/capstone/description_ws/install/kuka_kr3_description /usr/bin/cmake --install /home/allen/rm_ws/build/rm_navigation
