[0.061s] Invoking command in '/home/allen/rm_ws/build/costmap_converter': CMAKE_PREFIX_PATH=/home/allen/rm_ws/install/costmap_converter_msgs:/home/allen/rm_ws/install/teb_local_planner:/home/allen/rm_ws/install/teb_msgs:/home/allen/rm_ws/install/ros2_livox_simulation:/home/allen/rm_ws/install/rmbot2:/home/allen/rm_ws/install/rm_navigation:/home/allen/rm_ws/install/rm_nav_bringup:/home/allen/rm_ws/install/pointcloud_to_laserscan:/home/allen/rm_ws/install/point_lio:/home/allen/rm_ws/install/icp_registration:/home/allen/rm_ws/install/fast_lio:/home/allen/rm_ws/install/livox_ros_driver2:/home/allen/rm_ws/install/linefit_ground_segmentation_ros:/home/allen/rm_ws/install/linefit_ground_segmentation:/home/allen/rm_ws/install/imu_complementary_filter:/home/allen/rm_ws/install/fake_vel_transform:/home/allen/rm_ws/install/costmap_converter:/home/allen/Robomaster/rm_ws/install/teb_local_planner:/home/allen/Robomaster/rm_ws/install/teb_msgs:/home/allen/Robomaster/rm_ws/install/ros2_livox_simulation:/home/allen/Robomaster/rm_ws/install/rmbot2:/home/allen/Robomaster/rm_ws/install/rm_navigation:/home/allen/Robomaster/rm_ws/install/rm_nav_bringup:/home/allen/Robomaster/rm_ws/install/pointcloud_to_laserscan:/home/allen/Robomaster/rm_ws/install/point_lio:/home/allen/Robomaster/rm_ws/install/icp_registration:/home/allen/Robomaster/rm_ws/install/fast_lio:/home/allen/Robomaster/rm_ws/install/livox_ros_driver2:/home/allen/Robomaster/rm_ws/install/linefit_ground_segmentation_ros:/home/allen/Robomaster/rm_ws/install/linefit_ground_segmentation:/home/allen/Robomaster/rm_ws/install/imu_complementary_filter:/home/allen/Robomaster/rm_ws/install/fake_vel_transform:/home/allen/Robomaster/rm_ws/install/costmap_converter:/home/allen/Robomaster/rm_ws/install/costmap_converter_msgs:/home/allen/capstone/description_ws/install/ur_yt_sim:/home/allen/capstone/description_ws/install/ur10e_description:/home/allen/capstone/description_ws/install/kuka_agilus_support:/home/allen/capstone/description_ws/install/kuka_resources:/opt/ros/humble:/home/allen/capstone/description_ws/install/kuka_kr3_description LD_LIBRARY_PATH=/home/allen/rm_ws/install/costmap_converter_msgs/lib:/home/allen/rm_ws/install/teb_local_planner/lib:/home/allen/rm_ws/install/teb_msgs/lib:/home/allen/rm_ws/install/ros2_livox_simulation/lib:/home/allen/rm_ws/install/pointcloud_to_laserscan/lib:/home/allen/rm_ws/install/icp_registration/lib:/home/allen/rm_ws/install/fast_lio/lib:/home/allen/rm_ws/install/livox_ros_driver2/lib:/home/allen/rm_ws/install/linefit_ground_segmentation/lib:/home/allen/rm_ws/install/imu_complementary_filter/lib:/home/allen/rm_ws/install/fake_vel_transform/lib:/home/allen/rm_ws/install/costmap_converter/lib:/home/allen/Robomaster/rm_ws/install/teb_local_planner/lib:/home/allen/Robomaster/rm_ws/install/teb_msgs/lib:/home/allen/Robomaster/rm_ws/install/ros2_livox_simulation/lib:/home/allen/Robomaster/rm_ws/install/pointcloud_to_laserscan/lib:/home/allen/Robomaster/rm_ws/install/icp_registration/lib:/home/allen/Robomaster/rm_ws/install/fast_lio/lib:/home/allen/Robomaster/rm_ws/install/livox_ros_driver2/lib:/home/allen/Robomaster/rm_ws/install/linefit_ground_segmentation/lib:/home/allen/Robomaster/rm_ws/install/imu_complementary_filter/lib:/home/allen/Robomaster/rm_ws/install/fake_vel_transform/lib:/home/allen/Robomaster/rm_ws/install/costmap_converter/lib:/home/allen/Robomaster/rm_ws/install/costmap_converter_msgs/lib:/usr/lib/x86_64-linux-gnu/gazebo-11/plugins:/opt/ros/humble/opt/rviz_ogre_vendor/lib:/opt/ros/humble/lib/x86_64-linux-gnu:/opt/ros/humble/opt/openvdb_vendor/lib:/opt/ros/humble/lib:/usr/local/lib:/usr/local/lib:/usr/local/lib:/usr/local/lib /usr/bin/cmake /home/allen/rm_ws/src/rm_navigation/costmap_converter/costmap_converter -DAMENT_CMAKE_SYMLINK_INSTALL=1 -DCMAKE_INSTALL_PREFIX=/home/allen/rm_ws/install/costmap_converter
[0.244s] -- The C compiler identification is GNU 11.4.0
[0.552s] -- The CXX compiler identification is GNU 11.4.0
[0.602s] -- Detecting C compiler ABI info
[1.121s] -- Detecting C compiler ABI info - done
[1.163s] -- Check for working C compiler: /usr/bin/cc - skipped
[1.166s] -- Detecting C compile features
[1.173s] -- Detecting C compile features - done
[1.188s] -- Detecting CXX compiler ABI info
[1.679s] -- Detecting CXX compiler ABI info - done
[1.719s] -- Check for working CXX compiler: /usr/bin/c++ - skipped
[1.720s] -- Detecting CXX compile features
[1.721s] -- Detecting CXX compile features - done
[1.745s] -- Found ament_cmake: 1.3.12 (/opt/ros/humble/share/ament_cmake/cmake)
[2.436s] -- Found Python3: /usr/bin/python3 (found version "3.10.12") found components: Interpreter 
[2.652s] -- Override CMake install command with custom implementation using symlinks instead of copying resources
[2.889s] -- Found class_loader: 2.2.0 (/opt/ros/humble/share/class_loader/cmake)
[3.058s] -- Found costmap_converter_msgs: 0.1.2 (/home/allen/rm_ws/install/costmap_converter_msgs/share/costmap_converter_msgs/cmake)
[3.223s] -- Found rosidl_generator_c: 3.1.7 (/opt/ros/humble/share/rosidl_generator_c/cmake)
[3.250s] -- Found rosidl_adapter: 3.1.7 (/opt/ros/humble/share/rosidl_adapter/cmake)
[3.275s] -- Found rosidl_generator_cpp: 3.1.7 (/opt/ros/humble/share/rosidl_generator_cpp/cmake)
[3.322s] -- Using all available rosidl_typesupport_c: rosidl_typesupport_fastrtps_c;rosidl_typesupport_introspection_c
[3.397s] -- Using all available rosidl_typesupport_cpp: rosidl_typesupport_fastrtps_cpp;rosidl_typesupport_introspection_cpp
[3.634s] -- Found cv_bridge: 3.2.1 (/opt/ros/humble/share/cv_bridge/cmake)
[3.808s] -- Found nav2_costmap_2d: 1.1.18 (/opt/ros/humble/share/nav2_costmap_2d/cmake)
[4.135s] -- Found rmw_implementation_cmake: 6.1.2 (/opt/ros/humble/share/rmw_implementation_cmake/cmake)
[4.150s] -- Found rmw_cyclonedds_cpp: 1.3.4 (/opt/ros/humble/share/rmw_cyclonedds_cpp/cmake)
[4.241s] -- Using RMW implementation 'rmw_cyclonedds_cpp' as default
[4.293s] -- Looking for pthread.h
[4.760s] -- Looking for pthread.h - found
[4.761s] -- Performing Test CMAKE_HAVE_LIBC_PTHREAD
[5.295s] -- Performing Test CMAKE_HAVE_LIBC_PTHREAD - Success
[5.297s] -- Found Threads: TRUE  
[6.506s] -- Found Eigen3: TRUE (found version "3.4.0") 
[6.506s] -- Ensuring Eigen3 include directory is part of orocos-kdl CMake target
[7.336s] -- Found OpenCV: /usr (found version "4.5.4") 
[7.505s] -- Found ament_cmake_gtest: 1.3.12 (/opt/ros/humble/share/ament_cmake_gtest/cmake)
[7.522s] -- Found gtest sources under '/opt/ros/humble/src/gtest_vendor': C++ tests using 'Google Test' will be built
[7.788s] -- Configuring done
[8.440s] -- Generating done
[8.516s] -- Build files have been written to: /home/allen/rm_ws/build/costmap_converter
[8.563s] Invoked command in '/home/allen/rm_ws/build/costmap_converter' returned '0': CMAKE_PREFIX_PATH=/home/allen/rm_ws/install/costmap_converter_msgs:/home/allen/rm_ws/install/teb_local_planner:/home/allen/rm_ws/install/teb_msgs:/home/allen/rm_ws/install/ros2_livox_simulation:/home/allen/rm_ws/install/rmbot2:/home/allen/rm_ws/install/rm_navigation:/home/allen/rm_ws/install/rm_nav_bringup:/home/allen/rm_ws/install/pointcloud_to_laserscan:/home/allen/rm_ws/install/point_lio:/home/allen/rm_ws/install/icp_registration:/home/allen/rm_ws/install/fast_lio:/home/allen/rm_ws/install/livox_ros_driver2:/home/allen/rm_ws/install/linefit_ground_segmentation_ros:/home/allen/rm_ws/install/linefit_ground_segmentation:/home/allen/rm_ws/install/imu_complementary_filter:/home/allen/rm_ws/install/fake_vel_transform:/home/allen/rm_ws/install/costmap_converter:/home/allen/Robomaster/rm_ws/install/teb_local_planner:/home/allen/Robomaster/rm_ws/install/teb_msgs:/home/allen/Robomaster/rm_ws/install/ros2_livox_simulation:/home/allen/Robomaster/rm_ws/install/rmbot2:/home/allen/Robomaster/rm_ws/install/rm_navigation:/home/allen/Robomaster/rm_ws/install/rm_nav_bringup:/home/allen/Robomaster/rm_ws/install/pointcloud_to_laserscan:/home/allen/Robomaster/rm_ws/install/point_lio:/home/allen/Robomaster/rm_ws/install/icp_registration:/home/allen/Robomaster/rm_ws/install/fast_lio:/home/allen/Robomaster/rm_ws/install/livox_ros_driver2:/home/allen/Robomaster/rm_ws/install/linefit_ground_segmentation_ros:/home/allen/Robomaster/rm_ws/install/linefit_ground_segmentation:/home/allen/Robomaster/rm_ws/install/imu_complementary_filter:/home/allen/Robomaster/rm_ws/install/fake_vel_transform:/home/allen/Robomaster/rm_ws/install/costmap_converter:/home/allen/Robomaster/rm_ws/install/costmap_converter_msgs:/home/allen/capstone/description_ws/install/ur_yt_sim:/home/allen/capstone/description_ws/install/ur10e_description:/home/allen/capstone/description_ws/install/kuka_agilus_support:/home/allen/capstone/description_ws/install/kuka_resources:/opt/ros/humble:/home/allen/capstone/description_ws/install/kuka_kr3_description LD_LIBRARY_PATH=/home/allen/rm_ws/install/costmap_converter_msgs/lib:/home/allen/rm_ws/install/teb_local_planner/lib:/home/allen/rm_ws/install/teb_msgs/lib:/home/allen/rm_ws/install/ros2_livox_simulation/lib:/home/allen/rm_ws/install/pointcloud_to_laserscan/lib:/home/allen/rm_ws/install/icp_registration/lib:/home/allen/rm_ws/install/fast_lio/lib:/home/allen/rm_ws/install/livox_ros_driver2/lib:/home/allen/rm_ws/install/linefit_ground_segmentation/lib:/home/allen/rm_ws/install/imu_complementary_filter/lib:/home/allen/rm_ws/install/fake_vel_transform/lib:/home/allen/rm_ws/install/costmap_converter/lib:/home/allen/Robomaster/rm_ws/install/teb_local_planner/lib:/home/allen/Robomaster/rm_ws/install/teb_msgs/lib:/home/allen/Robomaster/rm_ws/install/ros2_livox_simulation/lib:/home/allen/Robomaster/rm_ws/install/pointcloud_to_laserscan/lib:/home/allen/Robomaster/rm_ws/install/icp_registration/lib:/home/allen/Robomaster/rm_ws/install/fast_lio/lib:/home/allen/Robomaster/rm_ws/install/livox_ros_driver2/lib:/home/allen/Robomaster/rm_ws/install/linefit_ground_segmentation/lib:/home/allen/Robomaster/rm_ws/install/imu_complementary_filter/lib:/home/allen/Robomaster/rm_ws/install/fake_vel_transform/lib:/home/allen/Robomaster/rm_ws/install/costmap_converter/lib:/home/allen/Robomaster/rm_ws/install/costmap_converter_msgs/lib:/usr/lib/x86_64-linux-gnu/gazebo-11/plugins:/opt/ros/humble/opt/rviz_ogre_vendor/lib:/opt/ros/humble/lib/x86_64-linux-gnu:/opt/ros/humble/opt/openvdb_vendor/lib:/opt/ros/humble/lib:/usr/local/lib:/usr/local/lib:/usr/local/lib:/usr/local/lib /usr/bin/cmake /home/allen/rm_ws/src/rm_navigation/costmap_converter/costmap_converter -DAMENT_CMAKE_SYMLINK_INSTALL=1 -DCMAKE_INSTALL_PREFIX=/home/allen/rm_ws/install/costmap_converter
[8.563s] Invoking command in '/home/allen/rm_ws/build/costmap_converter': CMAKE_PREFIX_PATH=/home/allen/rm_ws/install/costmap_converter_msgs:/home/allen/rm_ws/install/teb_local_planner:/home/allen/rm_ws/install/teb_msgs:/home/allen/rm_ws/install/ros2_livox_simulation:/home/allen/rm_ws/install/rmbot2:/home/allen/rm_ws/install/rm_navigation:/home/allen/rm_ws/install/rm_nav_bringup:/home/allen/rm_ws/install/pointcloud_to_laserscan:/home/allen/rm_ws/install/point_lio:/home/allen/rm_ws/install/icp_registration:/home/allen/rm_ws/install/fast_lio:/home/allen/rm_ws/install/livox_ros_driver2:/home/allen/rm_ws/install/linefit_ground_segmentation_ros:/home/allen/rm_ws/install/linefit_ground_segmentation:/home/allen/rm_ws/install/imu_complementary_filter:/home/allen/rm_ws/install/fake_vel_transform:/home/allen/rm_ws/install/costmap_converter:/home/allen/Robomaster/rm_ws/install/teb_local_planner:/home/allen/Robomaster/rm_ws/install/teb_msgs:/home/allen/Robomaster/rm_ws/install/ros2_livox_simulation:/home/allen/Robomaster/rm_ws/install/rmbot2:/home/allen/Robomaster/rm_ws/install/rm_navigation:/home/allen/Robomaster/rm_ws/install/rm_nav_bringup:/home/allen/Robomaster/rm_ws/install/pointcloud_to_laserscan:/home/allen/Robomaster/rm_ws/install/point_lio:/home/allen/Robomaster/rm_ws/install/icp_registration:/home/allen/Robomaster/rm_ws/install/fast_lio:/home/allen/Robomaster/rm_ws/install/livox_ros_driver2:/home/allen/Robomaster/rm_ws/install/linefit_ground_segmentation_ros:/home/allen/Robomaster/rm_ws/install/linefit_ground_segmentation:/home/allen/Robomaster/rm_ws/install/imu_complementary_filter:/home/allen/Robomaster/rm_ws/install/fake_vel_transform:/home/allen/Robomaster/rm_ws/install/costmap_converter:/home/allen/Robomaster/rm_ws/install/costmap_converter_msgs:/home/allen/capstone/description_ws/install/ur_yt_sim:/home/allen/capstone/description_ws/install/ur10e_description:/home/allen/capstone/description_ws/install/kuka_agilus_support:/home/allen/capstone/description_ws/install/kuka_resources:/opt/ros/humble:/home/allen/capstone/description_ws/install/kuka_kr3_description LD_LIBRARY_PATH=/home/allen/rm_ws/install/costmap_converter_msgs/lib:/home/allen/rm_ws/install/teb_local_planner/lib:/home/allen/rm_ws/install/teb_msgs/lib:/home/allen/rm_ws/install/ros2_livox_simulation/lib:/home/allen/rm_ws/install/pointcloud_to_laserscan/lib:/home/allen/rm_ws/install/icp_registration/lib:/home/allen/rm_ws/install/fast_lio/lib:/home/allen/rm_ws/install/livox_ros_driver2/lib:/home/allen/rm_ws/install/linefit_ground_segmentation/lib:/home/allen/rm_ws/install/imu_complementary_filter/lib:/home/allen/rm_ws/install/fake_vel_transform/lib:/home/allen/rm_ws/install/costmap_converter/lib:/home/allen/Robomaster/rm_ws/install/teb_local_planner/lib:/home/allen/Robomaster/rm_ws/install/teb_msgs/lib:/home/allen/Robomaster/rm_ws/install/ros2_livox_simulation/lib:/home/allen/Robomaster/rm_ws/install/pointcloud_to_laserscan/lib:/home/allen/Robomaster/rm_ws/install/icp_registration/lib:/home/allen/Robomaster/rm_ws/install/fast_lio/lib:/home/allen/Robomaster/rm_ws/install/livox_ros_driver2/lib:/home/allen/Robomaster/rm_ws/install/linefit_ground_segmentation/lib:/home/allen/Robomaster/rm_ws/install/imu_complementary_filter/lib:/home/allen/Robomaster/rm_ws/install/fake_vel_transform/lib:/home/allen/Robomaster/rm_ws/install/costmap_converter/lib:/home/allen/Robomaster/rm_ws/install/costmap_converter_msgs/lib:/usr/lib/x86_64-linux-gnu/gazebo-11/plugins:/opt/ros/humble/opt/rviz_ogre_vendor/lib:/opt/ros/humble/lib/x86_64-linux-gnu:/opt/ros/humble/opt/openvdb_vendor/lib:/opt/ros/humble/lib:/usr/local/lib:/usr/local/lib:/usr/local/lib:/usr/local/lib /usr/bin/cmake --build /home/allen/rm_ws/build/costmap_converter -- -j2 -l2
[9.000s] [  5%] [32mBuilding CXX object CMakeFiles/costmap_converter.dir/src/costmap_to_polygons.cpp.o[0m
[34.908s] [ 10%] [32mBuilding CXX object CMakeFiles/costmap_converter.dir/src/costmap_to_polygons_concave.cpp.o[0m
[65.690s] [ 15%] [32mBuilding CXX object CMakeFiles/costmap_converter.dir/src/costmap_to_lines_convex_hull.cpp.o[0m
[89.927s] [ 21%] [32mBuilding CXX object CMakeFiles/costmap_converter.dir/src/costmap_to_lines_ransac.cpp.o[0m
[116.799s] [ 26%] [32mBuilding CXX object CMakeFiles/costmap_converter.dir/src/costmap_to_dynamic_obstacles/costmap_to_dynamic_obstacles.cpp.o[0m
[191.234s] [ 31%] [32mBuilding CXX object CMakeFiles/costmap_converter.dir/src/costmap_to_dynamic_obstacles/background_subtractor.cpp.o[0m
[196.545s] [ 36%] [32mBuilding CXX object CMakeFiles/costmap_converter.dir/src/costmap_to_dynamic_obstacles/blob_detector.cpp.o[0m
[206.632s] [ 42%] [32mBuilding CXX object CMakeFiles/costmap_converter.dir/src/costmap_to_dynamic_obstacles/multitarget_tracker/Ctracker.cpp.o[0m
[214.599s] [ 47%] [32mBuilding CXX object CMakeFiles/costmap_converter.dir/src/costmap_to_dynamic_obstacles/multitarget_tracker/Kalman.cpp.o[0m
[222.628s] [ 52%] [32mBuilding CXX object CMakeFiles/costmap_converter.dir/src/costmap_to_dynamic_obstacles/multitarget_tracker/HungarianAlg.cpp.o[0m
[230.724s] [ 57%] [32m[1mLinking CXX shared library libcostmap_converter.so[0m
[232.568s] [ 57%] Built target costmap_converter
[232.708s] [ 63%] [32mBuilding CXX object gtest/CMakeFiles/gtest_main.dir/src/gtest_main.cc.o[0m
[235.214s] [ 68%] [32m[1mLinking CXX static library libgtest_main.a[0m
[235.482s] [ 68%] Built target gtest_main
[235.645s] [ 73%] [32mBuilding CXX object gtest/CMakeFiles/gtest.dir/src/gtest-all.cc.o[0m
[255.037s] [ 78%] [32m[1mLinking CXX static library libgtest.a[0m
[255.204s] [ 78%] Built target gtest
[255.308s] [ 84%] [32mBuilding CXX object CMakeFiles/standalone_converter.dir/src/costmap_converter_node.cpp.o[0m
[296.548s] [ 89%] [32m[1mLinking CXX executable standalone_converter[0m
[297.264s] [ 89%] Built target standalone_converter
[297.342s] [ 94%] [32mBuilding CXX object CMakeFiles/test_costmap_polygons.dir/test/costmap_polygons.cpp.o[0m
[316.961s] [100%] [32m[1mLinking CXX executable test_costmap_polygons[0m
[318.487s] [100%] Built target test_costmap_polygons
[318.528s] Invoked command in '/home/allen/rm_ws/build/costmap_converter' returned '0': CMAKE_PREFIX_PATH=/home/allen/rm_ws/install/costmap_converter_msgs:/home/allen/rm_ws/install/teb_local_planner:/home/allen/rm_ws/install/teb_msgs:/home/allen/rm_ws/install/ros2_livox_simulation:/home/allen/rm_ws/install/rmbot2:/home/allen/rm_ws/install/rm_navigation:/home/allen/rm_ws/install/rm_nav_bringup:/home/allen/rm_ws/install/pointcloud_to_laserscan:/home/allen/rm_ws/install/point_lio:/home/allen/rm_ws/install/icp_registration:/home/allen/rm_ws/install/fast_lio:/home/allen/rm_ws/install/livox_ros_driver2:/home/allen/rm_ws/install/linefit_ground_segmentation_ros:/home/allen/rm_ws/install/linefit_ground_segmentation:/home/allen/rm_ws/install/imu_complementary_filter:/home/allen/rm_ws/install/fake_vel_transform:/home/allen/rm_ws/install/costmap_converter:/home/allen/Robomaster/rm_ws/install/teb_local_planner:/home/allen/Robomaster/rm_ws/install/teb_msgs:/home/allen/Robomaster/rm_ws/install/ros2_livox_simulation:/home/allen/Robomaster/rm_ws/install/rmbot2:/home/allen/Robomaster/rm_ws/install/rm_navigation:/home/allen/Robomaster/rm_ws/install/rm_nav_bringup:/home/allen/Robomaster/rm_ws/install/pointcloud_to_laserscan:/home/allen/Robomaster/rm_ws/install/point_lio:/home/allen/Robomaster/rm_ws/install/icp_registration:/home/allen/Robomaster/rm_ws/install/fast_lio:/home/allen/Robomaster/rm_ws/install/livox_ros_driver2:/home/allen/Robomaster/rm_ws/install/linefit_ground_segmentation_ros:/home/allen/Robomaster/rm_ws/install/linefit_ground_segmentation:/home/allen/Robomaster/rm_ws/install/imu_complementary_filter:/home/allen/Robomaster/rm_ws/install/fake_vel_transform:/home/allen/Robomaster/rm_ws/install/costmap_converter:/home/allen/Robomaster/rm_ws/install/costmap_converter_msgs:/home/allen/capstone/description_ws/install/ur_yt_sim:/home/allen/capstone/description_ws/install/ur10e_description:/home/allen/capstone/description_ws/install/kuka_agilus_support:/home/allen/capstone/description_ws/install/kuka_resources:/opt/ros/humble:/home/allen/capstone/description_ws/install/kuka_kr3_description LD_LIBRARY_PATH=/home/allen/rm_ws/install/costmap_converter_msgs/lib:/home/allen/rm_ws/install/teb_local_planner/lib:/home/allen/rm_ws/install/teb_msgs/lib:/home/allen/rm_ws/install/ros2_livox_simulation/lib:/home/allen/rm_ws/install/pointcloud_to_laserscan/lib:/home/allen/rm_ws/install/icp_registration/lib:/home/allen/rm_ws/install/fast_lio/lib:/home/allen/rm_ws/install/livox_ros_driver2/lib:/home/allen/rm_ws/install/linefit_ground_segmentation/lib:/home/allen/rm_ws/install/imu_complementary_filter/lib:/home/allen/rm_ws/install/fake_vel_transform/lib:/home/allen/rm_ws/install/costmap_converter/lib:/home/allen/Robomaster/rm_ws/install/teb_local_planner/lib:/home/allen/Robomaster/rm_ws/install/teb_msgs/lib:/home/allen/Robomaster/rm_ws/install/ros2_livox_simulation/lib:/home/allen/Robomaster/rm_ws/install/pointcloud_to_laserscan/lib:/home/allen/Robomaster/rm_ws/install/icp_registration/lib:/home/allen/Robomaster/rm_ws/install/fast_lio/lib:/home/allen/Robomaster/rm_ws/install/livox_ros_driver2/lib:/home/allen/Robomaster/rm_ws/install/linefit_ground_segmentation/lib:/home/allen/Robomaster/rm_ws/install/imu_complementary_filter/lib:/home/allen/Robomaster/rm_ws/install/fake_vel_transform/lib:/home/allen/Robomaster/rm_ws/install/costmap_converter/lib:/home/allen/Robomaster/rm_ws/install/costmap_converter_msgs/lib:/usr/lib/x86_64-linux-gnu/gazebo-11/plugins:/opt/ros/humble/opt/rviz_ogre_vendor/lib:/opt/ros/humble/lib/x86_64-linux-gnu:/opt/ros/humble/opt/openvdb_vendor/lib:/opt/ros/humble/lib:/usr/local/lib:/usr/local/lib:/usr/local/lib:/usr/local/lib /usr/bin/cmake --build /home/allen/rm_ws/build/costmap_converter -- -j2 -l2
[318.533s] Invoking command in '/home/allen/rm_ws/build/costmap_converter': CMAKE_PREFIX_PATH=/home/allen/rm_ws/install/costmap_converter_msgs:/home/allen/rm_ws/install/teb_local_planner:/home/allen/rm_ws/install/teb_msgs:/home/allen/rm_ws/install/ros2_livox_simulation:/home/allen/rm_ws/install/rmbot2:/home/allen/rm_ws/install/rm_navigation:/home/allen/rm_ws/install/rm_nav_bringup:/home/allen/rm_ws/install/pointcloud_to_laserscan:/home/allen/rm_ws/install/point_lio:/home/allen/rm_ws/install/icp_registration:/home/allen/rm_ws/install/fast_lio:/home/allen/rm_ws/install/livox_ros_driver2:/home/allen/rm_ws/install/linefit_ground_segmentation_ros:/home/allen/rm_ws/install/linefit_ground_segmentation:/home/allen/rm_ws/install/imu_complementary_filter:/home/allen/rm_ws/install/fake_vel_transform:/home/allen/rm_ws/install/costmap_converter:/home/allen/Robomaster/rm_ws/install/teb_local_planner:/home/allen/Robomaster/rm_ws/install/teb_msgs:/home/allen/Robomaster/rm_ws/install/ros2_livox_simulation:/home/allen/Robomaster/rm_ws/install/rmbot2:/home/allen/Robomaster/rm_ws/install/rm_navigation:/home/allen/Robomaster/rm_ws/install/rm_nav_bringup:/home/allen/Robomaster/rm_ws/install/pointcloud_to_laserscan:/home/allen/Robomaster/rm_ws/install/point_lio:/home/allen/Robomaster/rm_ws/install/icp_registration:/home/allen/Robomaster/rm_ws/install/fast_lio:/home/allen/Robomaster/rm_ws/install/livox_ros_driver2:/home/allen/Robomaster/rm_ws/install/linefit_ground_segmentation_ros:/home/allen/Robomaster/rm_ws/install/linefit_ground_segmentation:/home/allen/Robomaster/rm_ws/install/imu_complementary_filter:/home/allen/Robomaster/rm_ws/install/fake_vel_transform:/home/allen/Robomaster/rm_ws/install/costmap_converter:/home/allen/Robomaster/rm_ws/install/costmap_converter_msgs:/home/allen/capstone/description_ws/install/ur_yt_sim:/home/allen/capstone/description_ws/install/ur10e_description:/home/allen/capstone/description_ws/install/kuka_agilus_support:/home/allen/capstone/description_ws/install/kuka_resources:/opt/ros/humble:/home/allen/capstone/description_ws/install/kuka_kr3_description LD_LIBRARY_PATH=/home/allen/rm_ws/install/costmap_converter_msgs/lib:/home/allen/rm_ws/install/teb_local_planner/lib:/home/allen/rm_ws/install/teb_msgs/lib:/home/allen/rm_ws/install/ros2_livox_simulation/lib:/home/allen/rm_ws/install/pointcloud_to_laserscan/lib:/home/allen/rm_ws/install/icp_registration/lib:/home/allen/rm_ws/install/fast_lio/lib:/home/allen/rm_ws/install/livox_ros_driver2/lib:/home/allen/rm_ws/install/linefit_ground_segmentation/lib:/home/allen/rm_ws/install/imu_complementary_filter/lib:/home/allen/rm_ws/install/fake_vel_transform/lib:/home/allen/rm_ws/install/costmap_converter/lib:/home/allen/Robomaster/rm_ws/install/teb_local_planner/lib:/home/allen/Robomaster/rm_ws/install/teb_msgs/lib:/home/allen/Robomaster/rm_ws/install/ros2_livox_simulation/lib:/home/allen/Robomaster/rm_ws/install/pointcloud_to_laserscan/lib:/home/allen/Robomaster/rm_ws/install/icp_registration/lib:/home/allen/Robomaster/rm_ws/install/fast_lio/lib:/home/allen/Robomaster/rm_ws/install/livox_ros_driver2/lib:/home/allen/Robomaster/rm_ws/install/linefit_ground_segmentation/lib:/home/allen/Robomaster/rm_ws/install/imu_complementary_filter/lib:/home/allen/Robomaster/rm_ws/install/fake_vel_transform/lib:/home/allen/Robomaster/rm_ws/install/costmap_converter/lib:/home/allen/Robomaster/rm_ws/install/costmap_converter_msgs/lib:/usr/lib/x86_64-linux-gnu/gazebo-11/plugins:/opt/ros/humble/opt/rviz_ogre_vendor/lib:/opt/ros/humble/lib/x86_64-linux-gnu:/opt/ros/humble/opt/openvdb_vendor/lib:/opt/ros/humble/lib:/usr/local/lib:/usr/local/lib:/usr/local/lib:/usr/local/lib /usr/bin/cmake --install /home/allen/rm_ws/build/costmap_converter
[318.562s] -- Install configuration: "Release"
[318.564s] -- Execute custom install script
[318.564s] -- Symlinking: /home/allen/rm_ws/install/costmap_converter/lib/libcostmap_converter.so
[318.607s] -- Symlinking: /home/allen/rm_ws/install/costmap_converter/bin/standalone_converter
[318.634s] -- Symlinking: /home/allen/rm_ws/install/costmap_converter/include//costmap_converter/costmap_converter_interface.h
[318.678s] -- Symlinking: /home/allen/rm_ws/install/costmap_converter/include//costmap_converter/costmap_to_dynamic_obstacles/background_subtractor.h
[318.710s] -- Symlinking: /home/allen/rm_ws/install/costmap_converter/include//costmap_converter/costmap_to_dynamic_obstacles/blob_detector.h
[318.736s] -- Symlinking: /home/allen/rm_ws/install/costmap_converter/include//costmap_converter/costmap_to_dynamic_obstacles/costmap_to_dynamic_obstacles.h
[318.764s] -- Symlinking: /home/allen/rm_ws/install/costmap_converter/include//costmap_converter/costmap_to_dynamic_obstacles/multitarget_tracker/Ctracker.h
[318.800s] -- Symlinking: /home/allen/rm_ws/install/costmap_converter/include//costmap_converter/costmap_to_dynamic_obstacles/multitarget_tracker/HungarianAlg.h
[318.827s] -- Symlinking: /home/allen/rm_ws/install/costmap_converter/include//costmap_converter/costmap_to_dynamic_obstacles/multitarget_tracker/Kalman.h
[318.855s] -- Symlinking: /home/allen/rm_ws/install/costmap_converter/include//costmap_converter/costmap_to_dynamic_obstacles/multitarget_tracker/README.md
[318.887s] -- Symlinking: /home/allen/rm_ws/install/costmap_converter/include//costmap_converter/costmap_to_dynamic_obstacles/multitarget_tracker/defines.h
[318.919s] -- Symlinking: /home/allen/rm_ws/install/costmap_converter/include//costmap_converter/costmap_to_lines_convex_hull.h
[318.943s] -- Symlinking: /home/allen/rm_ws/install/costmap_converter/include//costmap_converter/costmap_to_lines_ransac.h
[318.966s] -- Symlinking: /home/allen/rm_ws/install/costmap_converter/include//costmap_converter/costmap_to_polygons.h
[318.996s] -- Symlinking: /home/allen/rm_ws/install/costmap_converter/include//costmap_converter/costmap_to_polygons_concave.h
[319.021s] -- Symlinking: /home/allen/rm_ws/install/costmap_converter/include//costmap_converter/misc.h
[319.045s] -- Symlinking: /home/allen/rm_ws/install/costmap_converter/share/costmap_converter/environment/library_path.sh
[319.074s] -- Symlinking: /home/allen/rm_ws/install/costmap_converter/share/costmap_converter/environment/library_path.dsv
[319.138s] -- Symlinking: /home/allen/rm_ws/install/costmap_converter/share/costmap_converter//costmap_converter_plugins.xml
[319.194s] -- Symlinking: /home/allen/rm_ws/install/costmap_converter/share/ament_index/resource_index/package_run_dependencies/costmap_converter
[319.232s] -- Symlinking: /home/allen/rm_ws/install/costmap_converter/share/ament_index/resource_index/parent_prefix_path/costmap_converter
[319.276s] -- Symlinking: /home/allen/rm_ws/install/costmap_converter/share/costmap_converter/environment/ament_prefix_path.sh
[319.327s] -- Symlinking: /home/allen/rm_ws/install/costmap_converter/share/costmap_converter/environment/ament_prefix_path.dsv
[319.360s] -- Symlinking: /home/allen/rm_ws/install/costmap_converter/share/costmap_converter/environment/path.sh
[319.399s] -- Symlinking: /home/allen/rm_ws/install/costmap_converter/share/costmap_converter/environment/path.dsv
[319.447s] -- Symlinking: /home/allen/rm_ws/install/costmap_converter/share/costmap_converter/local_setup.bash
[319.494s] -- Symlinking: /home/allen/rm_ws/install/costmap_converter/share/costmap_converter/local_setup.sh
[319.549s] -- Symlinking: /home/allen/rm_ws/install/costmap_converter/share/costmap_converter/local_setup.zsh
[319.607s] -- Symlinking: /home/allen/rm_ws/install/costmap_converter/share/costmap_converter/local_setup.dsv
[319.684s] -- Symlinking: /home/allen/rm_ws/install/costmap_converter/share/costmap_converter/package.dsv
[319.739s] -- Symlinking: /home/allen/rm_ws/install/costmap_converter/share/ament_index/resource_index/packages/costmap_converter
[319.798s] -- Symlinking: /home/allen/rm_ws/install/costmap_converter/share/ament_index/resource_index/costmap_converter__pluginlib__plugin/costmap_converter
[319.855s] -- Symlinking: /home/allen/rm_ws/install/costmap_converter/share/costmap_converter/cmake/ament_cmake_export_include_directories-extras.cmake
[319.905s] -- Symlinking: /home/allen/rm_ws/install/costmap_converter/share/costmap_converter/cmake/ament_cmake_export_libraries-extras.cmake
[319.963s] -- Symlinking: /home/allen/rm_ws/install/costmap_converter/share/costmap_converter/cmake/ament_cmake_export_dependencies-extras.cmake
[320.028s] -- Symlinking: /home/allen/rm_ws/install/costmap_converter/share/costmap_converter/cmake/costmap_converterConfig.cmake
[320.091s] -- Symlinking: /home/allen/rm_ws/install/costmap_converter/share/costmap_converter/cmake/costmap_converterConfig-version.cmake
[320.160s] -- Symlinking: /home/allen/rm_ws/install/costmap_converter/share/costmap_converter/package.xml
[320.233s] Invoked command in '/home/allen/rm_ws/build/costmap_converter' returned '0': CMAKE_PREFIX_PATH=/home/allen/rm_ws/install/costmap_converter_msgs:/home/allen/rm_ws/install/teb_local_planner:/home/allen/rm_ws/install/teb_msgs:/home/allen/rm_ws/install/ros2_livox_simulation:/home/allen/rm_ws/install/rmbot2:/home/allen/rm_ws/install/rm_navigation:/home/allen/rm_ws/install/rm_nav_bringup:/home/allen/rm_ws/install/pointcloud_to_laserscan:/home/allen/rm_ws/install/point_lio:/home/allen/rm_ws/install/icp_registration:/home/allen/rm_ws/install/fast_lio:/home/allen/rm_ws/install/livox_ros_driver2:/home/allen/rm_ws/install/linefit_ground_segmentation_ros:/home/allen/rm_ws/install/linefit_ground_segmentation:/home/allen/rm_ws/install/imu_complementary_filter:/home/allen/rm_ws/install/fake_vel_transform:/home/allen/rm_ws/install/costmap_converter:/home/allen/Robomaster/rm_ws/install/teb_local_planner:/home/allen/Robomaster/rm_ws/install/teb_msgs:/home/allen/Robomaster/rm_ws/install/ros2_livox_simulation:/home/allen/Robomaster/rm_ws/install/rmbot2:/home/allen/Robomaster/rm_ws/install/rm_navigation:/home/allen/Robomaster/rm_ws/install/rm_nav_bringup:/home/allen/Robomaster/rm_ws/install/pointcloud_to_laserscan:/home/allen/Robomaster/rm_ws/install/point_lio:/home/allen/Robomaster/rm_ws/install/icp_registration:/home/allen/Robomaster/rm_ws/install/fast_lio:/home/allen/Robomaster/rm_ws/install/livox_ros_driver2:/home/allen/Robomaster/rm_ws/install/linefit_ground_segmentation_ros:/home/allen/Robomaster/rm_ws/install/linefit_ground_segmentation:/home/allen/Robomaster/rm_ws/install/imu_complementary_filter:/home/allen/Robomaster/rm_ws/install/fake_vel_transform:/home/allen/Robomaster/rm_ws/install/costmap_converter:/home/allen/Robomaster/rm_ws/install/costmap_converter_msgs:/home/allen/capstone/description_ws/install/ur_yt_sim:/home/allen/capstone/description_ws/install/ur10e_description:/home/allen/capstone/description_ws/install/kuka_agilus_support:/home/allen/capstone/description_ws/install/kuka_resources:/opt/ros/humble:/home/allen/capstone/description_ws/install/kuka_kr3_description LD_LIBRARY_PATH=/home/allen/rm_ws/install/costmap_converter_msgs/lib:/home/allen/rm_ws/install/teb_local_planner/lib:/home/allen/rm_ws/install/teb_msgs/lib:/home/allen/rm_ws/install/ros2_livox_simulation/lib:/home/allen/rm_ws/install/pointcloud_to_laserscan/lib:/home/allen/rm_ws/install/icp_registration/lib:/home/allen/rm_ws/install/fast_lio/lib:/home/allen/rm_ws/install/livox_ros_driver2/lib:/home/allen/rm_ws/install/linefit_ground_segmentation/lib:/home/allen/rm_ws/install/imu_complementary_filter/lib:/home/allen/rm_ws/install/fake_vel_transform/lib:/home/allen/rm_ws/install/costmap_converter/lib:/home/allen/Robomaster/rm_ws/install/teb_local_planner/lib:/home/allen/Robomaster/rm_ws/install/teb_msgs/lib:/home/allen/Robomaster/rm_ws/install/ros2_livox_simulation/lib:/home/allen/Robomaster/rm_ws/install/pointcloud_to_laserscan/lib:/home/allen/Robomaster/rm_ws/install/icp_registration/lib:/home/allen/Robomaster/rm_ws/install/fast_lio/lib:/home/allen/Robomaster/rm_ws/install/livox_ros_driver2/lib:/home/allen/Robomaster/rm_ws/install/linefit_ground_segmentation/lib:/home/allen/Robomaster/rm_ws/install/imu_complementary_filter/lib:/home/allen/Robomaster/rm_ws/install/fake_vel_transform/lib:/home/allen/Robomaster/rm_ws/install/costmap_converter/lib:/home/allen/Robomaster/rm_ws/install/costmap_converter_msgs/lib:/usr/lib/x86_64-linux-gnu/gazebo-11/plugins:/opt/ros/humble/opt/rviz_ogre_vendor/lib:/opt/ros/humble/lib/x86_64-linux-gnu:/opt/ros/humble/opt/openvdb_vendor/lib:/opt/ros/humble/lib:/usr/local/lib:/usr/local/lib:/usr/local/lib:/usr/local/lib /usr/bin/cmake --install /home/allen/rm_ws/build/costmap_converter
