[0.155s] Invoking command in '/home/allen/rm_ws/build/point_lio': AMENT_PREFIX_PATH=/home/allen/rm_ws/install/livox_ros_driver2:${AMENT_PREFIX_PATH} CMAKE_PREFIX_PATH=/home/allen/rm_ws/install/livox_ros_driver2:/home/allen/Robomaster/rm_ws/install/teb_local_planner:/home/allen/Robomaster/rm_ws/install/teb_msgs:/home/allen/Robomaster/rm_ws/install/ros2_livox_simulation:/home/allen/Robomaster/rm_ws/install/rmbot2:/home/allen/Robomaster/rm_ws/install/rm_navigation:/home/allen/Robomaster/rm_ws/install/rm_nav_bringup:/home/allen/Robomaster/rm_ws/install/pointcloud_to_laserscan:/home/allen/Robomaster/rm_ws/install/point_lio:/home/allen/Robomaster/rm_ws/install/icp_registration:/home/allen/Robomaster/rm_ws/install/fast_lio:/home/allen/Robomaster/rm_ws/install/livox_ros_driver2:/home/allen/Robomaster/rm_ws/install/linefit_ground_segmentation_ros:/home/allen/Robomaster/rm_ws/install/linefit_ground_segmentation:/home/allen/Robomaster/rm_ws/install/imu_complementary_filter:/home/allen/Robomaster/rm_ws/install/fake_vel_transform:/home/allen/Robomaster/rm_ws/install/costmap_converter:/home/allen/Robomaster/rm_ws/install/costmap_converter_msgs:/home/allen/capstone/description_ws/install/ur_yt_sim:/home/allen/capstone/description_ws/install/ur10e_description:/home/allen/capstone/description_ws/install/kuka_agilus_support:/home/allen/capstone/description_ws/install/kuka_resources:/opt/ros/humble:/home/allen/capstone/description_ws/install/kuka_kr3_description LD_LIBRARY_PATH=/home/allen/rm_ws/install/livox_ros_driver2/lib:/home/allen/Robomaster/rm_ws/install/teb_local_planner/lib:/home/allen/Robomaster/rm_ws/install/teb_msgs/lib:/home/allen/Robomaster/rm_ws/install/ros2_livox_simulation/lib:/home/allen/Robomaster/rm_ws/install/pointcloud_to_laserscan/lib:/home/allen/Robomaster/rm_ws/install/icp_registration/lib:/home/allen/Robomaster/rm_ws/install/fast_lio/lib:/home/allen/Robomaster/rm_ws/install/livox_ros_driver2/lib:/home/allen/Robomaster/rm_ws/install/linefit_ground_segmentation/lib:/home/allen/Robomaster/rm_ws/install/imu_complementary_filter/lib:/home/allen/Robomaster/rm_ws/install/fake_vel_transform/lib:/home/allen/Robomaster/rm_ws/install/costmap_converter/lib:/home/allen/Robomaster/rm_ws/install/costmap_converter_msgs/lib:/usr/lib/x86_64-linux-gnu/gazebo-11/plugins:/opt/ros/humble/opt/rviz_ogre_vendor/lib:/opt/ros/humble/lib/x86_64-linux-gnu:/opt/ros/humble/opt/openvdb_vendor/lib:/opt/ros/humble/lib:/usr/local/lib:/usr/local/lib:/usr/local/lib:/usr/local/lib PYTHONPATH=/home/allen/rm_ws/install/livox_ros_driver2/local/lib/python3.10/dist-packages:${PYTHONPATH} /usr/bin/cmake /home/allen/rm_ws/src/rm_localization/point_lio -DAMENT_CMAKE_SYMLINK_INSTALL=1 -DCMAKE_INSTALL_PREFIX=/home/allen/rm_ws/install/point_lio
[0.686s] -- The C compiler identification is GNU 11.4.0
[1.049s] -- The CXX compiler identification is GNU 11.4.0
[1.099s] -- Detecting C compiler ABI info
[1.678s] -- Detecting C compiler ABI info - done
[1.703s] -- Check for working C compiler: /usr/bin/cc - skipped
[1.705s] -- Detecting C compile features
[1.708s] -- Detecting C compile features - done
[1.721s] -- Detecting CXX compiler ABI info
[2.289s] -- Detecting CXX compiler ABI info - done
[2.311s] -- Check for working CXX compiler: /usr/bin/c++ - skipped
[2.313s] -- Detecting CXX compile features
[2.314s] -- Detecting CXX compile features - done
[2.402s] -- Found ament_cmake: 1.3.12 (/opt/ros/humble/share/ament_cmake/cmake)
[3.298s] -- Found Python3: /usr/bin/python3 (found version "3.10.12") found components: Interpreter 
[3.571s] -- Override CMake install command with custom implementation using symlinks instead of copying resources
[4.124s] -- Found rclcpp: 16.0.15 (/opt/ros/humble/share/rclcpp/cmake)
[4.618s] -- Found rosidl_generator_c: 3.1.7 (/opt/ros/humble/share/rosidl_generator_c/cmake)
[4.682s] -- Found rosidl_adapter: 3.1.7 (/opt/ros/humble/share/rosidl_adapter/cmake)
[4.788s] -- Found rosidl_generator_cpp: 3.1.7 (/opt/ros/humble/share/rosidl_generator_cpp/cmake)
[4.909s] -- Using all available rosidl_typesupport_c: rosidl_typesupport_fastrtps_c;rosidl_typesupport_introspection_c
[5.149s] -- Using all available rosidl_typesupport_cpp: rosidl_typesupport_fastrtps_cpp;rosidl_typesupport_introspection_cpp
[5.661s] -- Found rmw_implementation_cmake: 6.1.2 (/opt/ros/humble/share/rmw_implementation_cmake/cmake)
[5.698s] -- Found rmw_cyclonedds_cpp: 1.3.4 (/opt/ros/humble/share/rmw_cyclonedds_cpp/cmake)
[6.247s] -- Using RMW implementation 'rmw_cyclonedds_cpp' as default
[6.705s] -- Looking for pthread.h
[9.264s] -- Looking for pthread.h - found
[9.268s] -- Performing Test CMAKE_HAVE_LIBC_PTHREAD
[12.129s] -- Performing Test CMAKE_HAVE_LIBC_PTHREAD - Success
[12.144s] -- Found Threads: TRUE  
[13.721s] -- Found rclpy: 3.3.17 (/opt/ros/humble/share/rclpy/cmake)
[13.877s] -- Found geometry_msgs: 4.9.0 (/opt/ros/humble/share/geometry_msgs/cmake)
[14.149s] -- Found nav_msgs: 4.9.0 (/opt/ros/humble/share/nav_msgs/cmake)
[14.443s] -- Found sensor_msgs: 4.9.0 (/opt/ros/humble/share/sensor_msgs/cmake)
[14.955s] -- Found visualization_msgs: 4.9.0 (/opt/ros/humble/share/visualization_msgs/cmake)
[15.260s] -- Found pcl_ros: 2.4.5 (/opt/ros/humble/share/pcl_ros/cmake)
[16.229s] -- Checking for module 'eigen3'
[16.652s] --   Found eigen3, version 3.4.0
[17.347s] -- Found Eigen: /usr/include/eigen3 (Required is at least version "3.1") 
[17.351s] -- Eigen found (include: /usr/include/eigen3, version: 3.4.0)
[18.186s] -- Checking for module 'flann'
[18.328s] --   Found flann, version 1.9.1
[19.253s] -- Found FLANN: /usr/lib/x86_64-linux-gnu/libflann_cpp.so  
[19.259s] -- FLANN found (include: /usr/include, lib: /usr/lib/x86_64-linux-gnu/libflann_cpp.so)
[32.027s] -- Checking for module 'libusb-1.0'
[32.260s] --   Found libusb-1.0, version 1.0.25
[32.711s] -- Found libusb: /usr/lib/x86_64-linux-gnu/libusb-1.0.so  
[32.715s] -- OpenNI found (version: 1.5.4.0, include: /usr/include/ni, lib: /usr/lib/libOpenNI.so;libusb::libusb)
[33.346s] -- OpenNI2 found (version: 2.2.0.33, include: /usr/include/openni2, lib: /usr/lib/x86_64-linux-gnu/libOpenNI2.so;libusb::libusb)
[34.071s] -- Eigen found (include: /usr/include/eigen3, version: 3.4.0)
[34.148s] -- OpenNI found (version: 1.5.4.0, include: /usr/include/ni, lib: /usr/lib/libOpenNI.so;libusb::libusb)
[34.201s] -- OpenNI2 found (version: 2.2.0.33, include: /usr/include/openni2, lib: /usr/lib/x86_64-linux-gnu/libOpenNI2.so;libusb::libusb)
[35.085s] -- Found Qhull version 8.0.2
[35.829s] -- OpenNI found (version: 1.5.4.0, include: /usr/include/ni, lib: /usr/lib/libOpenNI.so;libusb::libusb)
[36.777s] -- Found PCL_COMMON: /usr/lib/x86_64-linux-gnu/libpcl_common.so  
[36.782s] -- Found PCL_KDTREE: /usr/lib/x86_64-linux-gnu/libpcl_kdtree.so  
[36.786s] -- Found PCL_OCTREE: /usr/lib/x86_64-linux-gnu/libpcl_octree.so  
[36.798s] -- Found PCL_SEARCH: /usr/lib/x86_64-linux-gnu/libpcl_search.so  
[36.803s] -- Found PCL_SAMPLE_CONSENSUS: /usr/lib/x86_64-linux-gnu/libpcl_sample_consensus.so  
[36.812s] -- Found PCL_FILTERS: /usr/lib/x86_64-linux-gnu/libpcl_filters.so  
[36.813s] -- Found PCL_2D: /usr/include/pcl-1.12  
[36.816s] -- Found PCL_GEOMETRY: /usr/include/pcl-1.12  
[36.824s] -- Found PCL_IO: /usr/lib/x86_64-linux-gnu/libpcl_io.so  
[36.828s] -- Found PCL_FEATURES: /usr/lib/x86_64-linux-gnu/libpcl_features.so  
[36.836s] -- Found PCL_ML: /usr/lib/x86_64-linux-gnu/libpcl_ml.so  
[36.843s] -- Found PCL_SEGMENTATION: /usr/lib/x86_64-linux-gnu/libpcl_segmentation.so  
[36.850s] -- Found PCL_VISUALIZATION: /usr/lib/x86_64-linux-gnu/libpcl_visualization.so  
[36.856s] -- Found PCL_SURFACE: /usr/lib/x86_64-linux-gnu/libpcl_surface.so  
[36.861s] -- Found PCL_REGISTRATION: /usr/lib/x86_64-linux-gnu/libpcl_registration.so  
[36.868s] -- Found PCL_KEYPOINTS: /usr/lib/x86_64-linux-gnu/libpcl_keypoints.so  
[36.875s] -- Found PCL_TRACKING: /usr/lib/x86_64-linux-gnu/libpcl_tracking.so  
[36.878s] -- Found PCL_RECOGNITION: /usr/lib/x86_64-linux-gnu/libpcl_recognition.so  
[36.883s] -- Found PCL_STEREO: /usr/lib/x86_64-linux-gnu/libpcl_stereo.so  
[36.888s] -- Found PCL_APPS: /usr/lib/x86_64-linux-gnu/libpcl_apps.so  
[36.893s] -- Found PCL_IN_HAND_SCANNER: /usr/include/pcl-1.12  
[36.896s] -- Found PCL_MODELER: /usr/include/pcl-1.12  
[36.900s] -- Found PCL_POINT_CLOUD_EDITOR: /usr/include/pcl-1.12  
[36.905s] -- Found PCL_OUTOFCORE: /usr/lib/x86_64-linux-gnu/libpcl_outofcore.so  
[36.910s] -- Found PCL_PEOPLE: /usr/lib/x86_64-linux-gnu/libpcl_people.so  
[37.300s] -- Found eigen3_cmake_module: 0.1.1 (/opt/ros/humble/share/eigen3_cmake_module/cmake)
[37.307s] -- Found Eigen3: TRUE (found version "3.4.0") 
[37.311s] -- Ensuring Eigen3 include directory is part of orocos-kdl CMake target
[37.942s] -- Found livox_ros_driver2: 1.0.0 (/home/allen/rm_ws/install/livox_ros_driver2/share/livox_ros_driver2/cmake)
[40.998s] -- Found PythonLibs: /usr/lib/x86_64-linux-gnu/libpython3.10.so (found version "3.10.12") 
[41.559s] -- Configuring done
[42.196s] -- Generating done
[42.303s] -- Build files have been written to: /home/allen/rm_ws/build/point_lio
[42.391s] Invoked command in '/home/allen/rm_ws/build/point_lio' returned '0': AMENT_PREFIX_PATH=/home/allen/rm_ws/install/livox_ros_driver2:${AMENT_PREFIX_PATH} CMAKE_PREFIX_PATH=/home/allen/rm_ws/install/livox_ros_driver2:/home/allen/Robomaster/rm_ws/install/teb_local_planner:/home/allen/Robomaster/rm_ws/install/teb_msgs:/home/allen/Robomaster/rm_ws/install/ros2_livox_simulation:/home/allen/Robomaster/rm_ws/install/rmbot2:/home/allen/Robomaster/rm_ws/install/rm_navigation:/home/allen/Robomaster/rm_ws/install/rm_nav_bringup:/home/allen/Robomaster/rm_ws/install/pointcloud_to_laserscan:/home/allen/Robomaster/rm_ws/install/point_lio:/home/allen/Robomaster/rm_ws/install/icp_registration:/home/allen/Robomaster/rm_ws/install/fast_lio:/home/allen/Robomaster/rm_ws/install/livox_ros_driver2:/home/allen/Robomaster/rm_ws/install/linefit_ground_segmentation_ros:/home/allen/Robomaster/rm_ws/install/linefit_ground_segmentation:/home/allen/Robomaster/rm_ws/install/imu_complementary_filter:/home/allen/Robomaster/rm_ws/install/fake_vel_transform:/home/allen/Robomaster/rm_ws/install/costmap_converter:/home/allen/Robomaster/rm_ws/install/costmap_converter_msgs:/home/allen/capstone/description_ws/install/ur_yt_sim:/home/allen/capstone/description_ws/install/ur10e_description:/home/allen/capstone/description_ws/install/kuka_agilus_support:/home/allen/capstone/description_ws/install/kuka_resources:/opt/ros/humble:/home/allen/capstone/description_ws/install/kuka_kr3_description LD_LIBRARY_PATH=/home/allen/rm_ws/install/livox_ros_driver2/lib:/home/allen/Robomaster/rm_ws/install/teb_local_planner/lib:/home/allen/Robomaster/rm_ws/install/teb_msgs/lib:/home/allen/Robomaster/rm_ws/install/ros2_livox_simulation/lib:/home/allen/Robomaster/rm_ws/install/pointcloud_to_laserscan/lib:/home/allen/Robomaster/rm_ws/install/icp_registration/lib:/home/allen/Robomaster/rm_ws/install/fast_lio/lib:/home/allen/Robomaster/rm_ws/install/livox_ros_driver2/lib:/home/allen/Robomaster/rm_ws/install/linefit_ground_segmentation/lib:/home/allen/Robomaster/rm_ws/install/imu_complementary_filter/lib:/home/allen/Robomaster/rm_ws/install/fake_vel_transform/lib:/home/allen/Robomaster/rm_ws/install/costmap_converter/lib:/home/allen/Robomaster/rm_ws/install/costmap_converter_msgs/lib:/usr/lib/x86_64-linux-gnu/gazebo-11/plugins:/opt/ros/humble/opt/rviz_ogre_vendor/lib:/opt/ros/humble/lib/x86_64-linux-gnu:/opt/ros/humble/opt/openvdb_vendor/lib:/opt/ros/humble/lib:/usr/local/lib:/usr/local/lib:/usr/local/lib:/usr/local/lib PYTHONPATH=/home/allen/rm_ws/install/livox_ros_driver2/local/lib/python3.10/dist-packages:${PYTHONPATH} /usr/bin/cmake /home/allen/rm_ws/src/rm_localization/point_lio -DAMENT_CMAKE_SYMLINK_INSTALL=1 -DCMAKE_INSTALL_PREFIX=/home/allen/rm_ws/install/point_lio
[42.402s] Invoking command in '/home/allen/rm_ws/build/point_lio': AMENT_PREFIX_PATH=/home/allen/rm_ws/install/livox_ros_driver2:${AMENT_PREFIX_PATH} CMAKE_PREFIX_PATH=/home/allen/rm_ws/install/livox_ros_driver2:/home/allen/Robomaster/rm_ws/install/teb_local_planner:/home/allen/Robomaster/rm_ws/install/teb_msgs:/home/allen/Robomaster/rm_ws/install/ros2_livox_simulation:/home/allen/Robomaster/rm_ws/install/rmbot2:/home/allen/Robomaster/rm_ws/install/rm_navigation:/home/allen/Robomaster/rm_ws/install/rm_nav_bringup:/home/allen/Robomaster/rm_ws/install/pointcloud_to_laserscan:/home/allen/Robomaster/rm_ws/install/point_lio:/home/allen/Robomaster/rm_ws/install/icp_registration:/home/allen/Robomaster/rm_ws/install/fast_lio:/home/allen/Robomaster/rm_ws/install/livox_ros_driver2:/home/allen/Robomaster/rm_ws/install/linefit_ground_segmentation_ros:/home/allen/Robomaster/rm_ws/install/linefit_ground_segmentation:/home/allen/Robomaster/rm_ws/install/imu_complementary_filter:/home/allen/Robomaster/rm_ws/install/fake_vel_transform:/home/allen/Robomaster/rm_ws/install/costmap_converter:/home/allen/Robomaster/rm_ws/install/costmap_converter_msgs:/home/allen/capstone/description_ws/install/ur_yt_sim:/home/allen/capstone/description_ws/install/ur10e_description:/home/allen/capstone/description_ws/install/kuka_agilus_support:/home/allen/capstone/description_ws/install/kuka_resources:/opt/ros/humble:/home/allen/capstone/description_ws/install/kuka_kr3_description LD_LIBRARY_PATH=/home/allen/rm_ws/install/livox_ros_driver2/lib:/home/allen/Robomaster/rm_ws/install/teb_local_planner/lib:/home/allen/Robomaster/rm_ws/install/teb_msgs/lib:/home/allen/Robomaster/rm_ws/install/ros2_livox_simulation/lib:/home/allen/Robomaster/rm_ws/install/pointcloud_to_laserscan/lib:/home/allen/Robomaster/rm_ws/install/icp_registration/lib:/home/allen/Robomaster/rm_ws/install/fast_lio/lib:/home/allen/Robomaster/rm_ws/install/livox_ros_driver2/lib:/home/allen/Robomaster/rm_ws/install/linefit_ground_segmentation/lib:/home/allen/Robomaster/rm_ws/install/imu_complementary_filter/lib:/home/allen/Robomaster/rm_ws/install/fake_vel_transform/lib:/home/allen/Robomaster/rm_ws/install/costmap_converter/lib:/home/allen/Robomaster/rm_ws/install/costmap_converter_msgs/lib:/usr/lib/x86_64-linux-gnu/gazebo-11/plugins:/opt/ros/humble/opt/rviz_ogre_vendor/lib:/opt/ros/humble/lib/x86_64-linux-gnu:/opt/ros/humble/opt/openvdb_vendor/lib:/opt/ros/humble/lib:/usr/local/lib:/usr/local/lib:/usr/local/lib:/usr/local/lib PYTHONPATH=/home/allen/rm_ws/install/livox_ros_driver2/local/lib/python3.10/dist-packages:${PYTHONPATH} /usr/bin/cmake --build /home/allen/rm_ws/build/point_lio -- -j2 -l2
[42.962s] [ 14%] [32mBuilding CXX object CMakeFiles/pointlio_mapping.dir/src/laserMapping.cpp.o[0m
[237.066s] [ 28%] [32mBuilding CXX object CMakeFiles/pointlio_mapping.dir/src/li_initialization.cpp.o[0m
[288.556s] [ 42%] [32mBuilding CXX object CMakeFiles/pointlio_mapping.dir/src/parameters.cpp.o[0m
[342.772s] [ 57%] [32mBuilding CXX object CMakeFiles/pointlio_mapping.dir/src/preprocess.cpp.o[0m
[377.294s] [ 71%] [32mBuilding CXX object CMakeFiles/pointlio_mapping.dir/src/Estimator.cpp.o[0m
[454.569s] [ 85%] [32mBuilding CXX object CMakeFiles/pointlio_mapping.dir/src/IMU_Processing.cpp.o[0m
[499.412s] [100%] [32m[1mLinking CXX executable pointlio_mapping[0m
[503.712s] [100%] Built target pointlio_mapping
[503.804s] Invoked command in '/home/allen/rm_ws/build/point_lio' returned '0': AMENT_PREFIX_PATH=/home/allen/rm_ws/install/livox_ros_driver2:${AMENT_PREFIX_PATH} CMAKE_PREFIX_PATH=/home/allen/rm_ws/install/livox_ros_driver2:/home/allen/Robomaster/rm_ws/install/teb_local_planner:/home/allen/Robomaster/rm_ws/install/teb_msgs:/home/allen/Robomaster/rm_ws/install/ros2_livox_simulation:/home/allen/Robomaster/rm_ws/install/rmbot2:/home/allen/Robomaster/rm_ws/install/rm_navigation:/home/allen/Robomaster/rm_ws/install/rm_nav_bringup:/home/allen/Robomaster/rm_ws/install/pointcloud_to_laserscan:/home/allen/Robomaster/rm_ws/install/point_lio:/home/allen/Robomaster/rm_ws/install/icp_registration:/home/allen/Robomaster/rm_ws/install/fast_lio:/home/allen/Robomaster/rm_ws/install/livox_ros_driver2:/home/allen/Robomaster/rm_ws/install/linefit_ground_segmentation_ros:/home/allen/Robomaster/rm_ws/install/linefit_ground_segmentation:/home/allen/Robomaster/rm_ws/install/imu_complementary_filter:/home/allen/Robomaster/rm_ws/install/fake_vel_transform:/home/allen/Robomaster/rm_ws/install/costmap_converter:/home/allen/Robomaster/rm_ws/install/costmap_converter_msgs:/home/allen/capstone/description_ws/install/ur_yt_sim:/home/allen/capstone/description_ws/install/ur10e_description:/home/allen/capstone/description_ws/install/kuka_agilus_support:/home/allen/capstone/description_ws/install/kuka_resources:/opt/ros/humble:/home/allen/capstone/description_ws/install/kuka_kr3_description LD_LIBRARY_PATH=/home/allen/rm_ws/install/livox_ros_driver2/lib:/home/allen/Robomaster/rm_ws/install/teb_local_planner/lib:/home/allen/Robomaster/rm_ws/install/teb_msgs/lib:/home/allen/Robomaster/rm_ws/install/ros2_livox_simulation/lib:/home/allen/Robomaster/rm_ws/install/pointcloud_to_laserscan/lib:/home/allen/Robomaster/rm_ws/install/icp_registration/lib:/home/allen/Robomaster/rm_ws/install/fast_lio/lib:/home/allen/Robomaster/rm_ws/install/livox_ros_driver2/lib:/home/allen/Robomaster/rm_ws/install/linefit_ground_segmentation/lib:/home/allen/Robomaster/rm_ws/install/imu_complementary_filter/lib:/home/allen/Robomaster/rm_ws/install/fake_vel_transform/lib:/home/allen/Robomaster/rm_ws/install/costmap_converter/lib:/home/allen/Robomaster/rm_ws/install/costmap_converter_msgs/lib:/usr/lib/x86_64-linux-gnu/gazebo-11/plugins:/opt/ros/humble/opt/rviz_ogre_vendor/lib:/opt/ros/humble/lib/x86_64-linux-gnu:/opt/ros/humble/opt/openvdb_vendor/lib:/opt/ros/humble/lib:/usr/local/lib:/usr/local/lib:/usr/local/lib:/usr/local/lib PYTHONPATH=/home/allen/rm_ws/install/livox_ros_driver2/local/lib/python3.10/dist-packages:${PYTHONPATH} /usr/bin/cmake --build /home/allen/rm_ws/build/point_lio -- -j2 -l2
[503.805s] Invoking command in '/home/allen/rm_ws/build/point_lio': AMENT_PREFIX_PATH=/home/allen/rm_ws/install/livox_ros_driver2:${AMENT_PREFIX_PATH} CMAKE_PREFIX_PATH=/home/allen/rm_ws/install/livox_ros_driver2:/home/allen/Robomaster/rm_ws/install/teb_local_planner:/home/allen/Robomaster/rm_ws/install/teb_msgs:/home/allen/Robomaster/rm_ws/install/ros2_livox_simulation:/home/allen/Robomaster/rm_ws/install/rmbot2:/home/allen/Robomaster/rm_ws/install/rm_navigation:/home/allen/Robomaster/rm_ws/install/rm_nav_bringup:/home/allen/Robomaster/rm_ws/install/pointcloud_to_laserscan:/home/allen/Robomaster/rm_ws/install/point_lio:/home/allen/Robomaster/rm_ws/install/icp_registration:/home/allen/Robomaster/rm_ws/install/fast_lio:/home/allen/Robomaster/rm_ws/install/livox_ros_driver2:/home/allen/Robomaster/rm_ws/install/linefit_ground_segmentation_ros:/home/allen/Robomaster/rm_ws/install/linefit_ground_segmentation:/home/allen/Robomaster/rm_ws/install/imu_complementary_filter:/home/allen/Robomaster/rm_ws/install/fake_vel_transform:/home/allen/Robomaster/rm_ws/install/costmap_converter:/home/allen/Robomaster/rm_ws/install/costmap_converter_msgs:/home/allen/capstone/description_ws/install/ur_yt_sim:/home/allen/capstone/description_ws/install/ur10e_description:/home/allen/capstone/description_ws/install/kuka_agilus_support:/home/allen/capstone/description_ws/install/kuka_resources:/opt/ros/humble:/home/allen/capstone/description_ws/install/kuka_kr3_description LD_LIBRARY_PATH=/home/allen/rm_ws/install/livox_ros_driver2/lib:/home/allen/Robomaster/rm_ws/install/teb_local_planner/lib:/home/allen/Robomaster/rm_ws/install/teb_msgs/lib:/home/allen/Robomaster/rm_ws/install/ros2_livox_simulation/lib:/home/allen/Robomaster/rm_ws/install/pointcloud_to_laserscan/lib:/home/allen/Robomaster/rm_ws/install/icp_registration/lib:/home/allen/Robomaster/rm_ws/install/fast_lio/lib:/home/allen/Robomaster/rm_ws/install/livox_ros_driver2/lib:/home/allen/Robomaster/rm_ws/install/linefit_ground_segmentation/lib:/home/allen/Robomaster/rm_ws/install/imu_complementary_filter/lib:/home/allen/Robomaster/rm_ws/install/fake_vel_transform/lib:/home/allen/Robomaster/rm_ws/install/costmap_converter/lib:/home/allen/Robomaster/rm_ws/install/costmap_converter_msgs/lib:/usr/lib/x86_64-linux-gnu/gazebo-11/plugins:/opt/ros/humble/opt/rviz_ogre_vendor/lib:/opt/ros/humble/lib/x86_64-linux-gnu:/opt/ros/humble/opt/openvdb_vendor/lib:/opt/ros/humble/lib:/usr/local/lib:/usr/local/lib:/usr/local/lib:/usr/local/lib PYTHONPATH=/home/allen/rm_ws/install/livox_ros_driver2/local/lib/python3.10/dist-packages:${PYTHONPATH} /usr/bin/cmake --install /home/allen/rm_ws/build/point_lio
[503.880s] -- Install configuration: "Release"
[503.882s] -- Execute custom install script
[503.886s] -- Symlinking: /home/allen/rm_ws/install/point_lio/lib/point_lio/pointlio_mapping
[503.952s] -- Symlinking: /home/allen/rm_ws/install/point_lio/share/point_lio/config/avia.yaml
[504.046s] -- Symlinking: /home/allen/rm_ws/install/point_lio/share/point_lio/config/horizon.yaml
[504.137s] -- Symlinking: /home/allen/rm_ws/install/point_lio/share/point_lio/config/mid360.yaml
[504.218s] -- Symlinking: /home/allen/rm_ws/install/point_lio/share/point_lio/config/ouster64.yaml
[504.301s] -- Symlinking: /home/allen/rm_ws/install/point_lio/share/point_lio/config/velody16.yaml
[504.383s] -- Symlinking: /home/allen/rm_ws/install/point_lio/share/point_lio/launch/gdb_debug_example.launch.py
[504.470s] -- Symlinking: /home/allen/rm_ws/install/point_lio/share/point_lio/launch/mapping_avia.launch.py
[504.583s] -- Symlinking: /home/allen/rm_ws/install/point_lio/share/point_lio/launch/mapping_horizon.launch.py
[504.660s] -- Symlinking: /home/allen/rm_ws/install/point_lio/share/point_lio/launch/mapping_mid360.launch.py
[504.839s] -- Symlinking: /home/allen/rm_ws/install/point_lio/share/point_lio/launch/mapping_ouster64.launch.py
[504.907s] -- Symlinking: /home/allen/rm_ws/install/point_lio/share/point_lio/launch/mapping_velody16.launch.py
[505.022s] -- Symlinking: /home/allen/rm_ws/install/point_lio/share/point_lio/rviz_cfg/.gitignore
[505.114s] -- Symlinking: /home/allen/rm_ws/install/point_lio/share/point_lio/rviz_cfg/loam_livox.rviz
[505.182s] -- Symlinking: /home/allen/rm_ws/install/point_lio/share/ament_index/resource_index/package_run_dependencies/point_lio
[505.282s] -- Symlinking: /home/allen/rm_ws/install/point_lio/share/ament_index/resource_index/parent_prefix_path/point_lio
[505.369s] -- Symlinking: /home/allen/rm_ws/install/point_lio/share/point_lio/environment/ament_prefix_path.sh
[505.456s] -- Symlinking: /home/allen/rm_ws/install/point_lio/share/point_lio/environment/ament_prefix_path.dsv
[505.549s] -- Symlinking: /home/allen/rm_ws/install/point_lio/share/point_lio/environment/path.sh
[505.651s] -- Symlinking: /home/allen/rm_ws/install/point_lio/share/point_lio/environment/path.dsv
[505.754s] -- Symlinking: /home/allen/rm_ws/install/point_lio/share/point_lio/local_setup.bash
[505.851s] -- Symlinking: /home/allen/rm_ws/install/point_lio/share/point_lio/local_setup.sh
[505.918s] -- Symlinking: /home/allen/rm_ws/install/point_lio/share/point_lio/local_setup.zsh
[506.029s] -- Symlinking: /home/allen/rm_ws/install/point_lio/share/point_lio/local_setup.dsv
[506.120s] -- Symlinking: /home/allen/rm_ws/install/point_lio/share/point_lio/package.dsv
[506.235s] -- Symlinking: /home/allen/rm_ws/install/point_lio/share/ament_index/resource_index/packages/point_lio
[506.311s] -- Symlinking: /home/allen/rm_ws/install/point_lio/share/point_lio/cmake/ament_cmake_export_dependencies-extras.cmake
[506.403s] -- Symlinking: /home/allen/rm_ws/install/point_lio/share/point_lio/cmake/point_lioConfig.cmake
[506.484s] -- Symlinking: /home/allen/rm_ws/install/point_lio/share/point_lio/cmake/point_lioConfig-version.cmake
[506.567s] -- Symlinking: /home/allen/rm_ws/install/point_lio/share/point_lio/package.xml
[506.662s] Invoked command in '/home/allen/rm_ws/build/point_lio' returned '0': AMENT_PREFIX_PATH=/home/allen/rm_ws/install/livox_ros_driver2:${AMENT_PREFIX_PATH} CMAKE_PREFIX_PATH=/home/allen/rm_ws/install/livox_ros_driver2:/home/allen/Robomaster/rm_ws/install/teb_local_planner:/home/allen/Robomaster/rm_ws/install/teb_msgs:/home/allen/Robomaster/rm_ws/install/ros2_livox_simulation:/home/allen/Robomaster/rm_ws/install/rmbot2:/home/allen/Robomaster/rm_ws/install/rm_navigation:/home/allen/Robomaster/rm_ws/install/rm_nav_bringup:/home/allen/Robomaster/rm_ws/install/pointcloud_to_laserscan:/home/allen/Robomaster/rm_ws/install/point_lio:/home/allen/Robomaster/rm_ws/install/icp_registration:/home/allen/Robomaster/rm_ws/install/fast_lio:/home/allen/Robomaster/rm_ws/install/livox_ros_driver2:/home/allen/Robomaster/rm_ws/install/linefit_ground_segmentation_ros:/home/allen/Robomaster/rm_ws/install/linefit_ground_segmentation:/home/allen/Robomaster/rm_ws/install/imu_complementary_filter:/home/allen/Robomaster/rm_ws/install/fake_vel_transform:/home/allen/Robomaster/rm_ws/install/costmap_converter:/home/allen/Robomaster/rm_ws/install/costmap_converter_msgs:/home/allen/capstone/description_ws/install/ur_yt_sim:/home/allen/capstone/description_ws/install/ur10e_description:/home/allen/capstone/description_ws/install/kuka_agilus_support:/home/allen/capstone/description_ws/install/kuka_resources:/opt/ros/humble:/home/allen/capstone/description_ws/install/kuka_kr3_description LD_LIBRARY_PATH=/home/allen/rm_ws/install/livox_ros_driver2/lib:/home/allen/Robomaster/rm_ws/install/teb_local_planner/lib:/home/allen/Robomaster/rm_ws/install/teb_msgs/lib:/home/allen/Robomaster/rm_ws/install/ros2_livox_simulation/lib:/home/allen/Robomaster/rm_ws/install/pointcloud_to_laserscan/lib:/home/allen/Robomaster/rm_ws/install/icp_registration/lib:/home/allen/Robomaster/rm_ws/install/fast_lio/lib:/home/allen/Robomaster/rm_ws/install/livox_ros_driver2/lib:/home/allen/Robomaster/rm_ws/install/linefit_ground_segmentation/lib:/home/allen/Robomaster/rm_ws/install/imu_complementary_filter/lib:/home/allen/Robomaster/rm_ws/install/fake_vel_transform/lib:/home/allen/Robomaster/rm_ws/install/costmap_converter/lib:/home/allen/Robomaster/rm_ws/install/costmap_converter_msgs/lib:/usr/lib/x86_64-linux-gnu/gazebo-11/plugins:/opt/ros/humble/opt/rviz_ogre_vendor/lib:/opt/ros/humble/lib/x86_64-linux-gnu:/opt/ros/humble/opt/openvdb_vendor/lib:/opt/ros/humble/lib:/usr/local/lib:/usr/local/lib:/usr/local/lib:/usr/local/lib PYTHONPATH=/home/allen/rm_ws/install/livox_ros_driver2/local/lib/python3.10/dist-packages:${PYTHONPATH} /usr/bin/cmake --install /home/allen/rm_ws/build/point_lio
