[0.140s] Invoking command in '/home/allen/rm_ws/build/linefit_ground_segmentation': CMAKE_PREFIX_PATH=/home/allen/Robomaster/rm_ws/install/teb_local_planner:/home/allen/Robomaster/rm_ws/install/teb_msgs:/home/allen/Robomaster/rm_ws/install/ros2_livox_simulation:/home/allen/Robomaster/rm_ws/install/rmbot2:/home/allen/Robomaster/rm_ws/install/rm_navigation:/home/allen/Robomaster/rm_ws/install/rm_nav_bringup:/home/allen/Robomaster/rm_ws/install/pointcloud_to_laserscan:/home/allen/Robomaster/rm_ws/install/point_lio:/home/allen/Robomaster/rm_ws/install/icp_registration:/home/allen/Robomaster/rm_ws/install/fast_lio:/home/allen/Robomaster/rm_ws/install/livox_ros_driver2:/home/allen/Robomaster/rm_ws/install/linefit_ground_segmentation_ros:/home/allen/Robomaster/rm_ws/install/linefit_ground_segmentation:/home/allen/Robomaster/rm_ws/install/imu_complementary_filter:/home/allen/Robomaster/rm_ws/install/fake_vel_transform:/home/allen/Robomaster/rm_ws/install/costmap_converter:/home/allen/Robomaster/rm_ws/install/costmap_converter_msgs:/home/allen/capstone/description_ws/install/ur_yt_sim:/home/allen/capstone/description_ws/install/ur10e_description:/home/allen/capstone/description_ws/install/kuka_agilus_support:/home/allen/capstone/description_ws/install/kuka_resources:/opt/ros/humble:/home/allen/capstone/description_ws/install/kuka_kr3_description /usr/bin/cmake /home/allen/rm_ws/src/rm_perception/linefit_ground_segementation_ros2/linefit_ground_segmentation -DAMENT_CMAKE_SYMLINK_INSTALL=1 -DCMAKE_INSTALL_PREFIX=/home/allen/rm_ws/install/linefit_ground_segmentation
[0.987s] -- The C compiler identification is GNU 11.4.0
[1.387s] -- The CXX compiler identification is GNU 11.4.0
[1.432s] -- Detecting C compiler ABI info
[2.100s] -- Detecting C compiler ABI info - done
[2.135s] -- Check for working C compiler: /usr/bin/cc - skipped
[2.135s] -- Detecting C compile features
[2.137s] -- Detecting C compile features - done
[2.153s] -- Detecting CXX compiler ABI info
[2.964s] -- Detecting CXX compiler ABI info - done
[2.986s] -- Check for working CXX compiler: /usr/bin/c++ - skipped
[2.990s] -- Detecting CXX compile features
[2.990s] -- Detecting CXX compile features - done
[3.023s] -- Found ament_cmake_auto: 1.3.12 (/opt/ros/humble/share/ament_cmake_auto/cmake)
[3.916s] -- Found Python3: /usr/bin/python3 (found version "3.10.12") found components: Interpreter 
[4.217s] -- Override CMake install command with custom implementation using symlinks instead of copying resources
[10.760s] -- Found rosidl_generator_c: 3.1.7 (/opt/ros/humble/share/rosidl_generator_c/cmake)
[11.148s] -- Found rosidl_adapter: 3.1.7 (/opt/ros/humble/share/rosidl_adapter/cmake)
[11.652s] -- Found rosidl_generator_cpp: 3.1.7 (/opt/ros/humble/share/rosidl_generator_cpp/cmake)
[12.244s] -- Using all available rosidl_typesupport_c: rosidl_typesupport_fastrtps_c;rosidl_typesupport_introspection_c
[13.012s] -- Using all available rosidl_typesupport_cpp: rosidl_typesupport_fastrtps_cpp;rosidl_typesupport_introspection_cpp
[14.751s] -- Found rmw_implementation_cmake: 6.1.2 (/opt/ros/humble/share/rmw_implementation_cmake/cmake)
[14.873s] -- Found rmw_cyclonedds_cpp: 1.3.4 (/opt/ros/humble/share/rmw_cyclonedds_cpp/cmake)
[15.526s] -- Using RMW implementation 'rmw_cyclonedds_cpp' as default
[15.806s] -- Looking for pthread.h
[17.019s] -- Looking for pthread.h - found
[17.020s] -- Performing Test CMAKE_HAVE_LIBC_PTHREAD
[18.325s] -- Performing Test CMAKE_HAVE_LIBC_PTHREAD - Success
[18.334s] -- Found Threads: TRUE  
[19.389s] -- Checking for module 'eigen3'
[19.646s] --   Found eigen3, version 3.4.0
[20.435s] -- Found Eigen: /usr/include/eigen3 (Required is at least version "3.1") 
[20.436s] -- Eigen found (include: /usr/include/eigen3, version: 3.4.0)
[21.157s] -- Checking for module 'flann'
[21.473s] --   Found flann, version 1.9.1
[22.321s] -- Found FLANN: /usr/lib/x86_64-linux-gnu/libflann_cpp.so  
[22.328s] -- FLANN found (include: /usr/include, lib: /usr/lib/x86_64-linux-gnu/libflann_cpp.so)
[31.622s] -- Checking for module 'libusb-1.0'
[31.725s] --   Found libusb-1.0, version 1.0.25
[32.047s] -- Found libusb: /usr/lib/x86_64-linux-gnu/libusb-1.0.so  
[32.053s] -- OpenNI found (version: 1.5.4.0, include: /usr/include/ni, lib: /usr/lib/libOpenNI.so;libusb::libusb)
[32.606s] -- OpenNI2 found (version: 2.2.0.33, include: /usr/include/openni2, lib: /usr/lib/x86_64-linux-gnu/libOpenNI2.so;libusb::libusb)
[33.410s] -- Eigen found (include: /usr/include/eigen3, version: 3.4.0)
[33.517s] -- OpenNI found (version: 1.5.4.0, include: /usr/include/ni, lib: /usr/lib/libOpenNI.so;libusb::libusb)
[33.624s] -- OpenNI2 found (version: 2.2.0.33, include: /usr/include/openni2, lib: /usr/lib/x86_64-linux-gnu/libOpenNI2.so;libusb::libusb)
[34.610s] -- Found Qhull version 8.0.2
[35.321s] -- OpenNI found (version: 1.5.4.0, include: /usr/include/ni, lib: /usr/lib/libOpenNI.so;libusb::libusb)
[36.162s] -- Found PCL_COMMON: /usr/lib/x86_64-linux-gnu/libpcl_common.so  
[36.165s] -- Found PCL_KDTREE: /usr/lib/x86_64-linux-gnu/libpcl_kdtree.so  
[36.176s] -- Found PCL_OCTREE: /usr/lib/x86_64-linux-gnu/libpcl_octree.so  
[36.181s] -- Found PCL_SEARCH: /usr/lib/x86_64-linux-gnu/libpcl_search.so  
[36.186s] -- Found PCL_SAMPLE_CONSENSUS: /usr/lib/x86_64-linux-gnu/libpcl_sample_consensus.so  
[36.191s] -- Found PCL_FILTERS: /usr/lib/x86_64-linux-gnu/libpcl_filters.so  
[36.198s] -- Found PCL_2D: /usr/include/pcl-1.12  
[36.201s] -- Found PCL_GEOMETRY: /usr/include/pcl-1.12  
[36.207s] -- Found PCL_IO: /usr/lib/x86_64-linux-gnu/libpcl_io.so  
[36.213s] -- Found PCL_FEATURES: /usr/lib/x86_64-linux-gnu/libpcl_features.so  
[36.213s] -- Found PCL_ML: /usr/lib/x86_64-linux-gnu/libpcl_ml.so  
[36.217s] -- Found PCL_SEGMENTATION: /usr/lib/x86_64-linux-gnu/libpcl_segmentation.so  
[36.222s] -- Found PCL_VISUALIZATION: /usr/lib/x86_64-linux-gnu/libpcl_visualization.so  
[36.225s] -- Found PCL_SURFACE: /usr/lib/x86_64-linux-gnu/libpcl_surface.so  
[36.231s] -- Found PCL_REGISTRATION: /usr/lib/x86_64-linux-gnu/libpcl_registration.so  
[36.236s] -- Found PCL_KEYPOINTS: /usr/lib/x86_64-linux-gnu/libpcl_keypoints.so  
[36.247s] -- Found PCL_TRACKING: /usr/lib/x86_64-linux-gnu/libpcl_tracking.so  
[36.252s] -- Found PCL_RECOGNITION: /usr/lib/x86_64-linux-gnu/libpcl_recognition.so  
[36.254s] -- Found PCL_STEREO: /usr/lib/x86_64-linux-gnu/libpcl_stereo.so  
[36.257s] -- Found PCL_APPS: /usr/lib/x86_64-linux-gnu/libpcl_apps.so  
[36.260s] -- Found PCL_IN_HAND_SCANNER: /usr/include/pcl-1.12  
[36.267s] -- Found PCL_MODELER: /usr/include/pcl-1.12  
[36.267s] -- Found PCL_POINT_CLOUD_EDITOR: /usr/include/pcl-1.12  
[36.269s] -- Found PCL_OUTOFCORE: /usr/lib/x86_64-linux-gnu/libpcl_outofcore.so  
[36.272s] -- Found PCL_PEOPLE: /usr/lib/x86_64-linux-gnu/libpcl_people.so  
[36.642s] -- Found eigen3_cmake_module: 0.1.1 (/opt/ros/humble/share/eigen3_cmake_module/cmake)
[36.654s] -- Found Eigen3: TRUE (found version "3.4.0") 
[36.654s] -- Ensuring Eigen3 include directory is part of orocos-kdl CMake target
[37.474s] [0mIn this package, headers install destination is set to `include` by ament_auto_package. It is recommended to install `include/linefit_ground_segmentation` instead and will be the default behavior of ament_auto_package from ROS 2 Kilted Kaiju. On distributions before Kilted, ament_auto_package behaves the same way when you use USE_SCOPED_HEADER_INSTALL_DIR option.[0m
[37.525s] -- Configuring done
[38.180s] -- Generating done
[38.283s] -- Build files have been written to: /home/allen/rm_ws/build/linefit_ground_segmentation
[38.347s] Invoked command in '/home/allen/rm_ws/build/linefit_ground_segmentation' returned '0': CMAKE_PREFIX_PATH=/home/allen/Robomaster/rm_ws/install/teb_local_planner:/home/allen/Robomaster/rm_ws/install/teb_msgs:/home/allen/Robomaster/rm_ws/install/ros2_livox_simulation:/home/allen/Robomaster/rm_ws/install/rmbot2:/home/allen/Robomaster/rm_ws/install/rm_navigation:/home/allen/Robomaster/rm_ws/install/rm_nav_bringup:/home/allen/Robomaster/rm_ws/install/pointcloud_to_laserscan:/home/allen/Robomaster/rm_ws/install/point_lio:/home/allen/Robomaster/rm_ws/install/icp_registration:/home/allen/Robomaster/rm_ws/install/fast_lio:/home/allen/Robomaster/rm_ws/install/livox_ros_driver2:/home/allen/Robomaster/rm_ws/install/linefit_ground_segmentation_ros:/home/allen/Robomaster/rm_ws/install/linefit_ground_segmentation:/home/allen/Robomaster/rm_ws/install/imu_complementary_filter:/home/allen/Robomaster/rm_ws/install/fake_vel_transform:/home/allen/Robomaster/rm_ws/install/costmap_converter:/home/allen/Robomaster/rm_ws/install/costmap_converter_msgs:/home/allen/capstone/description_ws/install/ur_yt_sim:/home/allen/capstone/description_ws/install/ur10e_description:/home/allen/capstone/description_ws/install/kuka_agilus_support:/home/allen/capstone/description_ws/install/kuka_resources:/opt/ros/humble:/home/allen/capstone/description_ws/install/kuka_kr3_description /usr/bin/cmake /home/allen/rm_ws/src/rm_perception/linefit_ground_segementation_ros2/linefit_ground_segmentation -DAMENT_CMAKE_SYMLINK_INSTALL=1 -DCMAKE_INSTALL_PREFIX=/home/allen/rm_ws/install/linefit_ground_segmentation
[38.365s] Invoking command in '/home/allen/rm_ws/build/linefit_ground_segmentation': CMAKE_PREFIX_PATH=/home/allen/Robomaster/rm_ws/install/teb_local_planner:/home/allen/Robomaster/rm_ws/install/teb_msgs:/home/allen/Robomaster/rm_ws/install/ros2_livox_simulation:/home/allen/Robomaster/rm_ws/install/rmbot2:/home/allen/Robomaster/rm_ws/install/rm_navigation:/home/allen/Robomaster/rm_ws/install/rm_nav_bringup:/home/allen/Robomaster/rm_ws/install/pointcloud_to_laserscan:/home/allen/Robomaster/rm_ws/install/point_lio:/home/allen/Robomaster/rm_ws/install/icp_registration:/home/allen/Robomaster/rm_ws/install/fast_lio:/home/allen/Robomaster/rm_ws/install/livox_ros_driver2:/home/allen/Robomaster/rm_ws/install/linefit_ground_segmentation_ros:/home/allen/Robomaster/rm_ws/install/linefit_ground_segmentation:/home/allen/Robomaster/rm_ws/install/imu_complementary_filter:/home/allen/Robomaster/rm_ws/install/fake_vel_transform:/home/allen/Robomaster/rm_ws/install/costmap_converter:/home/allen/Robomaster/rm_ws/install/costmap_converter_msgs:/home/allen/capstone/description_ws/install/ur_yt_sim:/home/allen/capstone/description_ws/install/ur10e_description:/home/allen/capstone/description_ws/install/kuka_agilus_support:/home/allen/capstone/description_ws/install/kuka_resources:/opt/ros/humble:/home/allen/capstone/description_ws/install/kuka_kr3_description /usr/bin/cmake --build /home/allen/rm_ws/build/linefit_ground_segmentation -- -j2 -l2
[38.913s] [ 20%] [32mBuilding CXX object CMakeFiles/linefit_ground_segmentation.dir/src/bin.cc.o[0m
[51.624s] [ 40%] [32mBuilding CXX object CMakeFiles/linefit_ground_segmentation.dir/src/ground_segmentation.cc.o[0m
[78.212s] [ 60%] [32mBuilding CXX object CMakeFiles/linefit_ground_segmentation.dir/src/segment.cc.o[0m
[103.467s] [ 80%] [32mBuilding CXX object CMakeFiles/linefit_ground_segmentation.dir/src/viewer.cc.o[0m
[131.237s] [100%] [32m[1mLinking CXX shared library liblinefit_ground_segmentation.so[0m
[133.565s] [100%] Built target linefit_ground_segmentation
[133.681s] Invoked command in '/home/allen/rm_ws/build/linefit_ground_segmentation' returned '0': CMAKE_PREFIX_PATH=/home/allen/Robomaster/rm_ws/install/teb_local_planner:/home/allen/Robomaster/rm_ws/install/teb_msgs:/home/allen/Robomaster/rm_ws/install/ros2_livox_simulation:/home/allen/Robomaster/rm_ws/install/rmbot2:/home/allen/Robomaster/rm_ws/install/rm_navigation:/home/allen/Robomaster/rm_ws/install/rm_nav_bringup:/home/allen/Robomaster/rm_ws/install/pointcloud_to_laserscan:/home/allen/Robomaster/rm_ws/install/point_lio:/home/allen/Robomaster/rm_ws/install/icp_registration:/home/allen/Robomaster/rm_ws/install/fast_lio:/home/allen/Robomaster/rm_ws/install/livox_ros_driver2:/home/allen/Robomaster/rm_ws/install/linefit_ground_segmentation_ros:/home/allen/Robomaster/rm_ws/install/linefit_ground_segmentation:/home/allen/Robomaster/rm_ws/install/imu_complementary_filter:/home/allen/Robomaster/rm_ws/install/fake_vel_transform:/home/allen/Robomaster/rm_ws/install/costmap_converter:/home/allen/Robomaster/rm_ws/install/costmap_converter_msgs:/home/allen/capstone/description_ws/install/ur_yt_sim:/home/allen/capstone/description_ws/install/ur10e_description:/home/allen/capstone/description_ws/install/kuka_agilus_support:/home/allen/capstone/description_ws/install/kuka_resources:/opt/ros/humble:/home/allen/capstone/description_ws/install/kuka_kr3_description /usr/bin/cmake --build /home/allen/rm_ws/build/linefit_ground_segmentation -- -j2 -l2
[133.682s] Invoking command in '/home/allen/rm_ws/build/linefit_ground_segmentation': CMAKE_PREFIX_PATH=/home/allen/Robomaster/rm_ws/install/teb_local_planner:/home/allen/Robomaster/rm_ws/install/teb_msgs:/home/allen/Robomaster/rm_ws/install/ros2_livox_simulation:/home/allen/Robomaster/rm_ws/install/rmbot2:/home/allen/Robomaster/rm_ws/install/rm_navigation:/home/allen/Robomaster/rm_ws/install/rm_nav_bringup:/home/allen/Robomaster/rm_ws/install/pointcloud_to_laserscan:/home/allen/Robomaster/rm_ws/install/point_lio:/home/allen/Robomaster/rm_ws/install/icp_registration:/home/allen/Robomaster/rm_ws/install/fast_lio:/home/allen/Robomaster/rm_ws/install/livox_ros_driver2:/home/allen/Robomaster/rm_ws/install/linefit_ground_segmentation_ros:/home/allen/Robomaster/rm_ws/install/linefit_ground_segmentation:/home/allen/Robomaster/rm_ws/install/imu_complementary_filter:/home/allen/Robomaster/rm_ws/install/fake_vel_transform:/home/allen/Robomaster/rm_ws/install/costmap_converter:/home/allen/Robomaster/rm_ws/install/costmap_converter_msgs:/home/allen/capstone/description_ws/install/ur_yt_sim:/home/allen/capstone/description_ws/install/ur10e_description:/home/allen/capstone/description_ws/install/kuka_agilus_support:/home/allen/capstone/description_ws/install/kuka_resources:/opt/ros/humble:/home/allen/capstone/description_ws/install/kuka_kr3_description /usr/bin/cmake --install /home/allen/rm_ws/build/linefit_ground_segmentation
[133.765s] -- Install configuration: ""
[133.767s] -- Execute custom install script
[133.774s] -- Symlinking: /home/allen/rm_ws/install/linefit_ground_segmentation/include/ground_segmentation/bin.h
[133.844s] -- Symlinking: /home/allen/rm_ws/install/linefit_ground_segmentation/include/ground_segmentation/ground_segmentation.h
[133.927s] -- Symlinking: /home/allen/rm_ws/install/linefit_ground_segmentation/include/ground_segmentation/segment.h
[134.019s] -- Symlinking: /home/allen/rm_ws/install/linefit_ground_segmentation/include/ground_segmentation/typedefs.h
[134.111s] -- Symlinking: /home/allen/rm_ws/install/linefit_ground_segmentation/include/ground_segmentation/viewer.h
[134.219s] -- Symlinking: /home/allen/rm_ws/install/linefit_ground_segmentation/share/linefit_ground_segmentation/environment/library_path.sh
[134.312s] -- Symlinking: /home/allen/rm_ws/install/linefit_ground_segmentation/share/linefit_ground_segmentation/environment/library_path.dsv
[134.406s] -- Symlinking: /home/allen/rm_ws/install/linefit_ground_segmentation/lib/liblinefit_ground_segmentation.so
[134.506s] -- Symlinking: /home/allen/rm_ws/install/linefit_ground_segmentation/share/ament_index/resource_index/package_run_dependencies/linefit_ground_segmentation
[134.595s] -- Symlinking: /home/allen/rm_ws/install/linefit_ground_segmentation/share/ament_index/resource_index/parent_prefix_path/linefit_ground_segmentation
[134.665s] -- Symlinking: /home/allen/rm_ws/install/linefit_ground_segmentation/share/linefit_ground_segmentation/environment/ament_prefix_path.sh
[134.726s] -- Symlinking: /home/allen/rm_ws/install/linefit_ground_segmentation/share/linefit_ground_segmentation/environment/ament_prefix_path.dsv
[134.813s] -- Symlinking: /home/allen/rm_ws/install/linefit_ground_segmentation/share/linefit_ground_segmentation/environment/path.sh
[134.902s] -- Symlinking: /home/allen/rm_ws/install/linefit_ground_segmentation/share/linefit_ground_segmentation/environment/path.dsv
[135.014s] -- Symlinking: /home/allen/rm_ws/install/linefit_ground_segmentation/share/linefit_ground_segmentation/local_setup.bash
[135.110s] -- Symlinking: /home/allen/rm_ws/install/linefit_ground_segmentation/share/linefit_ground_segmentation/local_setup.sh
[135.250s] -- Symlinking: /home/allen/rm_ws/install/linefit_ground_segmentation/share/linefit_ground_segmentation/local_setup.zsh
[135.341s] -- Symlinking: /home/allen/rm_ws/install/linefit_ground_segmentation/share/linefit_ground_segmentation/local_setup.dsv
[135.430s] -- Symlinking: /home/allen/rm_ws/install/linefit_ground_segmentation/share/linefit_ground_segmentation/package.dsv
[135.528s] -- Symlinking: /home/allen/rm_ws/install/linefit_ground_segmentation/share/ament_index/resource_index/packages/linefit_ground_segmentation
[135.603s] -- Symlinking: /home/allen/rm_ws/install/linefit_ground_segmentation/share/linefit_ground_segmentation/cmake/ament_cmake_export_dependencies-extras.cmake
[135.673s] -- Symlinking: /home/allen/rm_ws/install/linefit_ground_segmentation/share/linefit_ground_segmentation/cmake/ament_cmake_export_include_directories-extras.cmake
[135.753s] -- Symlinking: /home/allen/rm_ws/install/linefit_ground_segmentation/share/linefit_ground_segmentation/cmake/ament_cmake_export_libraries-extras.cmake
[135.820s] -- Symlinking: /home/allen/rm_ws/install/linefit_ground_segmentation/share/linefit_ground_segmentation/cmake/linefit_ground_segmentationConfig.cmake
[135.887s] -- Symlinking: /home/allen/rm_ws/install/linefit_ground_segmentation/share/linefit_ground_segmentation/cmake/linefit_ground_segmentationConfig-version.cmake
[135.955s] -- Symlinking: /home/allen/rm_ws/install/linefit_ground_segmentation/share/linefit_ground_segmentation/package.xml
[136.036s] Invoked command in '/home/allen/rm_ws/build/linefit_ground_segmentation' returned '0': CMAKE_PREFIX_PATH=/home/allen/Robomaster/rm_ws/install/teb_local_planner:/home/allen/Robomaster/rm_ws/install/teb_msgs:/home/allen/Robomaster/rm_ws/install/ros2_livox_simulation:/home/allen/Robomaster/rm_ws/install/rmbot2:/home/allen/Robomaster/rm_ws/install/rm_navigation:/home/allen/Robomaster/rm_ws/install/rm_nav_bringup:/home/allen/Robomaster/rm_ws/install/pointcloud_to_laserscan:/home/allen/Robomaster/rm_ws/install/point_lio:/home/allen/Robomaster/rm_ws/install/icp_registration:/home/allen/Robomaster/rm_ws/install/fast_lio:/home/allen/Robomaster/rm_ws/install/livox_ros_driver2:/home/allen/Robomaster/rm_ws/install/linefit_ground_segmentation_ros:/home/allen/Robomaster/rm_ws/install/linefit_ground_segmentation:/home/allen/Robomaster/rm_ws/install/imu_complementary_filter:/home/allen/Robomaster/rm_ws/install/fake_vel_transform:/home/allen/Robomaster/rm_ws/install/costmap_converter:/home/allen/Robomaster/rm_ws/install/costmap_converter_msgs:/home/allen/capstone/description_ws/install/ur_yt_sim:/home/allen/capstone/description_ws/install/ur10e_description:/home/allen/capstone/description_ws/install/kuka_agilus_support:/home/allen/capstone/description_ws/install/kuka_resources:/opt/ros/humble:/home/allen/capstone/description_ws/install/kuka_kr3_description /usr/bin/cmake --install /home/allen/rm_ws/build/linefit_ground_segmentation
