[0.098s] Invoking command in '/home/allen/rm_ws/build/livox_ros_driver2': CMAKE_PREFIX_PATH=/home/allen/Robomaster/rm_ws/install/teb_local_planner:/home/allen/Robomaster/rm_ws/install/teb_msgs:/home/allen/Robomaster/rm_ws/install/ros2_livox_simulation:/home/allen/Robomaster/rm_ws/install/rmbot2:/home/allen/Robomaster/rm_ws/install/rm_navigation:/home/allen/Robomaster/rm_ws/install/rm_nav_bringup:/home/allen/Robomaster/rm_ws/install/pointcloud_to_laserscan:/home/allen/Robomaster/rm_ws/install/point_lio:/home/allen/Robomaster/rm_ws/install/icp_registration:/home/allen/Robomaster/rm_ws/install/fast_lio:/home/allen/Robomaster/rm_ws/install/livox_ros_driver2:/home/allen/Robomaster/rm_ws/install/linefit_ground_segmentation_ros:/home/allen/Robomaster/rm_ws/install/linefit_ground_segmentation:/home/allen/Robomaster/rm_ws/install/imu_complementary_filter:/home/allen/Robomaster/rm_ws/install/fake_vel_transform:/home/allen/Robomaster/rm_ws/install/costmap_converter:/home/allen/Robomaster/rm_ws/install/costmap_converter_msgs:/home/allen/capstone/description_ws/install/ur_yt_sim:/home/allen/capstone/description_ws/install/ur10e_description:/home/allen/capstone/description_ws/install/kuka_agilus_support:/home/allen/capstone/description_ws/install/kuka_resources:/opt/ros/humble:/home/allen/capstone/description_ws/install/kuka_kr3_description /usr/bin/cmake /home/allen/rm_ws/src/livox_ros_driver2/src -DAMENT_CMAKE_SYMLINK_INSTALL=1 -DCMAKE_INSTALL_PREFIX=/home/allen/rm_ws/install/livox_ros_driver2
[0.486s] -- The C compiler identification is GNU 11.4.0
[0.872s] -- The CXX compiler identification is GNU 11.4.0
[0.920s] -- Detecting C compiler ABI info
[1.683s] -- Detecting C compiler ABI info - done
[1.698s] -- Check for working C compiler: /usr/bin/cc - skipped
[1.699s] -- Detecting C compile features
[1.703s] -- Detecting C compile features - done
[1.723s] -- Detecting CXX compiler ABI info
[2.513s] -- Detecting CXX compiler ABI info - done
[2.539s] -- Check for working CXX compiler: /usr/bin/c++ - skipped
[2.540s] -- Detecting CXX compile features
[2.543s] -- Detecting CXX compile features - done
[2.551s] -- livox_ros_driver2 version: 1.0.0
[2.593s] -- Found ament_cmake_auto: 1.3.12 (/opt/ros/humble/share/ament_cmake_auto/cmake)
[3.538s] -- Found Python3: /usr/bin/python3 (found version "3.10.12") found components: Interpreter 
[3.867s] -- Override CMake install command with custom implementation using symlinks instead of copying resources
[4.728s] -- Using all available rosidl_typesupport_c: rosidl_typesupport_fastrtps_c;rosidl_typesupport_introspection_c
[4.835s] -- Found rosidl_adapter: 3.1.7 (/opt/ros/humble/share/rosidl_adapter/cmake)
[5.320s] -- Using all available rosidl_typesupport_cpp: rosidl_typesupport_fastrtps_cpp;rosidl_typesupport_introspection_cpp
[6.362s] -- Found rmw_implementation_cmake: 6.1.2 (/opt/ros/humble/share/rmw_implementation_cmake/cmake)
[6.406s] -- Found rmw_cyclonedds_cpp: 1.3.4 (/opt/ros/humble/share/rmw_cyclonedds_cpp/cmake)
[6.669s] -- Using RMW implementation 'rmw_cyclonedds_cpp' as default
[6.805s] -- Looking for pthread.h
[7.567s] -- Looking for pthread.h - found
[7.568s] -- Performing Test CMAKE_HAVE_LIBC_PTHREAD
[8.229s] -- Performing Test CMAKE_HAVE_LIBC_PTHREAD - Success
[8.239s] -- Found Threads: TRUE  
[9.377s] -- Checking for module 'eigen3'
[9.500s] --   Found eigen3, version 3.4.0
[9.957s] -- Found Eigen: /usr/include/eigen3 (Required is at least version "3.1") 
[9.957s] -- Eigen found (include: /usr/include/eigen3, version: 3.4.0)
[10.455s] -- Checking for module 'flann'
[10.588s] --   Found flann, version 1.9.1
[10.903s] -- Found FLANN: /usr/lib/x86_64-linux-gnu/libflann_cpp.so  
[10.903s] -- FLANN found (include: /usr/include, lib: /usr/lib/x86_64-linux-gnu/libflann_cpp.so)
[18.766s] -- Checking for module 'libusb-1.0'
[18.931s] --   Found libusb-1.0, version 1.0.25
[19.406s] -- Found libusb: /usr/lib/x86_64-linux-gnu/libusb-1.0.so  
[19.428s] -- OpenNI found (version: 1.5.4.0, include: /usr/include/ni, lib: /usr/lib/libOpenNI.so;libusb::libusb)
[20.092s] -- OpenNI2 found (version: 2.2.0.33, include: /usr/include/openni2, lib: /usr/lib/x86_64-linux-gnu/libOpenNI2.so;libusb::libusb)
[20.925s] -- Eigen found (include: /usr/include/eigen3, version: 3.4.0)
[20.967s] -- OpenNI found (version: 1.5.4.0, include: /usr/include/ni, lib: /usr/lib/libOpenNI.so;libusb::libusb)
[21.009s] -- OpenNI2 found (version: 2.2.0.33, include: /usr/include/openni2, lib: /usr/lib/x86_64-linux-gnu/libOpenNI2.so;libusb::libusb)
[21.912s] -- Found Qhull version 8.0.2
[22.762s] -- OpenNI found (version: 1.5.4.0, include: /usr/include/ni, lib: /usr/lib/libOpenNI.so;libusb::libusb)
[23.572s] -- Found PCL_COMMON: /usr/lib/x86_64-linux-gnu/libpcl_common.so  
[23.576s] -- Found PCL_KDTREE: /usr/lib/x86_64-linux-gnu/libpcl_kdtree.so  
[23.592s] -- Found PCL_OCTREE: /usr/lib/x86_64-linux-gnu/libpcl_octree.so  
[23.592s] -- Found PCL_SEARCH: /usr/lib/x86_64-linux-gnu/libpcl_search.so  
[23.595s] -- Found PCL_SAMPLE_CONSENSUS: /usr/lib/x86_64-linux-gnu/libpcl_sample_consensus.so  
[23.602s] -- Found PCL_FILTERS: /usr/lib/x86_64-linux-gnu/libpcl_filters.so  
[23.602s] -- Found PCL_2D: /usr/include/pcl-1.12  
[23.605s] -- Found PCL_GEOMETRY: /usr/include/pcl-1.12  
[23.608s] -- Found PCL_IO: /usr/lib/x86_64-linux-gnu/libpcl_io.so  
[23.611s] -- Found PCL_FEATURES: /usr/lib/x86_64-linux-gnu/libpcl_features.so  
[23.617s] -- Found PCL_ML: /usr/lib/x86_64-linux-gnu/libpcl_ml.so  
[23.621s] -- Found PCL_SEGMENTATION: /usr/lib/x86_64-linux-gnu/libpcl_segmentation.so  
[23.631s] -- Found PCL_VISUALIZATION: /usr/lib/x86_64-linux-gnu/libpcl_visualization.so  
[23.633s] -- Found PCL_SURFACE: /usr/lib/x86_64-linux-gnu/libpcl_surface.so  
[23.638s] -- Found PCL_REGISTRATION: /usr/lib/x86_64-linux-gnu/libpcl_registration.so  
[23.644s] -- Found PCL_KEYPOINTS: /usr/lib/x86_64-linux-gnu/libpcl_keypoints.so  
[23.649s] -- Found PCL_TRACKING: /usr/lib/x86_64-linux-gnu/libpcl_tracking.so  
[23.651s] -- Found PCL_RECOGNITION: /usr/lib/x86_64-linux-gnu/libpcl_recognition.so  
[23.654s] -- Found PCL_STEREO: /usr/lib/x86_64-linux-gnu/libpcl_stereo.so  
[23.657s] -- Found PCL_APPS: /usr/lib/x86_64-linux-gnu/libpcl_apps.so  
[23.666s] -- Found PCL_IN_HAND_SCANNER: /usr/include/pcl-1.12  
[23.666s] -- Found PCL_MODELER: /usr/include/pcl-1.12  
[23.666s] -- Found PCL_POINT_CLOUD_EDITOR: /usr/include/pcl-1.12  
[23.666s] -- Found PCL_OUTOFCORE: /usr/lib/x86_64-linux-gnu/libpcl_outofcore.so  
[23.668s] -- Found PCL_PEOPLE: /usr/lib/x86_64-linux-gnu/libpcl_people.so  
[24.102s] -- Found PkgConfig: /usr/bin/pkg-config (found version "0.29.2") 
[24.113s] -- Checking for module 'apr-1'
[24.276s] --   Found apr-1, version 1.7.0
[24.637s] [0m/usr/include/apr-1.0[0m
[24.641s] [0mapr-1[0m
[25.639s] -- Found ament_cmake_ros: 0.10.0 (/opt/ros/humble/share/ament_cmake_ros/cmake)
[26.874s] -- Using all available rosidl_typesupport_c: rosidl_typesupport_fastrtps_c;rosidl_typesupport_introspection_c
[28.216s] -- Using all available rosidl_typesupport_cpp: rosidl_typesupport_fastrtps_cpp;rosidl_typesupport_introspection_cpp
[28.399s] -- Found PythonInterp: /usr/bin/python3 (found suitable version "3.10.12", minimum required is "3.6") 
[28.448s] -- Found python_cmake_module: 0.10.0 (/opt/ros/humble/share/python_cmake_module/cmake)
[28.610s] -- Found PythonLibs: /usr/lib/x86_64-linux-gnu/libpython3.10.so (found suitable version "3.10.12", minimum required is "3.5") 
[28.611s] -- Using PYTHON_EXECUTABLE: /usr/bin/python3
[28.611s] -- Using PYTHON_INCLUDE_DIRS: /usr/include/python3.10
[28.612s] -- Using PYTHON_LIBRARIES: /usr/lib/x86_64-linux-gnu/libpython3.10.so
[28.718s] -- Found PythonExtra: .so  
[29.126s] -- Found ament_lint_auto: 0.12.14 (/opt/ros/humble/share/ament_lint_auto/cmake)
[29.567s] -- Added test 'copyright' to check source files copyright and LICENSE
[29.633s] -- Added test 'cppcheck' to perform static code analysis on C / C++ code
[29.641s] -- Configured cppcheck include dirs: /home/allen/rm_ws/src/livox_ros_driver2/src/3rdparty;/home/allen/rm_ws/src/livox_ros_driver2/src/src
[29.642s] -- Configured cppcheck exclude dirs and/or files: 
[29.691s] -- Added test 'cpplint' to check C / C++ code against the Google style
[29.700s] -- Configured cpplint exclude dirs and/or files: 
[29.711s] -- Added test 'flake8' to check Python code syntax and style conventions
[29.730s] -- Added test 'lint_cmake' to check CMake code style
[29.739s] -- Added test 'pep257' to check Python code against some of the docstring style conventions in PEP 257
[29.778s] -- Added test 'uncrustify' to check C / C++ code style
[29.781s] -- Configured uncrustify additional arguments: 
[29.796s] -- Added test 'xmllint' to check XML markup files
[29.818s] -- Configuring done
[30.535s] -- Generating done
[30.723s] -- Build files have been written to: /home/allen/rm_ws/build/livox_ros_driver2
[30.838s] Invoked command in '/home/allen/rm_ws/build/livox_ros_driver2' returned '0': CMAKE_PREFIX_PATH=/home/allen/Robomaster/rm_ws/install/teb_local_planner:/home/allen/Robomaster/rm_ws/install/teb_msgs:/home/allen/Robomaster/rm_ws/install/ros2_livox_simulation:/home/allen/Robomaster/rm_ws/install/rmbot2:/home/allen/Robomaster/rm_ws/install/rm_navigation:/home/allen/Robomaster/rm_ws/install/rm_nav_bringup:/home/allen/Robomaster/rm_ws/install/pointcloud_to_laserscan:/home/allen/Robomaster/rm_ws/install/point_lio:/home/allen/Robomaster/rm_ws/install/icp_registration:/home/allen/Robomaster/rm_ws/install/fast_lio:/home/allen/Robomaster/rm_ws/install/livox_ros_driver2:/home/allen/Robomaster/rm_ws/install/linefit_ground_segmentation_ros:/home/allen/Robomaster/rm_ws/install/linefit_ground_segmentation:/home/allen/Robomaster/rm_ws/install/imu_complementary_filter:/home/allen/Robomaster/rm_ws/install/fake_vel_transform:/home/allen/Robomaster/rm_ws/install/costmap_converter:/home/allen/Robomaster/rm_ws/install/costmap_converter_msgs:/home/allen/capstone/description_ws/install/ur_yt_sim:/home/allen/capstone/description_ws/install/ur10e_description:/home/allen/capstone/description_ws/install/kuka_agilus_support:/home/allen/capstone/description_ws/install/kuka_resources:/opt/ros/humble:/home/allen/capstone/description_ws/install/kuka_kr3_description /usr/bin/cmake /home/allen/rm_ws/src/livox_ros_driver2/src -DAMENT_CMAKE_SYMLINK_INSTALL=1 -DCMAKE_INSTALL_PREFIX=/home/allen/rm_ws/install/livox_ros_driver2
[30.843s] Invoking command in '/home/allen/rm_ws/build/livox_ros_driver2': CMAKE_PREFIX_PATH=/home/allen/Robomaster/rm_ws/install/teb_local_planner:/home/allen/Robomaster/rm_ws/install/teb_msgs:/home/allen/Robomaster/rm_ws/install/ros2_livox_simulation:/home/allen/Robomaster/rm_ws/install/rmbot2:/home/allen/Robomaster/rm_ws/install/rm_navigation:/home/allen/Robomaster/rm_ws/install/rm_nav_bringup:/home/allen/Robomaster/rm_ws/install/pointcloud_to_laserscan:/home/allen/Robomaster/rm_ws/install/point_lio:/home/allen/Robomaster/rm_ws/install/icp_registration:/home/allen/Robomaster/rm_ws/install/fast_lio:/home/allen/Robomaster/rm_ws/install/livox_ros_driver2:/home/allen/Robomaster/rm_ws/install/linefit_ground_segmentation_ros:/home/allen/Robomaster/rm_ws/install/linefit_ground_segmentation:/home/allen/Robomaster/rm_ws/install/imu_complementary_filter:/home/allen/Robomaster/rm_ws/install/fake_vel_transform:/home/allen/Robomaster/rm_ws/install/costmap_converter:/home/allen/Robomaster/rm_ws/install/costmap_converter_msgs:/home/allen/capstone/description_ws/install/ur_yt_sim:/home/allen/capstone/description_ws/install/ur10e_description:/home/allen/capstone/description_ws/install/kuka_agilus_support:/home/allen/capstone/description_ws/install/kuka_resources:/opt/ros/humble:/home/allen/capstone/description_ws/install/kuka_kr3_description /usr/bin/cmake --build /home/allen/rm_ws/build/livox_ros_driver2 -- -j2 -l2
[31.459s] [  1%] [34m[1mGenerating C++ code for ROS interfaces[0m
[33.588s] [  1%] Built target livox_interfaces2__cpp
[33.724s] [  3%] [34m[1mGenerating C code for ROS interfaces[0m
[35.877s] [  5%] [32mBuilding C object CMakeFiles/livox_interfaces2__rosidl_generator_c.dir/rosidl_generator_c/livox_ros_driver2/msg/detail/custom_point__functions.c.o[0m
[36.281s] [  7%] [32mBuilding C object CMakeFiles/livox_interfaces2__rosidl_generator_c.dir/rosidl_generator_c/livox_ros_driver2/msg/detail/custom_msg__functions.c.o[0m
[36.639s] [  8%] [32m[1mLinking C shared library liblivox_ros_driver2__rosidl_generator_c.so[0m
[36.975s] [  8%] Built target livox_interfaces2__rosidl_generator_c
[37.372s] [  8%] Built target ament_cmake_python_symlink_livox_ros_driver2
[37.637s] [ 10%] [32mBuilding CXX object CMakeFiles/livox_ros_driver2_node.dir/rclcpp_components/node_main_livox_ros_driver2_node.cpp.o[0m
[49.925s] [ 12%] [32m[1mLinking CXX executable livox_ros_driver2_node[0m
[50.705s] [ 12%] Built target livox_ros_driver2_node
[50.838s] [ 14%] [34m[1mGenerating C++ type support dispatch for ROS interfaces[0m
[52.309s] [ 15%] [32mBuilding CXX object CMakeFiles/livox_interfaces2__rosidl_typesupport_cpp.dir/rosidl_typesupport_cpp/livox_ros_driver2/msg/custom_point__type_support.cpp.o[0m
[53.734s] [ 17%] [32mBuilding CXX object CMakeFiles/livox_interfaces2__rosidl_typesupport_cpp.dir/rosidl_typesupport_cpp/livox_ros_driver2/msg/custom_msg__type_support.cpp.o[0m
[55.068s] [ 19%] [32m[1mLinking CXX shared library liblivox_ros_driver2__rosidl_typesupport_cpp.so[0m
[55.465s] [ 19%] Built target livox_interfaces2__rosidl_typesupport_cpp
[55.602s] [ 21%] [34m[1mGenerating C type support for eProsima Fast-RTPS[0m
[57.237s] [ 22%] [32mBuilding CXX object CMakeFiles/livox_interfaces2__rosidl_typesupport_fastrtps_c.dir/rosidl_typesupport_fastrtps_c/livox_ros_driver2/msg/detail/custom_point__type_support_c.cpp.o[0m
[58.770s] [ 24%] [32mBuilding CXX object CMakeFiles/livox_interfaces2__rosidl_typesupport_fastrtps_c.dir/rosidl_typesupport_fastrtps_c/livox_ros_driver2/msg/detail/custom_msg__type_support_c.cpp.o[0m
[60.344s] [ 26%] [32m[1mLinking CXX shared library liblivox_ros_driver2__rosidl_typesupport_fastrtps_c.so[0m
[60.911s] [ 26%] Built target livox_interfaces2__rosidl_typesupport_fastrtps_c
[61.037s] [ 28%] [34m[1mGenerating C introspection for ROS interfaces[0m
[62.687s] [ 29%] [32mBuilding C object CMakeFiles/livox_interfaces2__rosidl_typesupport_introspection_c.dir/rosidl_typesupport_introspection_c/livox_ros_driver2/msg/detail/custom_point__type_support.c.o[0m
[62.961s] [ 31%] [32mBuilding C object CMakeFiles/livox_interfaces2__rosidl_typesupport_introspection_c.dir/rosidl_typesupport_introspection_c/livox_ros_driver2/msg/detail/custom_msg__type_support.c.o[0m
[63.220s] [ 33%] [32m[1mLinking C shared library liblivox_ros_driver2__rosidl_typesupport_introspection_c.so[0m
[63.513s] [ 33%] Built target livox_interfaces2__rosidl_typesupport_introspection_c
[63.642s] [ 35%] [34m[1mGenerating C type support dispatch for ROS interfaces[0m
[65.591s] [ 36%] [32mBuilding CXX object CMakeFiles/livox_interfaces2__rosidl_typesupport_c.dir/rosidl_typesupport_c/livox_ros_driver2/msg/custom_point__type_support.cpp.o[0m
[65.851s] [ 38%] [32mBuilding CXX object CMakeFiles/livox_interfaces2__rosidl_typesupport_c.dir/rosidl_typesupport_c/livox_ros_driver2/msg/custom_msg__type_support.cpp.o[0m
[66.169s] [ 40%] [32m[1mLinking CXX shared library liblivox_ros_driver2__rosidl_typesupport_c.so[0m
[66.528s] [ 40%] Built target livox_interfaces2__rosidl_typesupport_c
[66.637s] [ 42%] [34m[1mGenerating C++ type support for eProsima Fast-RTPS[0m
[68.525s] [ 43%] [32mBuilding CXX object CMakeFiles/livox_interfaces2__rosidl_typesupport_fastrtps_cpp.dir/rosidl_typesupport_fastrtps_cpp/livox_ros_driver2/msg/detail/dds_fastrtps/custom_point__type_support.cpp.o[0m
[75.877s] [ 45%] [32mBuilding CXX object CMakeFiles/livox_interfaces2__rosidl_typesupport_fastrtps_cpp.dir/rosidl_typesupport_fastrtps_cpp/livox_ros_driver2/msg/detail/dds_fastrtps/custom_msg__type_support.cpp.o[0m
[80.971s] [ 47%] [32m[1mLinking CXX shared library liblivox_ros_driver2__rosidl_typesupport_fastrtps_cpp.so[0m
[82.076s] [ 47%] Built target livox_interfaces2__rosidl_typesupport_fastrtps_cpp
[82.221s] [ 49%] [34m[1mGenerating C++ introspection for ROS interfaces[0m
[85.319s] [ 50%] [32mBuilding CXX object CMakeFiles/livox_interfaces2__rosidl_typesupport_introspection_cpp.dir/rosidl_typesupport_introspection_cpp/livox_ros_driver2/msg/detail/custom_point__type_support.cpp.o[0m
[88.499s] [ 52%] [32mBuilding CXX object CMakeFiles/livox_interfaces2__rosidl_typesupport_introspection_cpp.dir/rosidl_typesupport_introspection_cpp/livox_ros_driver2/msg/detail/custom_msg__type_support.cpp.o[0m
[91.318s] [ 54%] [32m[1mLinking CXX shared library liblivox_ros_driver2__rosidl_typesupport_introspection_cpp.so[0m
[91.950s] [ 54%] Built target livox_interfaces2__rosidl_typesupport_introspection_cpp
[93.370s] running egg_info
[93.372s] creating livox_ros_driver2.egg-info
[93.376s] writing livox_ros_driver2.egg-info/PKG-INFO
[93.383s] writing dependency_links to livox_ros_driver2.egg-info/dependency_links.txt
[93.385s] writing top-level names to livox_ros_driver2.egg-info/top_level.txt
[93.389s] writing manifest file 'livox_ros_driver2.egg-info/SOURCES.txt'
[93.399s] reading manifest file 'livox_ros_driver2.egg-info/SOURCES.txt'
[93.404s] writing manifest file 'livox_ros_driver2.egg-info/SOURCES.txt'
[93.573s] [ 54%] Built target ament_cmake_python_build_livox_ros_driver2_egg
[93.829s] [ 56%] [32mBuilding CXX object CMakeFiles/livox_ros_driver2.dir/src/livox_ros_driver2.cpp.o[0m
[122.127s] [ 57%] [32mBuilding CXX object CMakeFiles/livox_ros_driver2.dir/src/lddc.cpp.o[0m
[154.867s] [ 59%] [32mBuilding CXX object CMakeFiles/livox_ros_driver2.dir/src/driver_node.cpp.o[0m
[179.984s] [ 61%] [32mBuilding CXX object CMakeFiles/livox_ros_driver2.dir/src/lds.cpp.o[0m
[184.235s] [ 63%] [32mBuilding CXX object CMakeFiles/livox_ros_driver2.dir/src/lds_lidar.cpp.o[0m
[189.355s] [ 64%] [32mBuilding CXX object CMakeFiles/livox_ros_driver2.dir/src/comm/comm.cpp.o[0m
[193.106s] [ 66%] [32mBuilding CXX object CMakeFiles/livox_ros_driver2.dir/src/comm/ldq.cpp.o[0m
[196.787s] [ 68%] [32mBuilding CXX object CMakeFiles/livox_ros_driver2.dir/src/comm/semaphore.cpp.o[0m
[198.985s] [ 70%] [32mBuilding CXX object CMakeFiles/livox_ros_driver2.dir/src/comm/lidar_imu_data_queue.cpp.o[0m
[201.236s] [ 71%] [32mBuilding CXX object CMakeFiles/livox_ros_driver2.dir/src/comm/cache_index.cpp.o[0m
[205.274s] [ 73%] [32mBuilding CXX object CMakeFiles/livox_ros_driver2.dir/src/comm/pub_handler.cpp.o[0m
[211.034s] [ 75%] [32mBuilding CXX object CMakeFiles/livox_ros_driver2.dir/src/parse_cfg_file/parse_cfg_file.cpp.o[0m
[215.476s] [ 77%] [32mBuilding CXX object CMakeFiles/livox_ros_driver2.dir/src/parse_cfg_file/parse_livox_lidar_cfg.cpp.o[0m
[219.846s] [ 78%] [32mBuilding CXX object CMakeFiles/livox_ros_driver2.dir/src/call_back/lidar_common_callback.cpp.o[0m
[223.587s] [ 80%] [32mBuilding CXX object CMakeFiles/livox_ros_driver2.dir/src/call_back/livox_lidar_callback.cpp.o[0m
[227.845s] [ 82%] [32m[1mLinking CXX shared library liblivox_ros_driver2.so[0m
[231.292s] [ 82%] Built target livox_ros_driver2
[231.523s] [ 82%] Built target livox_interfaces2
[231.794s] [ 84%] [34m[1mGenerating Python code for ROS interfaces[0m
[234.734s] [ 84%] Built target livox_interfaces2__py
[234.980s] [ 85%] [32mBuilding C object CMakeFiles/livox_interfaces2__rosidl_generator_py.dir/rosidl_generator_py/livox_ros_driver2/msg/_custom_point_s.c.o[0m
[235.667s] [ 87%] [32mBuilding C object CMakeFiles/livox_interfaces2__rosidl_generator_py.dir/rosidl_generator_py/livox_ros_driver2/msg/_custom_msg_s.c.o[0m
[236.263s] [ 89%] [32m[1mLinking C shared library rosidl_generator_py/livox_ros_driver2/liblivox_interfaces2__rosidl_generator_py.so[0m
[236.582s] [ 89%] Built target livox_interfaces2__rosidl_generator_py
[236.780s] [ 91%] [32mBuilding C object CMakeFiles/livox_ros_driver2__rosidl_typesupport_fastrtps_c__pyext.dir/rosidl_generator_py/livox_ros_driver2/_livox_ros_driver2_s.ep.rosidl_typesupport_fastrtps_c.c.o[0m
[237.505s] [ 92%] [32m[1mLinking C shared library rosidl_generator_py/livox_ros_driver2/livox_ros_driver2_s__rosidl_typesupport_fastrtps_c.cpython-310-x86_64-linux-gnu.so[0m
[237.846s] [ 92%] Built target livox_ros_driver2__rosidl_typesupport_fastrtps_c__pyext
[238.069s] [ 94%] [32mBuilding C object CMakeFiles/livox_ros_driver2__rosidl_typesupport_introspection_c__pyext.dir/rosidl_generator_py/livox_ros_driver2/_livox_ros_driver2_s.ep.rosidl_typesupport_introspection_c.c.o[0m
[238.740s] [ 96%] [32m[1mLinking C shared library rosidl_generator_py/livox_ros_driver2/livox_ros_driver2_s__rosidl_typesupport_introspection_c.cpython-310-x86_64-linux-gnu.so[0m
[239.081s] [ 96%] Built target livox_ros_driver2__rosidl_typesupport_introspection_c__pyext
[239.327s] [ 98%] [32mBuilding C object CMakeFiles/livox_ros_driver2__rosidl_typesupport_c__pyext.dir/rosidl_generator_py/livox_ros_driver2/_livox_ros_driver2_s.ep.rosidl_typesupport_c.c.o[0m
[240.098s] [100%] [32m[1mLinking C shared library rosidl_generator_py/livox_ros_driver2/livox_ros_driver2_s__rosidl_typesupport_c.cpython-310-x86_64-linux-gnu.so[0m
[240.492s] [100%] Built target livox_ros_driver2__rosidl_typesupport_c__pyext
[240.606s] Invoked command in '/home/allen/rm_ws/build/livox_ros_driver2' returned '0': CMAKE_PREFIX_PATH=/home/allen/Robomaster/rm_ws/install/teb_local_planner:/home/allen/Robomaster/rm_ws/install/teb_msgs:/home/allen/Robomaster/rm_ws/install/ros2_livox_simulation:/home/allen/Robomaster/rm_ws/install/rmbot2:/home/allen/Robomaster/rm_ws/install/rm_navigation:/home/allen/Robomaster/rm_ws/install/rm_nav_bringup:/home/allen/Robomaster/rm_ws/install/pointcloud_to_laserscan:/home/allen/Robomaster/rm_ws/install/point_lio:/home/allen/Robomaster/rm_ws/install/icp_registration:/home/allen/Robomaster/rm_ws/install/fast_lio:/home/allen/Robomaster/rm_ws/install/livox_ros_driver2:/home/allen/Robomaster/rm_ws/install/linefit_ground_segmentation_ros:/home/allen/Robomaster/rm_ws/install/linefit_ground_segmentation:/home/allen/Robomaster/rm_ws/install/imu_complementary_filter:/home/allen/Robomaster/rm_ws/install/fake_vel_transform:/home/allen/Robomaster/rm_ws/install/costmap_converter:/home/allen/Robomaster/rm_ws/install/costmap_converter_msgs:/home/allen/capstone/description_ws/install/ur_yt_sim:/home/allen/capstone/description_ws/install/ur10e_description:/home/allen/capstone/description_ws/install/kuka_agilus_support:/home/allen/capstone/description_ws/install/kuka_resources:/opt/ros/humble:/home/allen/capstone/description_ws/install/kuka_kr3_description /usr/bin/cmake --build /home/allen/rm_ws/build/livox_ros_driver2 -- -j2 -l2
[240.613s] Invoking command in '/home/allen/rm_ws/build/livox_ros_driver2': CMAKE_PREFIX_PATH=/home/allen/Robomaster/rm_ws/install/teb_local_planner:/home/allen/Robomaster/rm_ws/install/teb_msgs:/home/allen/Robomaster/rm_ws/install/ros2_livox_simulation:/home/allen/Robomaster/rm_ws/install/rmbot2:/home/allen/Robomaster/rm_ws/install/rm_navigation:/home/allen/Robomaster/rm_ws/install/rm_nav_bringup:/home/allen/Robomaster/rm_ws/install/pointcloud_to_laserscan:/home/allen/Robomaster/rm_ws/install/point_lio:/home/allen/Robomaster/rm_ws/install/icp_registration:/home/allen/Robomaster/rm_ws/install/fast_lio:/home/allen/Robomaster/rm_ws/install/livox_ros_driver2:/home/allen/Robomaster/rm_ws/install/linefit_ground_segmentation_ros:/home/allen/Robomaster/rm_ws/install/linefit_ground_segmentation:/home/allen/Robomaster/rm_ws/install/imu_complementary_filter:/home/allen/Robomaster/rm_ws/install/fake_vel_transform:/home/allen/Robomaster/rm_ws/install/costmap_converter:/home/allen/Robomaster/rm_ws/install/costmap_converter_msgs:/home/allen/capstone/description_ws/install/ur_yt_sim:/home/allen/capstone/description_ws/install/ur10e_description:/home/allen/capstone/description_ws/install/kuka_agilus_support:/home/allen/capstone/description_ws/install/kuka_resources:/opt/ros/humble:/home/allen/capstone/description_ws/install/kuka_kr3_description /usr/bin/cmake --install /home/allen/rm_ws/build/livox_ros_driver2
[240.707s] -- Install configuration: ""
[240.713s] -- Execute custom install script
[240.713s] -- Symlinking: /home/allen/rm_ws/install/livox_ros_driver2/share/ament_index/resource_index/rosidl_interfaces/livox_ros_driver2
[240.793s] -- Symlinking: /home/allen/rm_ws/install/livox_ros_driver2/include/livox_ros_driver2/livox_ros_driver2/msg/custom_msg.h
[240.882s] -- Symlinking: /home/allen/rm_ws/install/livox_ros_driver2/include/livox_ros_driver2/livox_ros_driver2/msg/custom_point.h
[240.973s] -- Symlinking: /home/allen/rm_ws/install/livox_ros_driver2/include/livox_ros_driver2/livox_ros_driver2/msg/detail/custom_msg__functions.h
[241.064s] -- Symlinking: /home/allen/rm_ws/install/livox_ros_driver2/include/livox_ros_driver2/livox_ros_driver2/msg/detail/custom_msg__struct.h
[241.156s] -- Symlinking: /home/allen/rm_ws/install/livox_ros_driver2/include/livox_ros_driver2/livox_ros_driver2/msg/detail/custom_msg__type_support.h
[241.228s] -- Symlinking: /home/allen/rm_ws/install/livox_ros_driver2/include/livox_ros_driver2/livox_ros_driver2/msg/detail/custom_point__functions.h
[241.333s] -- Symlinking: /home/allen/rm_ws/install/livox_ros_driver2/include/livox_ros_driver2/livox_ros_driver2/msg/detail/custom_point__struct.h
[241.426s] -- Symlinking: /home/allen/rm_ws/install/livox_ros_driver2/include/livox_ros_driver2/livox_ros_driver2/msg/detail/custom_point__type_support.h
[241.535s] -- Symlinking: /home/allen/rm_ws/install/livox_ros_driver2/include/livox_ros_driver2/livox_ros_driver2/msg/rosidl_generator_c__visibility_control.h
[241.620s] -- Symlinking: /home/allen/rm_ws/install/livox_ros_driver2/share/livox_ros_driver2/environment/library_path.sh
[241.707s] -- Symlinking: /home/allen/rm_ws/install/livox_ros_driver2/share/livox_ros_driver2/environment/library_path.dsv
[241.810s] -- Symlinking: /home/allen/rm_ws/install/livox_ros_driver2/include/livox_ros_driver2/livox_ros_driver2/msg/detail/custom_msg__rosidl_typesupport_fastrtps_c.h
[241.891s] -- Symlinking: /home/allen/rm_ws/install/livox_ros_driver2/include/livox_ros_driver2/livox_ros_driver2/msg/detail/custom_point__rosidl_typesupport_fastrtps_c.h
[241.992s] -- Symlinking: /home/allen/rm_ws/install/livox_ros_driver2/include/livox_ros_driver2/livox_ros_driver2/msg/rosidl_typesupport_fastrtps_c__visibility_control.h
[242.098s] -- Symlinking: /home/allen/rm_ws/install/livox_ros_driver2/include/livox_ros_driver2/livox_ros_driver2/msg/detail/custom_msg__rosidl_typesupport_introspection_c.h
[242.190s] -- Symlinking: /home/allen/rm_ws/install/livox_ros_driver2/include/livox_ros_driver2/livox_ros_driver2/msg/detail/custom_point__rosidl_typesupport_introspection_c.h
[242.289s] -- Symlinking: /home/allen/rm_ws/install/livox_ros_driver2/include/livox_ros_driver2/livox_ros_driver2/msg/rosidl_typesupport_introspection_c__visibility_control.h
[242.403s] -- Symlinking: /home/allen/rm_ws/install/livox_ros_driver2/include/livox_ros_driver2/livox_ros_driver2/msg/custom_msg.hpp
[242.565s] -- Symlinking: /home/allen/rm_ws/install/livox_ros_driver2/include/livox_ros_driver2/livox_ros_driver2/msg/custom_point.hpp
[242.671s] -- Symlinking: /home/allen/rm_ws/install/livox_ros_driver2/include/livox_ros_driver2/livox_ros_driver2/msg/detail/custom_msg__builder.hpp
[242.767s] -- Symlinking: /home/allen/rm_ws/install/livox_ros_driver2/include/livox_ros_driver2/livox_ros_driver2/msg/detail/custom_msg__struct.hpp
[242.857s] -- Symlinking: /home/allen/rm_ws/install/livox_ros_driver2/include/livox_ros_driver2/livox_ros_driver2/msg/detail/custom_msg__traits.hpp
[242.952s] -- Symlinking: /home/allen/rm_ws/install/livox_ros_driver2/include/livox_ros_driver2/livox_ros_driver2/msg/detail/custom_msg__type_support.hpp
[243.058s] -- Symlinking: /home/allen/rm_ws/install/livox_ros_driver2/include/livox_ros_driver2/livox_ros_driver2/msg/detail/custom_point__builder.hpp
[243.154s] -- Symlinking: /home/allen/rm_ws/install/livox_ros_driver2/include/livox_ros_driver2/livox_ros_driver2/msg/detail/custom_point__struct.hpp
[243.248s] -- Symlinking: /home/allen/rm_ws/install/livox_ros_driver2/include/livox_ros_driver2/livox_ros_driver2/msg/detail/custom_point__traits.hpp
[243.323s] -- Symlinking: /home/allen/rm_ws/install/livox_ros_driver2/include/livox_ros_driver2/livox_ros_driver2/msg/detail/custom_point__type_support.hpp
[243.391s] -- Symlinking: /home/allen/rm_ws/install/livox_ros_driver2/include/livox_ros_driver2/livox_ros_driver2/msg/rosidl_generator_cpp__visibility_control.hpp
[243.509s] -- Symlinking: /home/allen/rm_ws/install/livox_ros_driver2/include/livox_ros_driver2/livox_ros_driver2/msg/detail/custom_msg__rosidl_typesupport_fastrtps_cpp.hpp
[243.603s] -- Symlinking: /home/allen/rm_ws/install/livox_ros_driver2/include/livox_ros_driver2/livox_ros_driver2/msg/detail/custom_point__rosidl_typesupport_fastrtps_cpp.hpp
[243.699s] -- Symlinking: /home/allen/rm_ws/install/livox_ros_driver2/include/livox_ros_driver2/livox_ros_driver2/msg/rosidl_typesupport_fastrtps_cpp__visibility_control.h
[243.783s] -- Symlinking: /home/allen/rm_ws/install/livox_ros_driver2/include/livox_ros_driver2/livox_ros_driver2/msg/detail/custom_msg__rosidl_typesupport_introspection_cpp.hpp
[243.863s] -- Symlinking: /home/allen/rm_ws/install/livox_ros_driver2/include/livox_ros_driver2/livox_ros_driver2/msg/detail/custom_point__rosidl_typesupport_introspection_cpp.hpp
[243.932s] -- Symlinking: /home/allen/rm_ws/install/livox_ros_driver2/share/livox_ros_driver2/environment/pythonpath.sh
[244.035s] -- Symlinking: /home/allen/rm_ws/install/livox_ros_driver2/share/livox_ros_driver2/environment/pythonpath.dsv
[244.113s] -- Symlinking: /home/allen/rm_ws/install/livox_ros_driver2/local/lib/python3.10/dist-packages/livox_ros_driver2-1.0.0-py3.10.egg-info/PKG-INFO
[244.199s] -- Symlinking: /home/allen/rm_ws/install/livox_ros_driver2/local/lib/python3.10/dist-packages/livox_ros_driver2-1.0.0-py3.10.egg-info/SOURCES.txt
[244.276s] -- Symlinking: /home/allen/rm_ws/install/livox_ros_driver2/local/lib/python3.10/dist-packages/livox_ros_driver2-1.0.0-py3.10.egg-info/dependency_links.txt
[244.368s] -- Symlinking: /home/allen/rm_ws/install/livox_ros_driver2/local/lib/python3.10/dist-packages/livox_ros_driver2-1.0.0-py3.10.egg-info/top_level.txt
[244.466s] -- Symlinking: /home/allen/rm_ws/install/livox_ros_driver2/local/lib/python3.10/dist-packages/livox_ros_driver2/__init__.py
[244.554s] -- Symlinking: /home/allen/rm_ws/install/livox_ros_driver2/local/lib/python3.10/dist-packages/livox_ros_driver2/_livox_ros_driver2_s.ep.rosidl_typesupport_c.c
[244.686s] -- Symlinking: /home/allen/rm_ws/install/livox_ros_driver2/local/lib/python3.10/dist-packages/livox_ros_driver2/_livox_ros_driver2_s.ep.rosidl_typesupport_fastrtps_c.c
[244.790s] -- Symlinking: /home/allen/rm_ws/install/livox_ros_driver2/local/lib/python3.10/dist-packages/livox_ros_driver2/_livox_ros_driver2_s.ep.rosidl_typesupport_introspection_c.c
[244.876s] -- Symlinking: /home/allen/rm_ws/install/livox_ros_driver2/local/lib/python3.10/dist-packages/livox_ros_driver2/liblivox_interfaces2__rosidl_generator_py.so
[244.956s] -- Symlinking: /home/allen/rm_ws/install/livox_ros_driver2/local/lib/python3.10/dist-packages/livox_ros_driver2/livox_ros_driver2_s__rosidl_typesupport_c.cpython-310-x86_64-linux-gnu.so
[245.053s] -- Symlinking: /home/allen/rm_ws/install/livox_ros_driver2/local/lib/python3.10/dist-packages/livox_ros_driver2/livox_ros_driver2_s__rosidl_typesupport_fastrtps_c.cpython-310-x86_64-linux-gnu.so
[245.140s] -- Symlinking: /home/allen/rm_ws/install/livox_ros_driver2/local/lib/python3.10/dist-packages/livox_ros_driver2/livox_ros_driver2_s__rosidl_typesupport_introspection_c.cpython-310-x86_64-linux-gnu.so
[245.252s] -- Symlinking: /home/allen/rm_ws/install/livox_ros_driver2/local/lib/python3.10/dist-packages/livox_ros_driver2/msg/__init__.py
[245.361s] -- Symlinking: /home/allen/rm_ws/install/livox_ros_driver2/local/lib/python3.10/dist-packages/livox_ros_driver2/msg/_custom_msg.py
[245.445s] -- Symlinking: /home/allen/rm_ws/install/livox_ros_driver2/local/lib/python3.10/dist-packages/livox_ros_driver2/msg/_custom_msg_s.c
[245.544s] -- Symlinking: /home/allen/rm_ws/install/livox_ros_driver2/local/lib/python3.10/dist-packages/livox_ros_driver2/msg/_custom_point.py
[245.632s] -- Symlinking: /home/allen/rm_ws/install/livox_ros_driver2/local/lib/python3.10/dist-packages/livox_ros_driver2/msg/_custom_point_s.c
[245.699s] -- Up-to-date symlink: /home/allen/rm_ws/install/livox_ros_driver2/local/lib/python3.10/dist-packages/livox_ros_driver2/livox_ros_driver2_s__rosidl_typesupport_fastrtps_c.cpython-310-x86_64-linux-gnu.so
[245.703s] -- Up-to-date symlink: /home/allen/rm_ws/install/livox_ros_driver2/local/lib/python3.10/dist-packages/livox_ros_driver2/livox_ros_driver2_s__rosidl_typesupport_introspection_c.cpython-310-x86_64-linux-gnu.so
[245.704s] -- Up-to-date symlink: /home/allen/rm_ws/install/livox_ros_driver2/local/lib/python3.10/dist-packages/livox_ros_driver2/livox_ros_driver2_s__rosidl_typesupport_c.cpython-310-x86_64-linux-gnu.so
[245.704s] -- Symlinking: /home/allen/rm_ws/install/livox_ros_driver2/share/livox_ros_driver2/msg/CustomPoint.idl
[245.792s] -- Symlinking: /home/allen/rm_ws/install/livox_ros_driver2/share/livox_ros_driver2/msg/CustomMsg.idl
[245.907s] -- Symlinking: /home/allen/rm_ws/install/livox_ros_driver2/share/livox_ros_driver2/msg/CustomPoint.msg
[245.986s] -- Symlinking: /home/allen/rm_ws/install/livox_ros_driver2/share/livox_ros_driver2/msg/CustomMsg.msg
[246.112s] -- Symlinking: /home/allen/rm_ws/install/livox_ros_driver2/lib/livox_ros_driver2/livox_ros_driver2_node
[246.204s] -- Symlinking: /home/allen/rm_ws/install/livox_ros_driver2/lib/liblivox_ros_driver2.so
[246.331s] -- Symlinking: /home/allen/rm_ws/install/livox_ros_driver2/share/livox_ros_driver2/config/HAP_config.json
[246.438s] -- Symlinking: /home/allen/rm_ws/install/livox_ros_driver2/share/livox_ros_driver2/config/MID360_config.json
[246.546s] -- Symlinking: /home/allen/rm_ws/install/livox_ros_driver2/share/livox_ros_driver2/config/display_point_cloud.rviz
[246.619s] -- Symlinking: /home/allen/rm_ws/install/livox_ros_driver2/share/livox_ros_driver2/config/mixed_HAP_MID360_config.json
[246.707s] -- Symlinking: /home/allen/rm_ws/install/livox_ros_driver2/share/livox_ros_driver2/launch/msg_HAP_launch.py
[246.810s] -- Symlinking: /home/allen/rm_ws/install/livox_ros_driver2/share/livox_ros_driver2/launch/msg_MID360_launch.py
[246.947s] -- Symlinking: /home/allen/rm_ws/install/livox_ros_driver2/share/livox_ros_driver2/launch/rviz_HAP_launch.py
[247.033s] -- Symlinking: /home/allen/rm_ws/install/livox_ros_driver2/share/livox_ros_driver2/launch/rviz_MID360_launch.py
[247.124s] -- Symlinking: /home/allen/rm_ws/install/livox_ros_driver2/share/livox_ros_driver2/launch/rviz_mixed.py
[247.187s] -- Symlinking: /home/allen/rm_ws/install/livox_ros_driver2/share/ament_index/resource_index/package_run_dependencies/livox_ros_driver2
[247.271s] -- Symlinking: /home/allen/rm_ws/install/livox_ros_driver2/share/ament_index/resource_index/parent_prefix_path/livox_ros_driver2
[247.370s] -- Symlinking: /home/allen/rm_ws/install/livox_ros_driver2/share/livox_ros_driver2/environment/ament_prefix_path.sh
[247.440s] -- Symlinking: /home/allen/rm_ws/install/livox_ros_driver2/share/livox_ros_driver2/environment/ament_prefix_path.dsv
[247.519s] -- Symlinking: /home/allen/rm_ws/install/livox_ros_driver2/share/livox_ros_driver2/environment/path.sh
[247.593s] -- Symlinking: /home/allen/rm_ws/install/livox_ros_driver2/share/livox_ros_driver2/environment/path.dsv
[247.655s] -- Symlinking: /home/allen/rm_ws/install/livox_ros_driver2/share/livox_ros_driver2/local_setup.bash
[247.759s] -- Symlinking: /home/allen/rm_ws/install/livox_ros_driver2/share/livox_ros_driver2/local_setup.sh
[247.857s] -- Symlinking: /home/allen/rm_ws/install/livox_ros_driver2/share/livox_ros_driver2/local_setup.zsh
[247.958s] -- Symlinking: /home/allen/rm_ws/install/livox_ros_driver2/share/livox_ros_driver2/local_setup.dsv
[248.047s] -- Symlinking: /home/allen/rm_ws/install/livox_ros_driver2/share/livox_ros_driver2/package.dsv
[248.129s] -- Symlinking: /home/allen/rm_ws/install/livox_ros_driver2/share/ament_index/resource_index/packages/livox_ros_driver2
[248.238s] -- Symlinking: /home/allen/rm_ws/install/livox_ros_driver2/share/ament_index/resource_index/rclcpp_components/livox_ros_driver2
[248.341s] -- Symlinking: /home/allen/rm_ws/install/livox_ros_driver2/share/livox_ros_driver2/cmake/rosidl_cmake-extras.cmake
[248.438s] -- Symlinking: /home/allen/rm_ws/install/livox_ros_driver2/share/livox_ros_driver2/cmake/ament_cmake_export_dependencies-extras.cmake
[248.527s] -- Symlinking: /home/allen/rm_ws/install/livox_ros_driver2/share/livox_ros_driver2/cmake/ament_cmake_export_include_directories-extras.cmake
[248.613s] -- Symlinking: /home/allen/rm_ws/install/livox_ros_driver2/share/livox_ros_driver2/cmake/ament_cmake_export_libraries-extras.cmake
[248.700s] -- Symlinking: /home/allen/rm_ws/install/livox_ros_driver2/share/livox_ros_driver2/cmake/ament_cmake_export_targets-extras.cmake
[248.800s] -- Symlinking: /home/allen/rm_ws/install/livox_ros_driver2/share/livox_ros_driver2/cmake/rosidl_cmake_export_typesupport_targets-extras.cmake
[248.904s] -- Symlinking: /home/allen/rm_ws/install/livox_ros_driver2/share/livox_ros_driver2/cmake/rosidl_cmake_export_typesupport_libraries-extras.cmake
[249.007s] -- Symlinking: /home/allen/rm_ws/install/livox_ros_driver2/share/livox_ros_driver2/cmake/livox_ros_driver2Config.cmake
[249.139s] -- Symlinking: /home/allen/rm_ws/install/livox_ros_driver2/share/livox_ros_driver2/cmake/livox_ros_driver2Config-version.cmake
[249.238s] -- Symlinking: /home/allen/rm_ws/install/livox_ros_driver2/share/livox_ros_driver2/package.xml
[249.335s] -- Installing: /home/allen/rm_ws/install/livox_ros_driver2/lib/liblivox_ros_driver2__rosidl_generator_c.so
[249.342s] -- Set runtime path of "/home/allen/rm_ws/install/livox_ros_driver2/lib/liblivox_ros_driver2__rosidl_generator_c.so" to ""
[249.344s] -- Installing: /home/allen/rm_ws/install/livox_ros_driver2/lib/liblivox_ros_driver2__rosidl_typesupport_fastrtps_c.so
[249.352s] -- Set runtime path of "/home/allen/rm_ws/install/livox_ros_driver2/lib/liblivox_ros_driver2__rosidl_typesupport_fastrtps_c.so" to ""
[249.352s] -- Installing: /home/allen/rm_ws/install/livox_ros_driver2/lib/liblivox_ros_driver2__rosidl_typesupport_introspection_c.so
[249.358s] -- Set runtime path of "/home/allen/rm_ws/install/livox_ros_driver2/lib/liblivox_ros_driver2__rosidl_typesupport_introspection_c.so" to ""
[249.361s] -- Installing: /home/allen/rm_ws/install/livox_ros_driver2/lib/liblivox_ros_driver2__rosidl_typesupport_c.so
[249.366s] -- Set runtime path of "/home/allen/rm_ws/install/livox_ros_driver2/lib/liblivox_ros_driver2__rosidl_typesupport_c.so" to ""
[249.367s] -- Installing: /home/allen/rm_ws/install/livox_ros_driver2/lib/liblivox_ros_driver2__rosidl_typesupport_fastrtps_cpp.so
[249.375s] -- Set runtime path of "/home/allen/rm_ws/install/livox_ros_driver2/lib/liblivox_ros_driver2__rosidl_typesupport_fastrtps_cpp.so" to ""
[249.376s] -- Installing: /home/allen/rm_ws/install/livox_ros_driver2/lib/liblivox_ros_driver2__rosidl_typesupport_introspection_cpp.so
[249.385s] -- Set runtime path of "/home/allen/rm_ws/install/livox_ros_driver2/lib/liblivox_ros_driver2__rosidl_typesupport_introspection_cpp.so" to ""
[249.387s] -- Installing: /home/allen/rm_ws/install/livox_ros_driver2/lib/liblivox_ros_driver2__rosidl_typesupport_cpp.so
[249.401s] -- Set runtime path of "/home/allen/rm_ws/install/livox_ros_driver2/lib/liblivox_ros_driver2__rosidl_typesupport_cpp.so" to ""
[249.605s] Listing '/home/allen/rm_ws/install/livox_ros_driver2/local/lib/python3.10/dist-packages/livox_ros_driver2'...
[249.605s] Compiling '/home/allen/rm_ws/install/livox_ros_driver2/local/lib/python3.10/dist-packages/livox_ros_driver2/__init__.py'...
[249.605s] Listing '/home/allen/rm_ws/install/livox_ros_driver2/local/lib/python3.10/dist-packages/livox_ros_driver2/msg'...
[249.606s] Compiling '/home/allen/rm_ws/install/livox_ros_driver2/local/lib/python3.10/dist-packages/livox_ros_driver2/msg/__init__.py'...
[249.606s] Compiling '/home/allen/rm_ws/install/livox_ros_driver2/local/lib/python3.10/dist-packages/livox_ros_driver2/msg/_custom_msg.py'...
[249.606s] Compiling '/home/allen/rm_ws/install/livox_ros_driver2/local/lib/python3.10/dist-packages/livox_ros_driver2/msg/_custom_point.py'...
[249.619s] -- Installing: /home/allen/rm_ws/install/livox_ros_driver2/lib/liblivox_interfaces2__rosidl_generator_py.so
[249.625s] -- Set runtime path of "/home/allen/rm_ws/install/livox_ros_driver2/lib/liblivox_interfaces2__rosidl_generator_py.so" to ""
[249.627s] -- Installing: /home/allen/rm_ws/install/livox_ros_driver2/share/livox_ros_driver2/cmake/export_livox_interfaces2__rosidl_generator_cExport.cmake
[249.630s] -- Installing: /home/allen/rm_ws/install/livox_ros_driver2/share/livox_ros_driver2/cmake/export_livox_interfaces2__rosidl_generator_cExport-noconfig.cmake
[249.630s] -- Installing: /home/allen/rm_ws/install/livox_ros_driver2/share/livox_ros_driver2/cmake/export_livox_interfaces2__rosidl_typesupport_fastrtps_cExport.cmake
[249.634s] -- Installing: /home/allen/rm_ws/install/livox_ros_driver2/share/livox_ros_driver2/cmake/export_livox_interfaces2__rosidl_typesupport_fastrtps_cExport-noconfig.cmake
[249.635s] -- Installing: /home/allen/rm_ws/install/livox_ros_driver2/share/livox_ros_driver2/cmake/livox_interfaces2__rosidl_typesupport_introspection_cExport.cmake
[249.638s] -- Installing: /home/allen/rm_ws/install/livox_ros_driver2/share/livox_ros_driver2/cmake/livox_interfaces2__rosidl_typesupport_introspection_cExport-noconfig.cmake
[249.640s] -- Installing: /home/allen/rm_ws/install/livox_ros_driver2/share/livox_ros_driver2/cmake/livox_interfaces2__rosidl_typesupport_cExport.cmake
[249.641s] -- Installing: /home/allen/rm_ws/install/livox_ros_driver2/share/livox_ros_driver2/cmake/livox_interfaces2__rosidl_typesupport_cExport-noconfig.cmake
[249.641s] -- Installing: /home/allen/rm_ws/install/livox_ros_driver2/share/livox_ros_driver2/cmake/export_livox_interfaces2__rosidl_generator_cppExport.cmake
[249.643s] -- Installing: /home/allen/rm_ws/install/livox_ros_driver2/share/livox_ros_driver2/cmake/export_livox_interfaces2__rosidl_typesupport_fastrtps_cppExport.cmake
[249.644s] -- Installing: /home/allen/rm_ws/install/livox_ros_driver2/share/livox_ros_driver2/cmake/export_livox_interfaces2__rosidl_typesupport_fastrtps_cppExport-noconfig.cmake
[249.646s] -- Installing: /home/allen/rm_ws/install/livox_ros_driver2/share/livox_ros_driver2/cmake/livox_interfaces2__rosidl_typesupport_introspection_cppExport.cmake
[249.648s] -- Installing: /home/allen/rm_ws/install/livox_ros_driver2/share/livox_ros_driver2/cmake/livox_interfaces2__rosidl_typesupport_introspection_cppExport-noconfig.cmake
[249.652s] -- Installing: /home/allen/rm_ws/install/livox_ros_driver2/share/livox_ros_driver2/cmake/livox_interfaces2__rosidl_typesupport_cppExport.cmake
[249.656s] -- Installing: /home/allen/rm_ws/install/livox_ros_driver2/share/livox_ros_driver2/cmake/livox_interfaces2__rosidl_typesupport_cppExport-noconfig.cmake
[249.660s] -- Installing: /home/allen/rm_ws/install/livox_ros_driver2/share/livox_ros_driver2/cmake/export_livox_interfaces2__rosidl_generator_pyExport.cmake
[249.664s] -- Installing: /home/allen/rm_ws/install/livox_ros_driver2/share/livox_ros_driver2/cmake/export_livox_interfaces2__rosidl_generator_pyExport-noconfig.cmake
[249.680s] Invoked command in '/home/allen/rm_ws/build/livox_ros_driver2' returned '0': CMAKE_PREFIX_PATH=/home/allen/Robomaster/rm_ws/install/teb_local_planner:/home/allen/Robomaster/rm_ws/install/teb_msgs:/home/allen/Robomaster/rm_ws/install/ros2_livox_simulation:/home/allen/Robomaster/rm_ws/install/rmbot2:/home/allen/Robomaster/rm_ws/install/rm_navigation:/home/allen/Robomaster/rm_ws/install/rm_nav_bringup:/home/allen/Robomaster/rm_ws/install/pointcloud_to_laserscan:/home/allen/Robomaster/rm_ws/install/point_lio:/home/allen/Robomaster/rm_ws/install/icp_registration:/home/allen/Robomaster/rm_ws/install/fast_lio:/home/allen/Robomaster/rm_ws/install/livox_ros_driver2:/home/allen/Robomaster/rm_ws/install/linefit_ground_segmentation_ros:/home/allen/Robomaster/rm_ws/install/linefit_ground_segmentation:/home/allen/Robomaster/rm_ws/install/imu_complementary_filter:/home/allen/Robomaster/rm_ws/install/fake_vel_transform:/home/allen/Robomaster/rm_ws/install/costmap_converter:/home/allen/Robomaster/rm_ws/install/costmap_converter_msgs:/home/allen/capstone/description_ws/install/ur_yt_sim:/home/allen/capstone/description_ws/install/ur10e_description:/home/allen/capstone/description_ws/install/kuka_agilus_support:/home/allen/capstone/description_ws/install/kuka_resources:/opt/ros/humble:/home/allen/capstone/description_ws/install/kuka_kr3_description /usr/bin/cmake --install /home/allen/rm_ws/build/livox_ros_driver2
