[0.298s] Invoking command in '/home/allen/rm_ws/build/teb_local_planner': AMENT_PREFIX_PATH=/home/allen/rm_ws/install/teb_msgs:/home/allen/rm_ws/install/costmap_converter:/home/allen/rm_ws/install/costmap_converter_msgs:${AMENT_PREFIX_PATH} CMAKE_PREFIX_PATH=/home/allen/rm_ws/install/teb_msgs:/home/allen/rm_ws/install/costmap_converter:/home/allen/rm_ws/install/costmap_converter_msgs:/home/allen/Robomaster/rm_ws/install/teb_local_planner:/home/allen/Robomaster/rm_ws/install/teb_msgs:/home/allen/Robomaster/rm_ws/install/ros2_livox_simulation:/home/allen/Robomaster/rm_ws/install/rmbot2:/home/allen/Robomaster/rm_ws/install/rm_navigation:/home/allen/Robomaster/rm_ws/install/rm_nav_bringup:/home/allen/Robomaster/rm_ws/install/pointcloud_to_laserscan:/home/allen/Robomaster/rm_ws/install/point_lio:/home/allen/Robomaster/rm_ws/install/icp_registration:/home/allen/Robomaster/rm_ws/install/fast_lio:/home/allen/Robomaster/rm_ws/install/livox_ros_driver2:/home/allen/Robomaster/rm_ws/install/linefit_ground_segmentation_ros:/home/allen/Robomaster/rm_ws/install/linefit_ground_segmentation:/home/allen/Robomaster/rm_ws/install/imu_complementary_filter:/home/allen/Robomaster/rm_ws/install/fake_vel_transform:/home/allen/Robomaster/rm_ws/install/costmap_converter:/home/allen/Robomaster/rm_ws/install/costmap_converter_msgs:/home/allen/capstone/description_ws/install/ur_yt_sim:/home/allen/capstone/description_ws/install/ur10e_description:/home/allen/capstone/description_ws/install/kuka_agilus_support:/home/allen/capstone/description_ws/install/kuka_resources:/opt/ros/humble:/home/allen/capstone/description_ws/install/kuka_kr3_description LD_LIBRARY_PATH=/home/allen/rm_ws/install/teb_msgs/lib:/home/allen/rm_ws/install/costmap_converter/lib:/home/allen/rm_ws/install/costmap_converter_msgs/lib:/home/allen/Robomaster/rm_ws/install/teb_local_planner/lib:/home/allen/Robomaster/rm_ws/install/teb_msgs/lib:/home/allen/Robomaster/rm_ws/install/ros2_livox_simulation/lib:/home/allen/Robomaster/rm_ws/install/pointcloud_to_laserscan/lib:/home/allen/Robomaster/rm_ws/install/icp_registration/lib:/home/allen/Robomaster/rm_ws/install/fast_lio/lib:/home/allen/Robomaster/rm_ws/install/livox_ros_driver2/lib:/home/allen/Robomaster/rm_ws/install/linefit_ground_segmentation/lib:/home/allen/Robomaster/rm_ws/install/imu_complementary_filter/lib:/home/allen/Robomaster/rm_ws/install/fake_vel_transform/lib:/home/allen/Robomaster/rm_ws/install/costmap_converter/lib:/home/allen/Robomaster/rm_ws/install/costmap_converter_msgs/lib:/usr/lib/x86_64-linux-gnu/gazebo-11/plugins:/opt/ros/humble/opt/rviz_ogre_vendor/lib:/opt/ros/humble/lib/x86_64-linux-gnu:/opt/ros/humble/opt/openvdb_vendor/lib:/opt/ros/humble/lib:/usr/local/lib:/usr/local/lib:/usr/local/lib:/usr/local/lib PATH=/home/allen/rm_ws/install/costmap_converter/bin:${PATH} PYTHONPATH=/home/allen/rm_ws/install/teb_msgs/local/lib/python3.10/dist-packages:/home/allen/rm_ws/install/costmap_converter_msgs/local/lib/python3.10/dist-packages:${PYTHONPATH} /usr/bin/cmake /home/allen/rm_ws/src/rm_navigation/teb_local_planner/teb_local_planner -DAMENT_CMAKE_SYMLINK_INSTALL=1 -DCMAKE_INSTALL_PREFIX=/home/allen/rm_ws/install/teb_local_planner
[0.755s] -- The C compiler identification is GNU 11.4.0
[1.157s] -- The CXX compiler identification is GNU 11.4.0
[1.203s] -- Detecting C compiler ABI info
[1.714s] -- Detecting C compiler ABI info - done
[1.728s] -- Check for working C compiler: /usr/bin/cc - skipped
[1.729s] -- Detecting C compile features
[1.734s] -- Detecting C compile features - done
[1.747s] -- Detecting CXX compiler ABI info
[2.357s] -- Detecting CXX compiler ABI info - done
[2.400s] -- Check for working CXX compiler: /usr/bin/c++ - skipped
[2.405s] -- Detecting CXX compile features
[2.410s] -- Detecting CXX compile features - done
[2.528s] -- Found ament_cmake: 1.3.12 (/opt/ros/humble/share/ament_cmake/cmake)
[3.480s] -- Found Python3: /usr/bin/python3 (found version "3.10.12") found components: Interpreter 
[3.799s] -- Override CMake install command with custom implementation using symlinks instead of copying resources
[4.418s] -- Found costmap_converter: 0.1.2 (/home/allen/rm_ws/install/costmap_converter/share/costmap_converter/cmake)
[5.233s] -- Found rosidl_generator_c: 3.1.7 (/opt/ros/humble/share/rosidl_generator_c/cmake)
[5.330s] -- Found rosidl_adapter: 3.1.7 (/opt/ros/humble/share/rosidl_adapter/cmake)
[5.444s] -- Found rosidl_generator_cpp: 3.1.7 (/opt/ros/humble/share/rosidl_generator_cpp/cmake)
[5.555s] -- Using all available rosidl_typesupport_c: rosidl_typesupport_fastrtps_c;rosidl_typesupport_introspection_c
[5.660s] -- Using all available rosidl_typesupport_cpp: rosidl_typesupport_fastrtps_cpp;rosidl_typesupport_introspection_cpp
[7.046s] -- Found rmw_implementation_cmake: 6.1.2 (/opt/ros/humble/share/rmw_implementation_cmake/cmake)
[7.120s] -- Found rmw_cyclonedds_cpp: 1.3.4 (/opt/ros/humble/share/rmw_cyclonedds_cpp/cmake)
[7.465s] -- Using RMW implementation 'rmw_cyclonedds_cpp' as default
[7.586s] -- Looking for pthread.h
[8.179s] -- Looking for pthread.h - found
[8.186s] -- Performing Test CMAKE_HAVE_LIBC_PTHREAD
[8.836s] -- Performing Test CMAKE_HAVE_LIBC_PTHREAD - Success
[8.844s] -- Found Threads: TRUE  
[10.316s] -- Found Eigen3: TRUE (found version "3.4.0") 
[10.316s] -- Ensuring Eigen3 include directory is part of orocos-kdl CMake target
[11.372s] -- Found dwb_critics: 1.1.18 (/opt/ros/humble/share/dwb_critics/cmake)
[12.129s] -- Found teb_msgs: 0.0.1 (/home/allen/rm_ws/install/teb_msgs/share/teb_msgs/cmake)
[12.231s] -- Found tf2_eigen: 0.25.16 (/opt/ros/humble/share/tf2_eigen/cmake)
[12.250s] -- System: Linux-6.8.0-85-generic
[12.251s] -- /opt/ros/humble/share/tinyxml2_vendor/cmake/Modules;/opt/ros/humble/share/eigen3_cmake_module/cmake/Modules;/opt/ros/humble/share/fastrtps_cmake_module/cmake/Modules;/opt/ros/humble/lib/x86_64-linux-gnu/cmake/iceoryx_hoofs;/opt/ros/humble/lib/x86_64-linux-gnu/cmake/iceoryx_hoofs;/opt/ros/humble/lib/x86_64-linux-gnu/cmake/iceoryx_posh;/home/allen/rm_ws/src/rm_navigation/teb_local_planner/teb_local_planner/cmake_modules
[12.290s] -- Found SuiteSparse
[12.292s] -- Searching for g2o ...
[12.296s] -- Found g2o headers in: /opt/ros/humble/include/g2o
[12.318s] -- Found libg2o: /opt/ros/humble/lib/x86_64-linux-gnu/libg2o_csparse_extension.so;/opt/ros/humble/lib/x86_64-linux-gnu/libg2o_core.so;/opt/ros/humble/lib/x86_64-linux-gnu/libg2o_stuff.so;/opt/ros/humble/lib/x86_64-linux-gnu/libg2o_types_slam2d.so;/opt/ros/humble/lib/x86_64-linux-gnu/libg2o_types_slam3d.so;/opt/ros/humble/lib/x86_64-linux-gnu/libg2o_solver_cholmod.so;/opt/ros/humble/lib/x86_64-linux-gnu/libg2o_solver_pcg.so;/opt/ros/humble/lib/x86_64-linux-gnu/libg2o_solver_csparse.so;/opt/ros/humble/lib/x86_64-linux-gnu/libg2o_incremental.so
[12.426s] -- Found Boost: /usr/lib/x86_64-linux-gnu/cmake/Boost-1.74.0/BoostConfig.cmake (found version "1.74.0")  
[30.978s] -- Found ament_cmake_gtest: 1.3.12 (/opt/ros/humble/share/ament_cmake_gtest/cmake)
[31.314s] -- Configuring done
[32.448s] -- Generating done
[32.489s] -- Build files have been written to: /home/allen/rm_ws/build/teb_local_planner
[32.560s] Invoked command in '/home/allen/rm_ws/build/teb_local_planner' returned '0': AMENT_PREFIX_PATH=/home/allen/rm_ws/install/teb_msgs:/home/allen/rm_ws/install/costmap_converter:/home/allen/rm_ws/install/costmap_converter_msgs:${AMENT_PREFIX_PATH} CMAKE_PREFIX_PATH=/home/allen/rm_ws/install/teb_msgs:/home/allen/rm_ws/install/costmap_converter:/home/allen/rm_ws/install/costmap_converter_msgs:/home/allen/Robomaster/rm_ws/install/teb_local_planner:/home/allen/Robomaster/rm_ws/install/teb_msgs:/home/allen/Robomaster/rm_ws/install/ros2_livox_simulation:/home/allen/Robomaster/rm_ws/install/rmbot2:/home/allen/Robomaster/rm_ws/install/rm_navigation:/home/allen/Robomaster/rm_ws/install/rm_nav_bringup:/home/allen/Robomaster/rm_ws/install/pointcloud_to_laserscan:/home/allen/Robomaster/rm_ws/install/point_lio:/home/allen/Robomaster/rm_ws/install/icp_registration:/home/allen/Robomaster/rm_ws/install/fast_lio:/home/allen/Robomaster/rm_ws/install/livox_ros_driver2:/home/allen/Robomaster/rm_ws/install/linefit_ground_segmentation_ros:/home/allen/Robomaster/rm_ws/install/linefit_ground_segmentation:/home/allen/Robomaster/rm_ws/install/imu_complementary_filter:/home/allen/Robomaster/rm_ws/install/fake_vel_transform:/home/allen/Robomaster/rm_ws/install/costmap_converter:/home/allen/Robomaster/rm_ws/install/costmap_converter_msgs:/home/allen/capstone/description_ws/install/ur_yt_sim:/home/allen/capstone/description_ws/install/ur10e_description:/home/allen/capstone/description_ws/install/kuka_agilus_support:/home/allen/capstone/description_ws/install/kuka_resources:/opt/ros/humble:/home/allen/capstone/description_ws/install/kuka_kr3_description LD_LIBRARY_PATH=/home/allen/rm_ws/install/teb_msgs/lib:/home/allen/rm_ws/install/costmap_converter/lib:/home/allen/rm_ws/install/costmap_converter_msgs/lib:/home/allen/Robomaster/rm_ws/install/teb_local_planner/lib:/home/allen/Robomaster/rm_ws/install/teb_msgs/lib:/home/allen/Robomaster/rm_ws/install/ros2_livox_simulation/lib:/home/allen/Robomaster/rm_ws/install/pointcloud_to_laserscan/lib:/home/allen/Robomaster/rm_ws/install/icp_registration/lib:/home/allen/Robomaster/rm_ws/install/fast_lio/lib:/home/allen/Robomaster/rm_ws/install/livox_ros_driver2/lib:/home/allen/Robomaster/rm_ws/install/linefit_ground_segmentation/lib:/home/allen/Robomaster/rm_ws/install/imu_complementary_filter/lib:/home/allen/Robomaster/rm_ws/install/fake_vel_transform/lib:/home/allen/Robomaster/rm_ws/install/costmap_converter/lib:/home/allen/Robomaster/rm_ws/install/costmap_converter_msgs/lib:/usr/lib/x86_64-linux-gnu/gazebo-11/plugins:/opt/ros/humble/opt/rviz_ogre_vendor/lib:/opt/ros/humble/lib/x86_64-linux-gnu:/opt/ros/humble/opt/openvdb_vendor/lib:/opt/ros/humble/lib:/usr/local/lib:/usr/local/lib:/usr/local/lib:/usr/local/lib PATH=/home/allen/rm_ws/install/costmap_converter/bin:${PATH} PYTHONPATH=/home/allen/rm_ws/install/teb_msgs/local/lib/python3.10/dist-packages:/home/allen/rm_ws/install/costmap_converter_msgs/local/lib/python3.10/dist-packages:${PYTHONPATH} /usr/bin/cmake /home/allen/rm_ws/src/rm_navigation/teb_local_planner/teb_local_planner -DAMENT_CMAKE_SYMLINK_INSTALL=1 -DCMAKE_INSTALL_PREFIX=/home/allen/rm_ws/install/teb_local_planner
[32.571s] Invoking command in '/home/allen/rm_ws/build/teb_local_planner': AMENT_PREFIX_PATH=/home/allen/rm_ws/install/teb_msgs:/home/allen/rm_ws/install/costmap_converter:/home/allen/rm_ws/install/costmap_converter_msgs:${AMENT_PREFIX_PATH} CMAKE_PREFIX_PATH=/home/allen/rm_ws/install/teb_msgs:/home/allen/rm_ws/install/costmap_converter:/home/allen/rm_ws/install/costmap_converter_msgs:/home/allen/Robomaster/rm_ws/install/teb_local_planner:/home/allen/Robomaster/rm_ws/install/teb_msgs:/home/allen/Robomaster/rm_ws/install/ros2_livox_simulation:/home/allen/Robomaster/rm_ws/install/rmbot2:/home/allen/Robomaster/rm_ws/install/rm_navigation:/home/allen/Robomaster/rm_ws/install/rm_nav_bringup:/home/allen/Robomaster/rm_ws/install/pointcloud_to_laserscan:/home/allen/Robomaster/rm_ws/install/point_lio:/home/allen/Robomaster/rm_ws/install/icp_registration:/home/allen/Robomaster/rm_ws/install/fast_lio:/home/allen/Robomaster/rm_ws/install/livox_ros_driver2:/home/allen/Robomaster/rm_ws/install/linefit_ground_segmentation_ros:/home/allen/Robomaster/rm_ws/install/linefit_ground_segmentation:/home/allen/Robomaster/rm_ws/install/imu_complementary_filter:/home/allen/Robomaster/rm_ws/install/fake_vel_transform:/home/allen/Robomaster/rm_ws/install/costmap_converter:/home/allen/Robomaster/rm_ws/install/costmap_converter_msgs:/home/allen/capstone/description_ws/install/ur_yt_sim:/home/allen/capstone/description_ws/install/ur10e_description:/home/allen/capstone/description_ws/install/kuka_agilus_support:/home/allen/capstone/description_ws/install/kuka_resources:/opt/ros/humble:/home/allen/capstone/description_ws/install/kuka_kr3_description LD_LIBRARY_PATH=/home/allen/rm_ws/install/teb_msgs/lib:/home/allen/rm_ws/install/costmap_converter/lib:/home/allen/rm_ws/install/costmap_converter_msgs/lib:/home/allen/Robomaster/rm_ws/install/teb_local_planner/lib:/home/allen/Robomaster/rm_ws/install/teb_msgs/lib:/home/allen/Robomaster/rm_ws/install/ros2_livox_simulation/lib:/home/allen/Robomaster/rm_ws/install/pointcloud_to_laserscan/lib:/home/allen/Robomaster/rm_ws/install/icp_registration/lib:/home/allen/Robomaster/rm_ws/install/fast_lio/lib:/home/allen/Robomaster/rm_ws/install/livox_ros_driver2/lib:/home/allen/Robomaster/rm_ws/install/linefit_ground_segmentation/lib:/home/allen/Robomaster/rm_ws/install/imu_complementary_filter/lib:/home/allen/Robomaster/rm_ws/install/fake_vel_transform/lib:/home/allen/Robomaster/rm_ws/install/costmap_converter/lib:/home/allen/Robomaster/rm_ws/install/costmap_converter_msgs/lib:/usr/lib/x86_64-linux-gnu/gazebo-11/plugins:/opt/ros/humble/opt/rviz_ogre_vendor/lib:/opt/ros/humble/lib/x86_64-linux-gnu:/opt/ros/humble/opt/openvdb_vendor/lib:/opt/ros/humble/lib:/usr/local/lib:/usr/local/lib:/usr/local/lib:/usr/local/lib PATH=/home/allen/rm_ws/install/costmap_converter/bin:${PATH} PYTHONPATH=/home/allen/rm_ws/install/teb_msgs/local/lib/python3.10/dist-packages:/home/allen/rm_ws/install/costmap_converter_msgs/local/lib/python3.10/dist-packages:${PYTHONPATH} /usr/bin/cmake --build /home/allen/rm_ws/build/teb_local_planner -- -j2 -l2
[33.139s] [ 10%] [32mBuilding CXX object CMakeFiles/teb_local_planner.dir/src/timed_elastic_band.cpp.o[0m
[69.371s] [ 20%] [32mBuilding CXX object CMakeFiles/teb_local_planner.dir/src/optimal_planner.cpp.o[0m
[172.097s] [ 30%] [32mBuilding CXX object CMakeFiles/teb_local_planner.dir/src/obstacles.cpp.o[0m
[184.506s] [ 40%] [32mBuilding CXX object CMakeFiles/teb_local_planner.dir/src/visualization.cpp.o[0m
[262.775s] [ 50%] [32mBuilding CXX object CMakeFiles/teb_local_planner.dir/src/recovery_behaviors.cpp.o[0m
[278.984s] [ 60%] [32mBuilding CXX object CMakeFiles/teb_local_planner.dir/src/teb_config.cpp.o[0m
[305.986s] [ 70%] [32mBuilding CXX object CMakeFiles/teb_local_planner.dir/src/homotopy_class_planner.cpp.o[0m
[308.081s] [ 80%] [32mBuilding CXX object CMakeFiles/teb_local_planner.dir/src/teb_local_planner_ros.cpp.o[0m
[435.556s] [ 90%] [32mBuilding CXX object CMakeFiles/teb_local_planner.dir/src/graph_search.cpp.o[0m
[501.303s] [100%] [32m[1mLinking CXX shared library libteb_local_planner.so[0m
[503.782s] [100%] Built target teb_local_planner
[503.861s] Invoked command in '/home/allen/rm_ws/build/teb_local_planner' returned '0': AMENT_PREFIX_PATH=/home/allen/rm_ws/install/teb_msgs:/home/allen/rm_ws/install/costmap_converter:/home/allen/rm_ws/install/costmap_converter_msgs:${AMENT_PREFIX_PATH} CMAKE_PREFIX_PATH=/home/allen/rm_ws/install/teb_msgs:/home/allen/rm_ws/install/costmap_converter:/home/allen/rm_ws/install/costmap_converter_msgs:/home/allen/Robomaster/rm_ws/install/teb_local_planner:/home/allen/Robomaster/rm_ws/install/teb_msgs:/home/allen/Robomaster/rm_ws/install/ros2_livox_simulation:/home/allen/Robomaster/rm_ws/install/rmbot2:/home/allen/Robomaster/rm_ws/install/rm_navigation:/home/allen/Robomaster/rm_ws/install/rm_nav_bringup:/home/allen/Robomaster/rm_ws/install/pointcloud_to_laserscan:/home/allen/Robomaster/rm_ws/install/point_lio:/home/allen/Robomaster/rm_ws/install/icp_registration:/home/allen/Robomaster/rm_ws/install/fast_lio:/home/allen/Robomaster/rm_ws/install/livox_ros_driver2:/home/allen/Robomaster/rm_ws/install/linefit_ground_segmentation_ros:/home/allen/Robomaster/rm_ws/install/linefit_ground_segmentation:/home/allen/Robomaster/rm_ws/install/imu_complementary_filter:/home/allen/Robomaster/rm_ws/install/fake_vel_transform:/home/allen/Robomaster/rm_ws/install/costmap_converter:/home/allen/Robomaster/rm_ws/install/costmap_converter_msgs:/home/allen/capstone/description_ws/install/ur_yt_sim:/home/allen/capstone/description_ws/install/ur10e_description:/home/allen/capstone/description_ws/install/kuka_agilus_support:/home/allen/capstone/description_ws/install/kuka_resources:/opt/ros/humble:/home/allen/capstone/description_ws/install/kuka_kr3_description LD_LIBRARY_PATH=/home/allen/rm_ws/install/teb_msgs/lib:/home/allen/rm_ws/install/costmap_converter/lib:/home/allen/rm_ws/install/costmap_converter_msgs/lib:/home/allen/Robomaster/rm_ws/install/teb_local_planner/lib:/home/allen/Robomaster/rm_ws/install/teb_msgs/lib:/home/allen/Robomaster/rm_ws/install/ros2_livox_simulation/lib:/home/allen/Robomaster/rm_ws/install/pointcloud_to_laserscan/lib:/home/allen/Robomaster/rm_ws/install/icp_registration/lib:/home/allen/Robomaster/rm_ws/install/fast_lio/lib:/home/allen/Robomaster/rm_ws/install/livox_ros_driver2/lib:/home/allen/Robomaster/rm_ws/install/linefit_ground_segmentation/lib:/home/allen/Robomaster/rm_ws/install/imu_complementary_filter/lib:/home/allen/Robomaster/rm_ws/install/fake_vel_transform/lib:/home/allen/Robomaster/rm_ws/install/costmap_converter/lib:/home/allen/Robomaster/rm_ws/install/costmap_converter_msgs/lib:/usr/lib/x86_64-linux-gnu/gazebo-11/plugins:/opt/ros/humble/opt/rviz_ogre_vendor/lib:/opt/ros/humble/lib/x86_64-linux-gnu:/opt/ros/humble/opt/openvdb_vendor/lib:/opt/ros/humble/lib:/usr/local/lib:/usr/local/lib:/usr/local/lib:/usr/local/lib PATH=/home/allen/rm_ws/install/costmap_converter/bin:${PATH} PYTHONPATH=/home/allen/rm_ws/install/teb_msgs/local/lib/python3.10/dist-packages:/home/allen/rm_ws/install/costmap_converter_msgs/local/lib/python3.10/dist-packages:${PYTHONPATH} /usr/bin/cmake --build /home/allen/rm_ws/build/teb_local_planner -- -j2 -l2
[503.875s] Invoking command in '/home/allen/rm_ws/build/teb_local_planner': AMENT_PREFIX_PATH=/home/allen/rm_ws/install/teb_msgs:/home/allen/rm_ws/install/costmap_converter:/home/allen/rm_ws/install/costmap_converter_msgs:${AMENT_PREFIX_PATH} CMAKE_PREFIX_PATH=/home/allen/rm_ws/install/teb_msgs:/home/allen/rm_ws/install/costmap_converter:/home/allen/rm_ws/install/costmap_converter_msgs:/home/allen/Robomaster/rm_ws/install/teb_local_planner:/home/allen/Robomaster/rm_ws/install/teb_msgs:/home/allen/Robomaster/rm_ws/install/ros2_livox_simulation:/home/allen/Robomaster/rm_ws/install/rmbot2:/home/allen/Robomaster/rm_ws/install/rm_navigation:/home/allen/Robomaster/rm_ws/install/rm_nav_bringup:/home/allen/Robomaster/rm_ws/install/pointcloud_to_laserscan:/home/allen/Robomaster/rm_ws/install/point_lio:/home/allen/Robomaster/rm_ws/install/icp_registration:/home/allen/Robomaster/rm_ws/install/fast_lio:/home/allen/Robomaster/rm_ws/install/livox_ros_driver2:/home/allen/Robomaster/rm_ws/install/linefit_ground_segmentation_ros:/home/allen/Robomaster/rm_ws/install/linefit_ground_segmentation:/home/allen/Robomaster/rm_ws/install/imu_complementary_filter:/home/allen/Robomaster/rm_ws/install/fake_vel_transform:/home/allen/Robomaster/rm_ws/install/costmap_converter:/home/allen/Robomaster/rm_ws/install/costmap_converter_msgs:/home/allen/capstone/description_ws/install/ur_yt_sim:/home/allen/capstone/description_ws/install/ur10e_description:/home/allen/capstone/description_ws/install/kuka_agilus_support:/home/allen/capstone/description_ws/install/kuka_resources:/opt/ros/humble:/home/allen/capstone/description_ws/install/kuka_kr3_description LD_LIBRARY_PATH=/home/allen/rm_ws/install/teb_msgs/lib:/home/allen/rm_ws/install/costmap_converter/lib:/home/allen/rm_ws/install/costmap_converter_msgs/lib:/home/allen/Robomaster/rm_ws/install/teb_local_planner/lib:/home/allen/Robomaster/rm_ws/install/teb_msgs/lib:/home/allen/Robomaster/rm_ws/install/ros2_livox_simulation/lib:/home/allen/Robomaster/rm_ws/install/pointcloud_to_laserscan/lib:/home/allen/Robomaster/rm_ws/install/icp_registration/lib:/home/allen/Robomaster/rm_ws/install/fast_lio/lib:/home/allen/Robomaster/rm_ws/install/livox_ros_driver2/lib:/home/allen/Robomaster/rm_ws/install/linefit_ground_segmentation/lib:/home/allen/Robomaster/rm_ws/install/imu_complementary_filter/lib:/home/allen/Robomaster/rm_ws/install/fake_vel_transform/lib:/home/allen/Robomaster/rm_ws/install/costmap_converter/lib:/home/allen/Robomaster/rm_ws/install/costmap_converter_msgs/lib:/usr/lib/x86_64-linux-gnu/gazebo-11/plugins:/opt/ros/humble/opt/rviz_ogre_vendor/lib:/opt/ros/humble/lib/x86_64-linux-gnu:/opt/ros/humble/opt/openvdb_vendor/lib:/opt/ros/humble/lib:/usr/local/lib:/usr/local/lib:/usr/local/lib:/usr/local/lib PATH=/home/allen/rm_ws/install/costmap_converter/bin:${PATH} PYTHONPATH=/home/allen/rm_ws/install/teb_msgs/local/lib/python3.10/dist-packages:/home/allen/rm_ws/install/costmap_converter_msgs/local/lib/python3.10/dist-packages:${PYTHONPATH} /usr/bin/cmake --install /home/allen/rm_ws/build/teb_local_planner
[503.932s] -- Install configuration: "Release"
[503.934s] -- Execute custom install script
[503.936s] -- Symlinking: /home/allen/rm_ws/install/teb_local_planner/lib/libteb_local_planner.so
[504.007s] -- Symlinking: /home/allen/rm_ws/install/teb_local_planner/include//teb_local_planner/distance_calculations.h
[504.077s] -- Symlinking: /home/allen/rm_ws/install/teb_local_planner/include//teb_local_planner/equivalence_relations.h
[504.147s] -- Symlinking: /home/allen/rm_ws/install/teb_local_planner/include//teb_local_planner/g2o_types/base_teb_edges.h
[504.210s] -- Symlinking: /home/allen/rm_ws/install/teb_local_planner/include//teb_local_planner/g2o_types/edge_acceleration.h
[504.279s] -- Symlinking: /home/allen/rm_ws/install/teb_local_planner/include//teb_local_planner/g2o_types/edge_dynamic_obstacle.h
[504.331s] -- Symlinking: /home/allen/rm_ws/install/teb_local_planner/include//teb_local_planner/g2o_types/edge_kinematics.h
[504.394s] -- Symlinking: /home/allen/rm_ws/install/teb_local_planner/include//teb_local_planner/g2o_types/edge_obstacle.h
[504.456s] -- Symlinking: /home/allen/rm_ws/install/teb_local_planner/include//teb_local_planner/g2o_types/edge_prefer_rotdir.h
[504.541s] -- Symlinking: /home/allen/rm_ws/install/teb_local_planner/include//teb_local_planner/g2o_types/edge_shortest_path.h
[504.619s] -- Symlinking: /home/allen/rm_ws/install/teb_local_planner/include//teb_local_planner/g2o_types/edge_time_optimal.h
[504.682s] -- Symlinking: /home/allen/rm_ws/install/teb_local_planner/include//teb_local_planner/g2o_types/edge_velocity.h
[504.755s] -- Symlinking: /home/allen/rm_ws/install/teb_local_planner/include//teb_local_planner/g2o_types/edge_velocity_obstacle_ratio.h
[504.843s] -- Symlinking: /home/allen/rm_ws/install/teb_local_planner/include//teb_local_planner/g2o_types/edge_via_point.h
[504.925s] -- Symlinking: /home/allen/rm_ws/install/teb_local_planner/include//teb_local_planner/g2o_types/penalties.h
[505.003s] -- Symlinking: /home/allen/rm_ws/install/teb_local_planner/include//teb_local_planner/g2o_types/vertex_pose.h
[505.101s] -- Symlinking: /home/allen/rm_ws/install/teb_local_planner/include//teb_local_planner/g2o_types/vertex_timediff.h
[505.215s] -- Symlinking: /home/allen/rm_ws/install/teb_local_planner/include//teb_local_planner/graph_search.h
[505.300s] -- Symlinking: /home/allen/rm_ws/install/teb_local_planner/include//teb_local_planner/h_signature.h
[505.388s] -- Symlinking: /home/allen/rm_ws/install/teb_local_planner/include//teb_local_planner/homotopy_class_planner.h
[505.465s] -- Symlinking: /home/allen/rm_ws/install/teb_local_planner/include//teb_local_planner/homotopy_class_planner.hpp
[505.538s] -- Symlinking: /home/allen/rm_ws/install/teb_local_planner/include//teb_local_planner/misc.h
[505.625s] -- Symlinking: /home/allen/rm_ws/install/teb_local_planner/include//teb_local_planner/obstacles.h
[505.694s] -- Symlinking: /home/allen/rm_ws/install/teb_local_planner/include//teb_local_planner/optimal_planner.h
[505.768s] -- Symlinking: /home/allen/rm_ws/install/teb_local_planner/include//teb_local_planner/planner_interface.h
[505.836s] -- Symlinking: /home/allen/rm_ws/install/teb_local_planner/include//teb_local_planner/pose_se2.h
[505.897s] -- Symlinking: /home/allen/rm_ws/install/teb_local_planner/include//teb_local_planner/recovery_behaviors.h
[505.963s] -- Symlinking: /home/allen/rm_ws/install/teb_local_planner/include//teb_local_planner/robot_footprint_model.h
[506.026s] -- Symlinking: /home/allen/rm_ws/install/teb_local_planner/include//teb_local_planner/teb_config.h
[506.087s] -- Symlinking: /home/allen/rm_ws/install/teb_local_planner/include//teb_local_planner/teb_local_planner_ros.h
[506.155s] -- Symlinking: /home/allen/rm_ws/install/teb_local_planner/include//teb_local_planner/timed_elastic_band.h
[506.209s] -- Symlinking: /home/allen/rm_ws/install/teb_local_planner/include//teb_local_planner/timed_elastic_band.hpp
[506.272s] -- Symlinking: /home/allen/rm_ws/install/teb_local_planner/include//teb_local_planner/visualization.h
[506.340s] -- Symlinking: /home/allen/rm_ws/install/teb_local_planner/include//teb_local_planner/visualization.hpp
[506.406s] -- Symlinking: /home/allen/rm_ws/install/teb_local_planner/share/teb_local_planner_plugin.xml
[506.474s] -- Symlinking: /home/allen/rm_ws/install/teb_local_planner/lib/teb_local_planner/cmd_vel_to_ackermann_drive.py
[506.538s] -- Symlinking: /home/allen/rm_ws/install/teb_local_planner/share/teb_local_planner/params/teb_params.yaml
[506.602s] -- Symlinking: /home/allen/rm_ws/install/teb_local_planner/share/teb_local_planner/environment/library_path.sh
[506.664s] -- Symlinking: /home/allen/rm_ws/install/teb_local_planner/share/teb_local_planner/environment/library_path.dsv
[506.732s] -- Symlinking: /home/allen/rm_ws/install/teb_local_planner/share/teb_local_planner//teb_local_planner_plugin.xml
[506.792s] -- Symlinking: /home/allen/rm_ws/install/teb_local_planner/share/ament_index/resource_index/package_run_dependencies/teb_local_planner
[506.861s] -- Symlinking: /home/allen/rm_ws/install/teb_local_planner/share/ament_index/resource_index/parent_prefix_path/teb_local_planner
[506.917s] -- Symlinking: /home/allen/rm_ws/install/teb_local_planner/share/teb_local_planner/environment/ament_prefix_path.sh
[506.984s] -- Symlinking: /home/allen/rm_ws/install/teb_local_planner/share/teb_local_planner/environment/ament_prefix_path.dsv
[507.073s] -- Symlinking: /home/allen/rm_ws/install/teb_local_planner/share/teb_local_planner/environment/path.sh
[507.151s] -- Symlinking: /home/allen/rm_ws/install/teb_local_planner/share/teb_local_planner/environment/path.dsv
[507.217s] -- Symlinking: /home/allen/rm_ws/install/teb_local_planner/share/teb_local_planner/local_setup.bash
[507.322s] -- Symlinking: /home/allen/rm_ws/install/teb_local_planner/share/teb_local_planner/local_setup.sh
[507.436s] -- Symlinking: /home/allen/rm_ws/install/teb_local_planner/share/teb_local_planner/local_setup.zsh
[507.503s] -- Symlinking: /home/allen/rm_ws/install/teb_local_planner/share/teb_local_planner/local_setup.dsv
[507.570s] -- Symlinking: /home/allen/rm_ws/install/teb_local_planner/share/teb_local_planner/package.dsv
[507.626s] -- Symlinking: /home/allen/rm_ws/install/teb_local_planner/share/ament_index/resource_index/packages/teb_local_planner
[507.689s] -- Symlinking: /home/allen/rm_ws/install/teb_local_planner/share/ament_index/resource_index/nav2_core__pluginlib__plugin/teb_local_planner
[507.775s] -- Symlinking: /home/allen/rm_ws/install/teb_local_planner/share/teb_local_planner/cmake/ament_cmake_export_include_directories-extras.cmake
[507.842s] -- Symlinking: /home/allen/rm_ws/install/teb_local_planner/share/teb_local_planner/cmake/ament_cmake_export_libraries-extras.cmake
[507.907s] -- Symlinking: /home/allen/rm_ws/install/teb_local_planner/share/teb_local_planner/cmake/ament_cmake_export_dependencies-extras.cmake
[507.977s] -- Symlinking: /home/allen/rm_ws/install/teb_local_planner/share/teb_local_planner/cmake/teb_local_plannerConfig.cmake
[508.040s] -- Symlinking: /home/allen/rm_ws/install/teb_local_planner/share/teb_local_planner/cmake/teb_local_plannerConfig-version.cmake
[508.115s] -- Symlinking: /home/allen/rm_ws/install/teb_local_planner/share/teb_local_planner/package.xml
[508.198s] Invoked command in '/home/allen/rm_ws/build/teb_local_planner' returned '0': AMENT_PREFIX_PATH=/home/allen/rm_ws/install/teb_msgs:/home/allen/rm_ws/install/costmap_converter:/home/allen/rm_ws/install/costmap_converter_msgs:${AMENT_PREFIX_PATH} CMAKE_PREFIX_PATH=/home/allen/rm_ws/install/teb_msgs:/home/allen/rm_ws/install/costmap_converter:/home/allen/rm_ws/install/costmap_converter_msgs:/home/allen/Robomaster/rm_ws/install/teb_local_planner:/home/allen/Robomaster/rm_ws/install/teb_msgs:/home/allen/Robomaster/rm_ws/install/ros2_livox_simulation:/home/allen/Robomaster/rm_ws/install/rmbot2:/home/allen/Robomaster/rm_ws/install/rm_navigation:/home/allen/Robomaster/rm_ws/install/rm_nav_bringup:/home/allen/Robomaster/rm_ws/install/pointcloud_to_laserscan:/home/allen/Robomaster/rm_ws/install/point_lio:/home/allen/Robomaster/rm_ws/install/icp_registration:/home/allen/Robomaster/rm_ws/install/fast_lio:/home/allen/Robomaster/rm_ws/install/livox_ros_driver2:/home/allen/Robomaster/rm_ws/install/linefit_ground_segmentation_ros:/home/allen/Robomaster/rm_ws/install/linefit_ground_segmentation:/home/allen/Robomaster/rm_ws/install/imu_complementary_filter:/home/allen/Robomaster/rm_ws/install/fake_vel_transform:/home/allen/Robomaster/rm_ws/install/costmap_converter:/home/allen/Robomaster/rm_ws/install/costmap_converter_msgs:/home/allen/capstone/description_ws/install/ur_yt_sim:/home/allen/capstone/description_ws/install/ur10e_description:/home/allen/capstone/description_ws/install/kuka_agilus_support:/home/allen/capstone/description_ws/install/kuka_resources:/opt/ros/humble:/home/allen/capstone/description_ws/install/kuka_kr3_description LD_LIBRARY_PATH=/home/allen/rm_ws/install/teb_msgs/lib:/home/allen/rm_ws/install/costmap_converter/lib:/home/allen/rm_ws/install/costmap_converter_msgs/lib:/home/allen/Robomaster/rm_ws/install/teb_local_planner/lib:/home/allen/Robomaster/rm_ws/install/teb_msgs/lib:/home/allen/Robomaster/rm_ws/install/ros2_livox_simulation/lib:/home/allen/Robomaster/rm_ws/install/pointcloud_to_laserscan/lib:/home/allen/Robomaster/rm_ws/install/icp_registration/lib:/home/allen/Robomaster/rm_ws/install/fast_lio/lib:/home/allen/Robomaster/rm_ws/install/livox_ros_driver2/lib:/home/allen/Robomaster/rm_ws/install/linefit_ground_segmentation/lib:/home/allen/Robomaster/rm_ws/install/imu_complementary_filter/lib:/home/allen/Robomaster/rm_ws/install/fake_vel_transform/lib:/home/allen/Robomaster/rm_ws/install/costmap_converter/lib:/home/allen/Robomaster/rm_ws/install/costmap_converter_msgs/lib:/usr/lib/x86_64-linux-gnu/gazebo-11/plugins:/opt/ros/humble/opt/rviz_ogre_vendor/lib:/opt/ros/humble/lib/x86_64-linux-gnu:/opt/ros/humble/opt/openvdb_vendor/lib:/opt/ros/humble/lib:/usr/local/lib:/usr/local/lib:/usr/local/lib:/usr/local/lib PATH=/home/allen/rm_ws/install/costmap_converter/bin:${PATH} PYTHONPATH=/home/allen/rm_ws/install/teb_msgs/local/lib/python3.10/dist-packages:/home/allen/rm_ws/install/costmap_converter_msgs/local/lib/python3.10/dist-packages:${PYTHONPATH} /usr/bin/cmake --install /home/allen/rm_ws/build/teb_local_planner
