[0.078s] Invoking command in '/home/allen/rm_ws/build/pointcloud_to_laserscan': CMAKE_PREFIX_PATH=/home/allen/Robomaster/rm_ws/install/teb_local_planner:/home/allen/Robomaster/rm_ws/install/teb_msgs:/home/allen/Robomaster/rm_ws/install/ros2_livox_simulation:/home/allen/Robomaster/rm_ws/install/rmbot2:/home/allen/Robomaster/rm_ws/install/rm_navigation:/home/allen/Robomaster/rm_ws/install/rm_nav_bringup:/home/allen/Robomaster/rm_ws/install/pointcloud_to_laserscan:/home/allen/Robomaster/rm_ws/install/point_lio:/home/allen/Robomaster/rm_ws/install/icp_registration:/home/allen/Robomaster/rm_ws/install/fast_lio:/home/allen/Robomaster/rm_ws/install/livox_ros_driver2:/home/allen/Robomaster/rm_ws/install/linefit_ground_segmentation_ros:/home/allen/Robomaster/rm_ws/install/linefit_ground_segmentation:/home/allen/Robomaster/rm_ws/install/imu_complementary_filter:/home/allen/Robomaster/rm_ws/install/fake_vel_transform:/home/allen/Robomaster/rm_ws/install/costmap_converter:/home/allen/Robomaster/rm_ws/install/costmap_converter_msgs:/home/allen/capstone/description_ws/install/ur_yt_sim:/home/allen/capstone/description_ws/install/ur10e_description:/home/allen/capstone/description_ws/install/kuka_agilus_support:/home/allen/capstone/description_ws/install/kuka_resources:/opt/ros/humble:/home/allen/capstone/description_ws/install/kuka_kr3_description /usr/bin/cmake /home/allen/rm_ws/src/rm_perception/pointcloud_to_laserscan -DAMENT_CMAKE_SYMLINK_INSTALL=1 -DCMAKE_INSTALL_PREFIX=/home/allen/rm_ws/install/pointcloud_to_laserscan
[0.464s] -- The C compiler identification is GNU 11.4.0
[0.819s] -- The CXX compiler identification is GNU 11.4.0
[0.856s] -- Detecting C compiler ABI info
[1.518s] -- Detecting C compiler ABI info - done
[1.536s] -- Check for working C compiler: /usr/bin/cc - skipped
[1.542s] -- Detecting C compile features
[1.545s] -- Detecting C compile features - done
[1.562s] -- Detecting CXX compiler ABI info
[2.341s] -- Detecting CXX compiler ABI info - done
[2.368s] -- Check for working CXX compiler: /usr/bin/c++ - skipped
[2.370s] -- Detecting CXX compile features
[2.371s] -- Detecting CXX compile features - done
[2.415s] -- Found ament_cmake_auto: 1.3.12 (/opt/ros/humble/share/ament_cmake_auto/cmake)
[4.851s] -- Found Python3: /usr/bin/python3 (found version "3.10.12") found components: Interpreter 
[5.143s] -- Override CMake install command with custom implementation using symlinks instead of copying resources
[6.841s] -- Found rosidl_generator_c: 3.1.7 (/opt/ros/humble/share/rosidl_generator_c/cmake)
[6.933s] -- Found rosidl_adapter: 3.1.7 (/opt/ros/humble/share/rosidl_adapter/cmake)
[7.063s] -- Found rosidl_generator_cpp: 3.1.7 (/opt/ros/humble/share/rosidl_generator_cpp/cmake)
[7.156s] -- Using all available rosidl_typesupport_c: rosidl_typesupport_fastrtps_c;rosidl_typesupport_introspection_c
[7.327s] -- Using all available rosidl_typesupport_cpp: rosidl_typesupport_fastrtps_cpp;rosidl_typesupport_introspection_cpp
[7.854s] -- Found rmw_implementation_cmake: 6.1.2 (/opt/ros/humble/share/rmw_implementation_cmake/cmake)
[7.893s] -- Found rmw_cyclonedds_cpp: 1.3.4 (/opt/ros/humble/share/rmw_cyclonedds_cpp/cmake)
[8.171s] -- Using RMW implementation 'rmw_cyclonedds_cpp' as default
[8.335s] -- Looking for pthread.h
[9.058s] -- Looking for pthread.h - found
[9.066s] -- Performing Test CMAKE_HAVE_LIBC_PTHREAD
[9.725s] -- Performing Test CMAKE_HAVE_LIBC_PTHREAD - Success
[9.729s] -- Found Threads: TRUE  
[11.556s] -- Found ament_lint_auto: 0.12.14 (/opt/ros/humble/share/ament_lint_auto/cmake)
[11.795s] [0mIn this package, headers install destination is set to `include` by ament_auto_package. It is recommended to install `include/pointcloud_to_laserscan` instead and will be the default behavior of ament_auto_package from ROS 2 Kilted Kaiju. On distributions before Kilted, ament_auto_package behaves the same way when you use USE_SCOPED_HEADER_INSTALL_DIR option.[0m
[11.825s] -- Added test 'cppcheck' to perform static code analysis on C / C++ code
[11.826s] -- Configured cppcheck include dirs: /home/allen/rm_ws/src/rm_perception/pointcloud_to_laserscan/include
[11.827s] -- Configured cppcheck exclude dirs and/or files: 
[11.841s] -- Added test 'cpplint' to check C / C++ code against the Google style
[11.843s] -- Configured cpplint exclude dirs and/or files: 
[11.848s] -- Added test 'flake8' to check Python code syntax and style conventions
[11.857s] -- Added test 'lint_cmake' to check CMake code style
[11.866s] -- Added test 'pep257' to check Python code against some of the docstring style conventions in PEP 257
[11.874s] -- Added test 'uncrustify' to check C / C++ code style
[11.877s] -- Configured uncrustify additional arguments: 
[11.883s] -- Added test 'xmllint' to check XML markup files
[11.897s] -- Configuring done
[12.277s] -- Generating done
[12.304s] -- Build files have been written to: /home/allen/rm_ws/build/pointcloud_to_laserscan
[12.361s] Invoked command in '/home/allen/rm_ws/build/pointcloud_to_laserscan' returned '0': CMAKE_PREFIX_PATH=/home/allen/Robomaster/rm_ws/install/teb_local_planner:/home/allen/Robomaster/rm_ws/install/teb_msgs:/home/allen/Robomaster/rm_ws/install/ros2_livox_simulation:/home/allen/Robomaster/rm_ws/install/rmbot2:/home/allen/Robomaster/rm_ws/install/rm_navigation:/home/allen/Robomaster/rm_ws/install/rm_nav_bringup:/home/allen/Robomaster/rm_ws/install/pointcloud_to_laserscan:/home/allen/Robomaster/rm_ws/install/point_lio:/home/allen/Robomaster/rm_ws/install/icp_registration:/home/allen/Robomaster/rm_ws/install/fast_lio:/home/allen/Robomaster/rm_ws/install/livox_ros_driver2:/home/allen/Robomaster/rm_ws/install/linefit_ground_segmentation_ros:/home/allen/Robomaster/rm_ws/install/linefit_ground_segmentation:/home/allen/Robomaster/rm_ws/install/imu_complementary_filter:/home/allen/Robomaster/rm_ws/install/fake_vel_transform:/home/allen/Robomaster/rm_ws/install/costmap_converter:/home/allen/Robomaster/rm_ws/install/costmap_converter_msgs:/home/allen/capstone/description_ws/install/ur_yt_sim:/home/allen/capstone/description_ws/install/ur10e_description:/home/allen/capstone/description_ws/install/kuka_agilus_support:/home/allen/capstone/description_ws/install/kuka_resources:/opt/ros/humble:/home/allen/capstone/description_ws/install/kuka_kr3_description /usr/bin/cmake /home/allen/rm_ws/src/rm_perception/pointcloud_to_laserscan -DAMENT_CMAKE_SYMLINK_INSTALL=1 -DCMAKE_INSTALL_PREFIX=/home/allen/rm_ws/install/pointcloud_to_laserscan
[12.363s] Invoking command in '/home/allen/rm_ws/build/pointcloud_to_laserscan': CMAKE_PREFIX_PATH=/home/allen/Robomaster/rm_ws/install/teb_local_planner:/home/allen/Robomaster/rm_ws/install/teb_msgs:/home/allen/Robomaster/rm_ws/install/ros2_livox_simulation:/home/allen/Robomaster/rm_ws/install/rmbot2:/home/allen/Robomaster/rm_ws/install/rm_navigation:/home/allen/Robomaster/rm_ws/install/rm_nav_bringup:/home/allen/Robomaster/rm_ws/install/pointcloud_to_laserscan:/home/allen/Robomaster/rm_ws/install/point_lio:/home/allen/Robomaster/rm_ws/install/icp_registration:/home/allen/Robomaster/rm_ws/install/fast_lio:/home/allen/Robomaster/rm_ws/install/livox_ros_driver2:/home/allen/Robomaster/rm_ws/install/linefit_ground_segmentation_ros:/home/allen/Robomaster/rm_ws/install/linefit_ground_segmentation:/home/allen/Robomaster/rm_ws/install/imu_complementary_filter:/home/allen/Robomaster/rm_ws/install/fake_vel_transform:/home/allen/Robomaster/rm_ws/install/costmap_converter:/home/allen/Robomaster/rm_ws/install/costmap_converter_msgs:/home/allen/capstone/description_ws/install/ur_yt_sim:/home/allen/capstone/description_ws/install/ur10e_description:/home/allen/capstone/description_ws/install/kuka_agilus_support:/home/allen/capstone/description_ws/install/kuka_resources:/opt/ros/humble:/home/allen/capstone/description_ws/install/kuka_kr3_description /usr/bin/cmake --build /home/allen/rm_ws/build/pointcloud_to_laserscan -- -j2 -l2
[12.946s] [ 10%] [32mBuilding CXX object CMakeFiles/laserscan_to_pointcloud.dir/src/laserscan_to_pointcloud_node.cpp.o[0m
[61.732s] [ 20%] [32m[1mLinking CXX shared library liblaserscan_to_pointcloud.so[0m
[62.975s] [ 20%] Built target laserscan_to_pointcloud
[63.224s] [ 30%] [32mBuilding CXX object CMakeFiles/laserscan_to_pointcloud_node.dir/rclcpp_components/node_main_laserscan_to_pointcloud_node.cpp.o[0m
[77.106s] [ 40%] [32m[1mLinking CXX executable laserscan_to_pointcloud_node[0m
[77.890s] [ 40%] Built target laserscan_to_pointcloud_node
[78.096s] [ 50%] [32mBuilding CXX object CMakeFiles/pointcloud_to_laserscan_node.dir/rclcpp_components/node_main_pointcloud_to_laserscan_node.cpp.o[0m
[91.210s] [ 60%] [32m[1mLinking CXX executable pointcloud_to_laserscan_node[0m
[91.900s] [ 60%] Built target pointcloud_to_laserscan_node
[92.139s] [ 70%] [32mBuilding CXX object CMakeFiles/pointcloud_to_laserscan.dir/src/pointcloud_to_laserscan_node.cpp.o[0m
[142.332s] [ 80%] [32m[1mLinking CXX shared library libpointcloud_to_laserscan.so[0m
[143.513s] [ 80%] Built target pointcloud_to_laserscan
[143.752s] [ 90%] [32mBuilding CXX object CMakeFiles/dummy_pointcloud_publisher.dir/src/dummy_pointcloud_publisher.cpp.o[0m
[160.415s] [100%] [32m[1mLinking CXX executable dummy_pointcloud_publisher[0m
[161.542s] [100%] Built target dummy_pointcloud_publisher
[161.733s] Invoked command in '/home/allen/rm_ws/build/pointcloud_to_laserscan' returned '0': CMAKE_PREFIX_PATH=/home/allen/Robomaster/rm_ws/install/teb_local_planner:/home/allen/Robomaster/rm_ws/install/teb_msgs:/home/allen/Robomaster/rm_ws/install/ros2_livox_simulation:/home/allen/Robomaster/rm_ws/install/rmbot2:/home/allen/Robomaster/rm_ws/install/rm_navigation:/home/allen/Robomaster/rm_ws/install/rm_nav_bringup:/home/allen/Robomaster/rm_ws/install/pointcloud_to_laserscan:/home/allen/Robomaster/rm_ws/install/point_lio:/home/allen/Robomaster/rm_ws/install/icp_registration:/home/allen/Robomaster/rm_ws/install/fast_lio:/home/allen/Robomaster/rm_ws/install/livox_ros_driver2:/home/allen/Robomaster/rm_ws/install/linefit_ground_segmentation_ros:/home/allen/Robomaster/rm_ws/install/linefit_ground_segmentation:/home/allen/Robomaster/rm_ws/install/imu_complementary_filter:/home/allen/Robomaster/rm_ws/install/fake_vel_transform:/home/allen/Robomaster/rm_ws/install/costmap_converter:/home/allen/Robomaster/rm_ws/install/costmap_converter_msgs:/home/allen/capstone/description_ws/install/ur_yt_sim:/home/allen/capstone/description_ws/install/ur10e_description:/home/allen/capstone/description_ws/install/kuka_agilus_support:/home/allen/capstone/description_ws/install/kuka_resources:/opt/ros/humble:/home/allen/capstone/description_ws/install/kuka_kr3_description /usr/bin/cmake --build /home/allen/rm_ws/build/pointcloud_to_laserscan -- -j2 -l2
[161.734s] Invoking command in '/home/allen/rm_ws/build/pointcloud_to_laserscan': CMAKE_PREFIX_PATH=/home/allen/Robomaster/rm_ws/install/teb_local_planner:/home/allen/Robomaster/rm_ws/install/teb_msgs:/home/allen/Robomaster/rm_ws/install/ros2_livox_simulation:/home/allen/Robomaster/rm_ws/install/rmbot2:/home/allen/Robomaster/rm_ws/install/rm_navigation:/home/allen/Robomaster/rm_ws/install/rm_nav_bringup:/home/allen/Robomaster/rm_ws/install/pointcloud_to_laserscan:/home/allen/Robomaster/rm_ws/install/point_lio:/home/allen/Robomaster/rm_ws/install/icp_registration:/home/allen/Robomaster/rm_ws/install/fast_lio:/home/allen/Robomaster/rm_ws/install/livox_ros_driver2:/home/allen/Robomaster/rm_ws/install/linefit_ground_segmentation_ros:/home/allen/Robomaster/rm_ws/install/linefit_ground_segmentation:/home/allen/Robomaster/rm_ws/install/imu_complementary_filter:/home/allen/Robomaster/rm_ws/install/fake_vel_transform:/home/allen/Robomaster/rm_ws/install/costmap_converter:/home/allen/Robomaster/rm_ws/install/costmap_converter_msgs:/home/allen/capstone/description_ws/install/ur_yt_sim:/home/allen/capstone/description_ws/install/ur10e_description:/home/allen/capstone/description_ws/install/kuka_agilus_support:/home/allen/capstone/description_ws/install/kuka_resources:/opt/ros/humble:/home/allen/capstone/description_ws/install/kuka_kr3_description /usr/bin/cmake --install /home/allen/rm_ws/build/pointcloud_to_laserscan
[161.847s] -- Install configuration: ""
[161.851s] -- Execute custom install script
[161.852s] -- Symlinking: /home/allen/rm_ws/install/pointcloud_to_laserscan/lib/pointcloud_to_laserscan/laserscan_to_pointcloud_node
[161.945s] -- Symlinking: /home/allen/rm_ws/install/pointcloud_to_laserscan/lib/pointcloud_to_laserscan/pointcloud_to_laserscan_node
[162.037s] -- Symlinking: /home/allen/rm_ws/install/pointcloud_to_laserscan/include/pointcloud_to_laserscan/laserscan_to_pointcloud_node.hpp
[162.118s] -- Symlinking: /home/allen/rm_ws/install/pointcloud_to_laserscan/include/pointcloud_to_laserscan/pointcloud_to_laserscan_node.hpp
[162.197s] -- Symlinking: /home/allen/rm_ws/install/pointcloud_to_laserscan/include/pointcloud_to_laserscan/visibility_control.h
[162.278s] -- Symlinking: /home/allen/rm_ws/install/pointcloud_to_laserscan/share/pointcloud_to_laserscan/environment/library_path.sh
[162.378s] -- Symlinking: /home/allen/rm_ws/install/pointcloud_to_laserscan/share/pointcloud_to_laserscan/environment/library_path.dsv
[162.481s] -- Symlinking: /home/allen/rm_ws/install/pointcloud_to_laserscan/lib/liblaserscan_to_pointcloud.so
[162.577s] -- Symlinking: /home/allen/rm_ws/install/pointcloud_to_laserscan/lib/libpointcloud_to_laserscan.so
[162.673s] -- Symlinking: /home/allen/rm_ws/install/pointcloud_to_laserscan/lib/pointcloud_to_laserscan/dummy_pointcloud_publisher
[162.765s] -- Symlinking: /home/allen/rm_ws/install/pointcloud_to_laserscan/share/pointcloud_to_laserscan/launch/pointcloud_to_laserscan_launch.py
[162.840s] -- Symlinking: /home/allen/rm_ws/install/pointcloud_to_laserscan/share/pointcloud_to_laserscan/launch/sample_laserscan_to_pointcloud_launch.py
[162.933s] -- Symlinking: /home/allen/rm_ws/install/pointcloud_to_laserscan/share/pointcloud_to_laserscan/launch/sample_pointcloud_to_laserscan_launch.py
[163.025s] -- Symlinking: /home/allen/rm_ws/install/pointcloud_to_laserscan/share/ament_index/resource_index/package_run_dependencies/pointcloud_to_laserscan
[163.105s] -- Symlinking: /home/allen/rm_ws/install/pointcloud_to_laserscan/share/ament_index/resource_index/parent_prefix_path/pointcloud_to_laserscan
[163.178s] -- Symlinking: /home/allen/rm_ws/install/pointcloud_to_laserscan/share/pointcloud_to_laserscan/environment/ament_prefix_path.sh
[163.289s] -- Symlinking: /home/allen/rm_ws/install/pointcloud_to_laserscan/share/pointcloud_to_laserscan/environment/ament_prefix_path.dsv
[163.377s] -- Symlinking: /home/allen/rm_ws/install/pointcloud_to_laserscan/share/pointcloud_to_laserscan/environment/path.sh
[163.460s] -- Symlinking: /home/allen/rm_ws/install/pointcloud_to_laserscan/share/pointcloud_to_laserscan/environment/path.dsv
[163.532s] -- Symlinking: /home/allen/rm_ws/install/pointcloud_to_laserscan/share/pointcloud_to_laserscan/local_setup.bash
[163.599s] -- Symlinking: /home/allen/rm_ws/install/pointcloud_to_laserscan/share/pointcloud_to_laserscan/local_setup.sh
[163.665s] -- Symlinking: /home/allen/rm_ws/install/pointcloud_to_laserscan/share/pointcloud_to_laserscan/local_setup.zsh
[163.750s] -- Symlinking: /home/allen/rm_ws/install/pointcloud_to_laserscan/share/pointcloud_to_laserscan/local_setup.dsv
[163.834s] -- Symlinking: /home/allen/rm_ws/install/pointcloud_to_laserscan/share/pointcloud_to_laserscan/package.dsv
[163.978s] -- Symlinking: /home/allen/rm_ws/install/pointcloud_to_laserscan/share/ament_index/resource_index/packages/pointcloud_to_laserscan
[164.081s] -- Symlinking: /home/allen/rm_ws/install/pointcloud_to_laserscan/share/ament_index/resource_index/rclcpp_components/pointcloud_to_laserscan
[164.150s] -- Symlinking: /home/allen/rm_ws/install/pointcloud_to_laserscan/share/pointcloud_to_laserscan/cmake/ament_cmake_export_dependencies-extras.cmake
[164.231s] -- Symlinking: /home/allen/rm_ws/install/pointcloud_to_laserscan/share/pointcloud_to_laserscan/cmake/ament_cmake_export_include_directories-extras.cmake
[164.314s] -- Symlinking: /home/allen/rm_ws/install/pointcloud_to_laserscan/share/pointcloud_to_laserscan/cmake/ament_cmake_export_libraries-extras.cmake
[164.410s] -- Symlinking: /home/allen/rm_ws/install/pointcloud_to_laserscan/share/pointcloud_to_laserscan/cmake/pointcloud_to_laserscanConfig.cmake
[164.505s] -- Symlinking: /home/allen/rm_ws/install/pointcloud_to_laserscan/share/pointcloud_to_laserscan/cmake/pointcloud_to_laserscanConfig-version.cmake
[164.598s] -- Symlinking: /home/allen/rm_ws/install/pointcloud_to_laserscan/share/pointcloud_to_laserscan/package.xml
[164.710s] Invoked command in '/home/allen/rm_ws/build/pointcloud_to_laserscan' returned '0': CMAKE_PREFIX_PATH=/home/allen/Robomaster/rm_ws/install/teb_local_planner:/home/allen/Robomaster/rm_ws/install/teb_msgs:/home/allen/Robomaster/rm_ws/install/ros2_livox_simulation:/home/allen/Robomaster/rm_ws/install/rmbot2:/home/allen/Robomaster/rm_ws/install/rm_navigation:/home/allen/Robomaster/rm_ws/install/rm_nav_bringup:/home/allen/Robomaster/rm_ws/install/pointcloud_to_laserscan:/home/allen/Robomaster/rm_ws/install/point_lio:/home/allen/Robomaster/rm_ws/install/icp_registration:/home/allen/Robomaster/rm_ws/install/fast_lio:/home/allen/Robomaster/rm_ws/install/livox_ros_driver2:/home/allen/Robomaster/rm_ws/install/linefit_ground_segmentation_ros:/home/allen/Robomaster/rm_ws/install/linefit_ground_segmentation:/home/allen/Robomaster/rm_ws/install/imu_complementary_filter:/home/allen/Robomaster/rm_ws/install/fake_vel_transform:/home/allen/Robomaster/rm_ws/install/costmap_converter:/home/allen/Robomaster/rm_ws/install/costmap_converter_msgs:/home/allen/capstone/description_ws/install/ur_yt_sim:/home/allen/capstone/description_ws/install/ur10e_description:/home/allen/capstone/description_ws/install/kuka_agilus_support:/home/allen/capstone/description_ws/install/kuka_resources:/opt/ros/humble:/home/allen/capstone/description_ws/install/kuka_kr3_description /usr/bin/cmake --install /home/allen/rm_ws/build/pointcloud_to_laserscan
