[0.082s] Invoking command in '/home/allen/rm_ws/build/imu_complementary_filter': CMAKE_PREFIX_PATH=/home/allen/Robomaster/rm_ws/install/teb_local_planner:/home/allen/Robomaster/rm_ws/install/teb_msgs:/home/allen/Robomaster/rm_ws/install/ros2_livox_simulation:/home/allen/Robomaster/rm_ws/install/rmbot2:/home/allen/Robomaster/rm_ws/install/rm_navigation:/home/allen/Robomaster/rm_ws/install/rm_nav_bringup:/home/allen/Robomaster/rm_ws/install/pointcloud_to_laserscan:/home/allen/Robomaster/rm_ws/install/point_lio:/home/allen/Robomaster/rm_ws/install/icp_registration:/home/allen/Robomaster/rm_ws/install/fast_lio:/home/allen/Robomaster/rm_ws/install/livox_ros_driver2:/home/allen/Robomaster/rm_ws/install/linefit_ground_segmentation_ros:/home/allen/Robomaster/rm_ws/install/linefit_ground_segmentation:/home/allen/Robomaster/rm_ws/install/imu_complementary_filter:/home/allen/Robomaster/rm_ws/install/fake_vel_transform:/home/allen/Robomaster/rm_ws/install/costmap_converter:/home/allen/Robomaster/rm_ws/install/costmap_converter_msgs:/home/allen/capstone/description_ws/install/ur_yt_sim:/home/allen/capstone/description_ws/install/ur10e_description:/home/allen/capstone/description_ws/install/kuka_agilus_support:/home/allen/capstone/description_ws/install/kuka_resources:/opt/ros/humble:/home/allen/capstone/description_ws/install/kuka_kr3_description /usr/bin/cmake /home/allen/rm_ws/src/rm_perception/imu_complementary_filter -DAMENT_CMAKE_SYMLINK_INSTALL=1 -DCMAKE_INSTALL_PREFIX=/home/allen/rm_ws/install/imu_complementary_filter
[0.515s] -- The C compiler identification is GNU 11.4.0
[0.931s] -- The CXX compiler identification is GNU 11.4.0
[0.978s] -- Detecting C compiler ABI info
[1.684s] -- Detecting C compiler ABI info - done
[1.707s] -- Check for working C compiler: /usr/bin/cc - skipped
[1.708s] -- Detecting C compile features
[1.712s] -- Detecting C compile features - done
[1.726s] -- Detecting CXX compiler ABI info
[2.522s] -- Detecting CXX compiler ABI info - done
[2.570s] -- Check for working CXX compiler: /usr/bin/c++ - skipped
[2.575s] -- Detecting CXX compile features
[2.581s] -- Detecting CXX compile features - done
[2.617s] -- Found ament_cmake: 1.3.12 (/opt/ros/humble/share/ament_cmake/cmake)
[3.378s] -- Found Python3: /usr/bin/python3 (found version "3.10.12") found components: Interpreter 
[3.734s] -- Override CMake install command with custom implementation using symlinks instead of copying resources
[4.317s] -- Found geometry_msgs: 4.9.0 (/opt/ros/humble/share/geometry_msgs/cmake)
[4.774s] -- Found rosidl_generator_c: 3.1.7 (/opt/ros/humble/share/rosidl_generator_c/cmake)
[4.857s] -- Found rosidl_adapter: 3.1.7 (/opt/ros/humble/share/rosidl_adapter/cmake)
[4.972s] -- Found rosidl_generator_cpp: 3.1.7 (/opt/ros/humble/share/rosidl_generator_cpp/cmake)
[5.101s] -- Using all available rosidl_typesupport_c: rosidl_typesupport_fastrtps_c;rosidl_typesupport_introspection_c
[5.268s] -- Using all available rosidl_typesupport_cpp: rosidl_typesupport_fastrtps_cpp;rosidl_typesupport_introspection_cpp
[5.524s] -- Found message_filters: 4.3.8 (/opt/ros/humble/share/message_filters/cmake)
[6.081s] -- Found rmw_implementation_cmake: 6.1.2 (/opt/ros/humble/share/rmw_implementation_cmake/cmake)
[6.116s] -- Found rmw_cyclonedds_cpp: 1.3.4 (/opt/ros/humble/share/rmw_cyclonedds_cpp/cmake)
[6.397s] -- Using RMW implementation 'rmw_cyclonedds_cpp' as default
[6.527s] -- Looking for pthread.h
[7.150s] -- Looking for pthread.h - found
[7.154s] -- Performing Test CMAKE_HAVE_LIBC_PTHREAD
[7.776s] -- Performing Test CMAKE_HAVE_LIBC_PTHREAD - Success
[7.780s] -- Found Threads: TRUE  
[8.072s] -- Found sensor_msgs: 4.9.0 (/opt/ros/humble/share/sensor_msgs/cmake)
[8.237s] -- Found tf2: 0.25.16 (/opt/ros/humble/share/tf2/cmake)
[8.354s] -- Found tf2_ros: 0.25.16 (/opt/ros/humble/share/tf2_ros/cmake)
[9.314s] -- Configuring done
[9.432s] -- Generating done
[9.453s] -- Build files have been written to: /home/allen/rm_ws/build/imu_complementary_filter
[9.516s] Invoked command in '/home/allen/rm_ws/build/imu_complementary_filter' returned '0': CMAKE_PREFIX_PATH=/home/allen/Robomaster/rm_ws/install/teb_local_planner:/home/allen/Robomaster/rm_ws/install/teb_msgs:/home/allen/Robomaster/rm_ws/install/ros2_livox_simulation:/home/allen/Robomaster/rm_ws/install/rmbot2:/home/allen/Robomaster/rm_ws/install/rm_navigation:/home/allen/Robomaster/rm_ws/install/rm_nav_bringup:/home/allen/Robomaster/rm_ws/install/pointcloud_to_laserscan:/home/allen/Robomaster/rm_ws/install/point_lio:/home/allen/Robomaster/rm_ws/install/icp_registration:/home/allen/Robomaster/rm_ws/install/fast_lio:/home/allen/Robomaster/rm_ws/install/livox_ros_driver2:/home/allen/Robomaster/rm_ws/install/linefit_ground_segmentation_ros:/home/allen/Robomaster/rm_ws/install/linefit_ground_segmentation:/home/allen/Robomaster/rm_ws/install/imu_complementary_filter:/home/allen/Robomaster/rm_ws/install/fake_vel_transform:/home/allen/Robomaster/rm_ws/install/costmap_converter:/home/allen/Robomaster/rm_ws/install/costmap_converter_msgs:/home/allen/capstone/description_ws/install/ur_yt_sim:/home/allen/capstone/description_ws/install/ur10e_description:/home/allen/capstone/description_ws/install/kuka_agilus_support:/home/allen/capstone/description_ws/install/kuka_resources:/opt/ros/humble:/home/allen/capstone/description_ws/install/kuka_kr3_description /usr/bin/cmake /home/allen/rm_ws/src/rm_perception/imu_complementary_filter -DAMENT_CMAKE_SYMLINK_INSTALL=1 -DCMAKE_INSTALL_PREFIX=/home/allen/rm_ws/install/imu_complementary_filter
[9.520s] Invoking command in '/home/allen/rm_ws/build/imu_complementary_filter': CMAKE_PREFIX_PATH=/home/allen/Robomaster/rm_ws/install/teb_local_planner:/home/allen/Robomaster/rm_ws/install/teb_msgs:/home/allen/Robomaster/rm_ws/install/ros2_livox_simulation:/home/allen/Robomaster/rm_ws/install/rmbot2:/home/allen/Robomaster/rm_ws/install/rm_navigation:/home/allen/Robomaster/rm_ws/install/rm_nav_bringup:/home/allen/Robomaster/rm_ws/install/pointcloud_to_laserscan:/home/allen/Robomaster/rm_ws/install/point_lio:/home/allen/Robomaster/rm_ws/install/icp_registration:/home/allen/Robomaster/rm_ws/install/fast_lio:/home/allen/Robomaster/rm_ws/install/livox_ros_driver2:/home/allen/Robomaster/rm_ws/install/linefit_ground_segmentation_ros:/home/allen/Robomaster/rm_ws/install/linefit_ground_segmentation:/home/allen/Robomaster/rm_ws/install/imu_complementary_filter:/home/allen/Robomaster/rm_ws/install/fake_vel_transform:/home/allen/Robomaster/rm_ws/install/costmap_converter:/home/allen/Robomaster/rm_ws/install/costmap_converter_msgs:/home/allen/capstone/description_ws/install/ur_yt_sim:/home/allen/capstone/description_ws/install/ur10e_description:/home/allen/capstone/description_ws/install/kuka_agilus_support:/home/allen/capstone/description_ws/install/kuka_resources:/opt/ros/humble:/home/allen/capstone/description_ws/install/kuka_kr3_description /usr/bin/cmake --build /home/allen/rm_ws/build/imu_complementary_filter -- -j2 -l2
[10.063s] [ 20%] [32mBuilding CXX object CMakeFiles/complementary_filter.dir/src/complementary_filter.cpp.o[0m
[12.749s] [ 40%] [32mBuilding CXX object CMakeFiles/complementary_filter.dir/src/complementary_filter_ros.cpp.o[0m
[77.867s] [ 60%] [32m[1mLinking CXX shared library libcomplementary_filter.so[0m
[79.338s] [ 60%] Built target complementary_filter
[79.531s] [ 80%] [32mBuilding CXX object CMakeFiles/complementary_filter_node.dir/src/complementary_filter_node.cpp.o[0m
[92.919s] [100%] [32m[1mLinking CXX executable complementary_filter_node[0m
[93.729s] [100%] Built target complementary_filter_node
[93.888s] Invoked command in '/home/allen/rm_ws/build/imu_complementary_filter' returned '0': CMAKE_PREFIX_PATH=/home/allen/Robomaster/rm_ws/install/teb_local_planner:/home/allen/Robomaster/rm_ws/install/teb_msgs:/home/allen/Robomaster/rm_ws/install/ros2_livox_simulation:/home/allen/Robomaster/rm_ws/install/rmbot2:/home/allen/Robomaster/rm_ws/install/rm_navigation:/home/allen/Robomaster/rm_ws/install/rm_nav_bringup:/home/allen/Robomaster/rm_ws/install/pointcloud_to_laserscan:/home/allen/Robomaster/rm_ws/install/point_lio:/home/allen/Robomaster/rm_ws/install/icp_registration:/home/allen/Robomaster/rm_ws/install/fast_lio:/home/allen/Robomaster/rm_ws/install/livox_ros_driver2:/home/allen/Robomaster/rm_ws/install/linefit_ground_segmentation_ros:/home/allen/Robomaster/rm_ws/install/linefit_ground_segmentation:/home/allen/Robomaster/rm_ws/install/imu_complementary_filter:/home/allen/Robomaster/rm_ws/install/fake_vel_transform:/home/allen/Robomaster/rm_ws/install/costmap_converter:/home/allen/Robomaster/rm_ws/install/costmap_converter_msgs:/home/allen/capstone/description_ws/install/ur_yt_sim:/home/allen/capstone/description_ws/install/ur10e_description:/home/allen/capstone/description_ws/install/kuka_agilus_support:/home/allen/capstone/description_ws/install/kuka_resources:/opt/ros/humble:/home/allen/capstone/description_ws/install/kuka_kr3_description /usr/bin/cmake --build /home/allen/rm_ws/build/imu_complementary_filter -- -j2 -l2
[93.893s] Invoking command in '/home/allen/rm_ws/build/imu_complementary_filter': CMAKE_PREFIX_PATH=/home/allen/Robomaster/rm_ws/install/teb_local_planner:/home/allen/Robomaster/rm_ws/install/teb_msgs:/home/allen/Robomaster/rm_ws/install/ros2_livox_simulation:/home/allen/Robomaster/rm_ws/install/rmbot2:/home/allen/Robomaster/rm_ws/install/rm_navigation:/home/allen/Robomaster/rm_ws/install/rm_nav_bringup:/home/allen/Robomaster/rm_ws/install/pointcloud_to_laserscan:/home/allen/Robomaster/rm_ws/install/point_lio:/home/allen/Robomaster/rm_ws/install/icp_registration:/home/allen/Robomaster/rm_ws/install/fast_lio:/home/allen/Robomaster/rm_ws/install/livox_ros_driver2:/home/allen/Robomaster/rm_ws/install/linefit_ground_segmentation_ros:/home/allen/Robomaster/rm_ws/install/linefit_ground_segmentation:/home/allen/Robomaster/rm_ws/install/imu_complementary_filter:/home/allen/Robomaster/rm_ws/install/fake_vel_transform:/home/allen/Robomaster/rm_ws/install/costmap_converter:/home/allen/Robomaster/rm_ws/install/costmap_converter_msgs:/home/allen/capstone/description_ws/install/ur_yt_sim:/home/allen/capstone/description_ws/install/ur10e_description:/home/allen/capstone/description_ws/install/kuka_agilus_support:/home/allen/capstone/description_ws/install/kuka_resources:/opt/ros/humble:/home/allen/capstone/description_ws/install/kuka_kr3_description /usr/bin/cmake --install /home/allen/rm_ws/build/imu_complementary_filter
[93.983s] -- Install configuration: ""
[93.991s] -- Execute custom install script
[93.994s] -- Symlinking: /home/allen/rm_ws/install/imu_complementary_filter/lib/imu_complementary_filter/complementary_filter_node
[94.107s] -- Symlinking: /home/allen/rm_ws/install/imu_complementary_filter/include/imu_complementary_filter/complementary_filter.h
[94.218s] -- Symlinking: /home/allen/rm_ws/install/imu_complementary_filter/include/imu_complementary_filter/complementary_filter_ros.h
[94.313s] -- Symlinking: /home/allen/rm_ws/install/imu_complementary_filter/share/imu_complementary_filter/launch/complementary_filter.launch.py
[94.420s] -- Symlinking: /home/allen/rm_ws/install/imu_complementary_filter/share/imu_complementary_filter/environment/library_path.sh
[94.501s] -- Symlinking: /home/allen/rm_ws/install/imu_complementary_filter/share/imu_complementary_filter/environment/library_path.dsv
[94.578s] -- Symlinking: /home/allen/rm_ws/install/imu_complementary_filter/share/ament_index/resource_index/package_run_dependencies/imu_complementary_filter
[94.660s] -- Symlinking: /home/allen/rm_ws/install/imu_complementary_filter/share/ament_index/resource_index/parent_prefix_path/imu_complementary_filter
[94.733s] -- Symlinking: /home/allen/rm_ws/install/imu_complementary_filter/share/imu_complementary_filter/environment/ament_prefix_path.sh
[94.814s] -- Symlinking: /home/allen/rm_ws/install/imu_complementary_filter/share/imu_complementary_filter/environment/ament_prefix_path.dsv
[94.877s] -- Symlinking: /home/allen/rm_ws/install/imu_complementary_filter/share/imu_complementary_filter/environment/path.sh
[94.967s] -- Symlinking: /home/allen/rm_ws/install/imu_complementary_filter/share/imu_complementary_filter/environment/path.dsv
[95.061s] -- Symlinking: /home/allen/rm_ws/install/imu_complementary_filter/share/imu_complementary_filter/local_setup.bash
[95.133s] -- Symlinking: /home/allen/rm_ws/install/imu_complementary_filter/share/imu_complementary_filter/local_setup.sh
[95.226s] -- Symlinking: /home/allen/rm_ws/install/imu_complementary_filter/share/imu_complementary_filter/local_setup.zsh
[95.317s] -- Symlinking: /home/allen/rm_ws/install/imu_complementary_filter/share/imu_complementary_filter/local_setup.dsv
[95.412s] -- Symlinking: /home/allen/rm_ws/install/imu_complementary_filter/share/imu_complementary_filter/package.dsv
[95.524s] -- Symlinking: /home/allen/rm_ws/install/imu_complementary_filter/share/ament_index/resource_index/packages/imu_complementary_filter
[95.612s] -- Symlinking: /home/allen/rm_ws/install/imu_complementary_filter/share/imu_complementary_filter/cmake/ament_cmake_export_include_directories-extras.cmake
[95.717s] -- Symlinking: /home/allen/rm_ws/install/imu_complementary_filter/share/imu_complementary_filter/cmake/ament_cmake_export_libraries-extras.cmake
[95.818s] -- Symlinking: /home/allen/rm_ws/install/imu_complementary_filter/share/imu_complementary_filter/cmake/ament_cmake_export_targets-extras.cmake
[95.906s] -- Symlinking: /home/allen/rm_ws/install/imu_complementary_filter/share/imu_complementary_filter/cmake/imu_complementary_filterConfig.cmake
[96.078s] -- Symlinking: /home/allen/rm_ws/install/imu_complementary_filter/share/imu_complementary_filter/cmake/imu_complementary_filterConfig-version.cmake
[96.160s] -- Symlinking: /home/allen/rm_ws/install/imu_complementary_filter/share/imu_complementary_filter/package.xml
[96.247s] -- Installing: /home/allen/rm_ws/install/imu_complementary_filter/lib/libcomplementary_filter.so
[96.269s] -- Set runtime path of "/home/allen/rm_ws/install/imu_complementary_filter/lib/libcomplementary_filter.so" to ""
[96.269s] -- Installing: /home/allen/rm_ws/install/imu_complementary_filter/share/imu_complementary_filter/cmake/export_imu_complementary_filterExport.cmake
[96.270s] -- Installing: /home/allen/rm_ws/install/imu_complementary_filter/share/imu_complementary_filter/cmake/export_imu_complementary_filterExport-noconfig.cmake
[96.282s] Invoked command in '/home/allen/rm_ws/build/imu_complementary_filter' returned '0': CMAKE_PREFIX_PATH=/home/allen/Robomaster/rm_ws/install/teb_local_planner:/home/allen/Robomaster/rm_ws/install/teb_msgs:/home/allen/Robomaster/rm_ws/install/ros2_livox_simulation:/home/allen/Robomaster/rm_ws/install/rmbot2:/home/allen/Robomaster/rm_ws/install/rm_navigation:/home/allen/Robomaster/rm_ws/install/rm_nav_bringup:/home/allen/Robomaster/rm_ws/install/pointcloud_to_laserscan:/home/allen/Robomaster/rm_ws/install/point_lio:/home/allen/Robomaster/rm_ws/install/icp_registration:/home/allen/Robomaster/rm_ws/install/fast_lio:/home/allen/Robomaster/rm_ws/install/livox_ros_driver2:/home/allen/Robomaster/rm_ws/install/linefit_ground_segmentation_ros:/home/allen/Robomaster/rm_ws/install/linefit_ground_segmentation:/home/allen/Robomaster/rm_ws/install/imu_complementary_filter:/home/allen/Robomaster/rm_ws/install/fake_vel_transform:/home/allen/Robomaster/rm_ws/install/costmap_converter:/home/allen/Robomaster/rm_ws/install/costmap_converter_msgs:/home/allen/capstone/description_ws/install/ur_yt_sim:/home/allen/capstone/description_ws/install/ur10e_description:/home/allen/capstone/description_ws/install/kuka_agilus_support:/home/allen/capstone/description_ws/install/kuka_resources:/opt/ros/humble:/home/allen/capstone/description_ws/install/kuka_kr3_description /usr/bin/cmake --install /home/allen/rm_ws/build/imu_complementary_filter
