[0.103s] Invoking command in '/home/allen/rm_ws/build/teb_local_planner': CMAKE_PREFIX_PATH=/home/allen/rm_ws/install/teb_msgs:/home/allen/rm_ws/install/costmap_converter:/home/allen/rm_ws/install/costmap_converter_msgs:/home/allen/rm_ws/install/teb_local_planner:/home/allen/rm_ws/install/ros2_livox_simulation:/home/allen/rm_ws/install/rmbot2:/home/allen/rm_ws/install/rm_navigation:/home/allen/rm_ws/install/rm_nav_bringup:/home/allen/rm_ws/install/pointcloud_to_laserscan:/home/allen/rm_ws/install/point_lio:/home/allen/rm_ws/install/icp_registration:/home/allen/rm_ws/install/fast_lio:/home/allen/rm_ws/install/livox_ros_driver2:/home/allen/rm_ws/install/linefit_ground_segmentation_ros:/home/allen/rm_ws/install/linefit_ground_segmentation:/home/allen/rm_ws/install/imu_complementary_filter:/home/allen/rm_ws/install/fake_vel_transform:/home/allen/Robomaster/rm_ws/install/teb_local_planner:/home/allen/Robomaster/rm_ws/install/teb_msgs:/home/allen/Robomaster/rm_ws/install/ros2_livox_simulation:/home/allen/Robomaster/rm_ws/install/rmbot2:/home/allen/Robomaster/rm_ws/install/rm_navigation:/home/allen/Robomaster/rm_ws/install/rm_nav_bringup:/home/allen/Robomaster/rm_ws/install/pointcloud_to_laserscan:/home/allen/Robomaster/rm_ws/install/point_lio:/home/allen/Robomaster/rm_ws/install/icp_registration:/home/allen/Robomaster/rm_ws/install/fast_lio:/home/allen/Robomaster/rm_ws/install/livox_ros_driver2:/home/allen/Robomaster/rm_ws/install/linefit_ground_segmentation_ros:/home/allen/Robomaster/rm_ws/install/linefit_ground_segmentation:/home/allen/Robomaster/rm_ws/install/imu_complementary_filter:/home/allen/Robomaster/rm_ws/install/fake_vel_transform:/home/allen/Robomaster/rm_ws/install/costmap_converter:/home/allen/Robomaster/rm_ws/install/costmap_converter_msgs:/home/allen/capstone/description_ws/install/ur_yt_sim:/home/allen/capstone/description_ws/install/ur10e_description:/home/allen/capstone/description_ws/install/kuka_agilus_support:/home/allen/capstone/description_ws/install/kuka_resources:/opt/ros/humble:/home/allen/capstone/description_ws/install/kuka_kr3_description LD_LIBRARY_PATH=/home/allen/rm_ws/install/teb_msgs/lib:/home/allen/rm_ws/install/costmap_converter/lib:/home/allen/rm_ws/install/costmap_converter_msgs/lib:/home/allen/rm_ws/install/teb_local_planner/lib:/home/allen/rm_ws/install/ros2_livox_simulation/lib:/home/allen/rm_ws/install/pointcloud_to_laserscan/lib:/home/allen/rm_ws/install/icp_registration/lib:/home/allen/rm_ws/install/fast_lio/lib:/home/allen/rm_ws/install/livox_ros_driver2/lib:/home/allen/rm_ws/install/linefit_ground_segmentation/lib:/home/allen/rm_ws/install/imu_complementary_filter/lib:/home/allen/rm_ws/install/fake_vel_transform/lib:/home/allen/Robomaster/rm_ws/install/teb_local_planner/lib:/home/allen/Robomaster/rm_ws/install/teb_msgs/lib:/home/allen/Robomaster/rm_ws/install/ros2_livox_simulation/lib:/home/allen/Robomaster/rm_ws/install/pointcloud_to_laserscan/lib:/home/allen/Robomaster/rm_ws/install/icp_registration/lib:/home/allen/Robomaster/rm_ws/install/fast_lio/lib:/home/allen/Robomaster/rm_ws/install/livox_ros_driver2/lib:/home/allen/Robomaster/rm_ws/install/linefit_ground_segmentation/lib:/home/allen/Robomaster/rm_ws/install/imu_complementary_filter/lib:/home/allen/Robomaster/rm_ws/install/fake_vel_transform/lib:/home/allen/Robomaster/rm_ws/install/costmap_converter/lib:/home/allen/Robomaster/rm_ws/install/costmap_converter_msgs/lib:/usr/lib/x86_64-linux-gnu/gazebo-11/plugins:/opt/ros/humble/opt/rviz_ogre_vendor/lib:/opt/ros/humble/lib/x86_64-linux-gnu:/opt/ros/humble/opt/openvdb_vendor/lib:/opt/ros/humble/lib:/usr/local/lib:/usr/local/lib:/usr/local/lib:/usr/local/lib /usr/bin/cmake /home/allen/rm_ws/src/rm_navigation/teb_local_planner/teb_local_planner -DAMENT_CMAKE_SYMLINK_INSTALL=1 -DCMAKE_INSTALL_PREFIX=/home/allen/rm_ws/install/teb_local_planner
[0.299s] -- The C compiler identification is GNU 11.4.0
[0.492s] -- The CXX compiler identification is GNU 11.4.0
[0.529s] -- Detecting C compiler ABI info
[0.844s] -- Detecting C compiler ABI info - done
[0.873s] -- Check for working C compiler: /usr/bin/cc - skipped
[0.876s] -- Detecting C compile features
[0.878s] -- Detecting C compile features - done
[0.888s] -- Detecting CXX compiler ABI info
[1.238s] -- Detecting CXX compiler ABI info - done
[1.269s] -- Check for working CXX compiler: /usr/bin/c++ - skipped
[1.271s] -- Detecting CXX compile features
[1.271s] -- Detecting CXX compile features - done
[1.290s] -- Found ament_cmake: 1.3.12 (/opt/ros/humble/share/ament_cmake/cmake)
[1.798s] -- Found Python3: /usr/bin/python3 (found version "3.10.12") found components: Interpreter 
[1.947s] -- Override CMake install command with custom implementation using symlinks instead of copying resources
[2.105s] -- Found costmap_converter: 0.1.2 (/home/allen/rm_ws/install/costmap_converter/share/costmap_converter/cmake)
[2.341s] -- Found rosidl_generator_c: 3.1.7 (/opt/ros/humble/share/rosidl_generator_c/cmake)
[2.371s] -- Found rosidl_adapter: 3.1.7 (/opt/ros/humble/share/rosidl_adapter/cmake)
[2.405s] -- Found rosidl_generator_cpp: 3.1.7 (/opt/ros/humble/share/rosidl_generator_cpp/cmake)
[2.446s] -- Using all available rosidl_typesupport_c: rosidl_typesupport_fastrtps_c;rosidl_typesupport_introspection_c
[2.508s] -- Using all available rosidl_typesupport_cpp: rosidl_typesupport_fastrtps_cpp;rosidl_typesupport_introspection_cpp
[3.069s] -- Found rmw_implementation_cmake: 6.1.2 (/opt/ros/humble/share/rmw_implementation_cmake/cmake)
[3.091s] -- Found rmw_cyclonedds_cpp: 1.3.4 (/opt/ros/humble/share/rmw_cyclonedds_cpp/cmake)
[3.201s] -- Using RMW implementation 'rmw_cyclonedds_cpp' as default
[3.251s] -- Looking for pthread.h
[3.709s] -- Looking for pthread.h - found
[3.710s] -- Performing Test CMAKE_HAVE_LIBC_PTHREAD
[4.333s] -- Performing Test CMAKE_HAVE_LIBC_PTHREAD - Success
[4.343s] -- Found Threads: TRUE  
[5.857s] -- Found Eigen3: TRUE (found version "3.4.0") 
[5.862s] -- Ensuring Eigen3 include directory is part of orocos-kdl CMake target
[6.559s] -- Found dwb_critics: 1.1.18 (/opt/ros/humble/share/dwb_critics/cmake)
[7.202s] -- Found teb_msgs: 0.0.1 (/home/allen/rm_ws/install/teb_msgs/share/teb_msgs/cmake)
[7.264s] -- Found tf2_eigen: 0.25.16 (/opt/ros/humble/share/tf2_eigen/cmake)
[7.283s] -- System: Linux-6.8.0-85-generic
[7.283s] -- /opt/ros/humble/share/tinyxml2_vendor/cmake/Modules;/opt/ros/humble/share/eigen3_cmake_module/cmake/Modules;/opt/ros/humble/share/fastrtps_cmake_module/cmake/Modules;/opt/ros/humble/lib/x86_64-linux-gnu/cmake/iceoryx_hoofs;/opt/ros/humble/lib/x86_64-linux-gnu/cmake/iceoryx_hoofs;/opt/ros/humble/lib/x86_64-linux-gnu/cmake/iceoryx_posh;/home/allen/rm_ws/src/rm_navigation/teb_local_planner/teb_local_planner/cmake_modules
[7.334s] -- Found SuiteSparse
[7.338s] -- Searching for g2o ...
[7.339s] -- Found g2o headers in: /opt/ros/humble/include/g2o
[7.373s] -- Found libg2o: /opt/ros/humble/lib/x86_64-linux-gnu/libg2o_csparse_extension.so;/opt/ros/humble/lib/x86_64-linux-gnu/libg2o_core.so;/opt/ros/humble/lib/x86_64-linux-gnu/libg2o_stuff.so;/opt/ros/humble/lib/x86_64-linux-gnu/libg2o_types_slam2d.so;/opt/ros/humble/lib/x86_64-linux-gnu/libg2o_types_slam3d.so;/opt/ros/humble/lib/x86_64-linux-gnu/libg2o_solver_cholmod.so;/opt/ros/humble/lib/x86_64-linux-gnu/libg2o_solver_pcg.so;/opt/ros/humble/lib/x86_64-linux-gnu/libg2o_solver_csparse.so;/opt/ros/humble/lib/x86_64-linux-gnu/libg2o_incremental.so
[7.429s] -- Found Boost: /usr/lib/x86_64-linux-gnu/cmake/Boost-1.74.0/BoostConfig.cmake (found version "1.74.0")  
[15.077s] -- Found ament_cmake_gtest: 1.3.12 (/opt/ros/humble/share/ament_cmake_gtest/cmake)
[15.280s] -- Configuring done
[15.551s] -- Generating done
[15.569s] -- Build files have been written to: /home/allen/rm_ws/build/teb_local_planner
[15.607s] Invoked command in '/home/allen/rm_ws/build/teb_local_planner' returned '0': CMAKE_PREFIX_PATH=/home/allen/rm_ws/install/teb_msgs:/home/allen/rm_ws/install/costmap_converter:/home/allen/rm_ws/install/costmap_converter_msgs:/home/allen/rm_ws/install/teb_local_planner:/home/allen/rm_ws/install/ros2_livox_simulation:/home/allen/rm_ws/install/rmbot2:/home/allen/rm_ws/install/rm_navigation:/home/allen/rm_ws/install/rm_nav_bringup:/home/allen/rm_ws/install/pointcloud_to_laserscan:/home/allen/rm_ws/install/point_lio:/home/allen/rm_ws/install/icp_registration:/home/allen/rm_ws/install/fast_lio:/home/allen/rm_ws/install/livox_ros_driver2:/home/allen/rm_ws/install/linefit_ground_segmentation_ros:/home/allen/rm_ws/install/linefit_ground_segmentation:/home/allen/rm_ws/install/imu_complementary_filter:/home/allen/rm_ws/install/fake_vel_transform:/home/allen/Robomaster/rm_ws/install/teb_local_planner:/home/allen/Robomaster/rm_ws/install/teb_msgs:/home/allen/Robomaster/rm_ws/install/ros2_livox_simulation:/home/allen/Robomaster/rm_ws/install/rmbot2:/home/allen/Robomaster/rm_ws/install/rm_navigation:/home/allen/Robomaster/rm_ws/install/rm_nav_bringup:/home/allen/Robomaster/rm_ws/install/pointcloud_to_laserscan:/home/allen/Robomaster/rm_ws/install/point_lio:/home/allen/Robomaster/rm_ws/install/icp_registration:/home/allen/Robomaster/rm_ws/install/fast_lio:/home/allen/Robomaster/rm_ws/install/livox_ros_driver2:/home/allen/Robomaster/rm_ws/install/linefit_ground_segmentation_ros:/home/allen/Robomaster/rm_ws/install/linefit_ground_segmentation:/home/allen/Robomaster/rm_ws/install/imu_complementary_filter:/home/allen/Robomaster/rm_ws/install/fake_vel_transform:/home/allen/Robomaster/rm_ws/install/costmap_converter:/home/allen/Robomaster/rm_ws/install/costmap_converter_msgs:/home/allen/capstone/description_ws/install/ur_yt_sim:/home/allen/capstone/description_ws/install/ur10e_description:/home/allen/capstone/description_ws/install/kuka_agilus_support:/home/allen/capstone/description_ws/install/kuka_resources:/opt/ros/humble:/home/allen/capstone/description_ws/install/kuka_kr3_description LD_LIBRARY_PATH=/home/allen/rm_ws/install/teb_msgs/lib:/home/allen/rm_ws/install/costmap_converter/lib:/home/allen/rm_ws/install/costmap_converter_msgs/lib:/home/allen/rm_ws/install/teb_local_planner/lib:/home/allen/rm_ws/install/ros2_livox_simulation/lib:/home/allen/rm_ws/install/pointcloud_to_laserscan/lib:/home/allen/rm_ws/install/icp_registration/lib:/home/allen/rm_ws/install/fast_lio/lib:/home/allen/rm_ws/install/livox_ros_driver2/lib:/home/allen/rm_ws/install/linefit_ground_segmentation/lib:/home/allen/rm_ws/install/imu_complementary_filter/lib:/home/allen/rm_ws/install/fake_vel_transform/lib:/home/allen/Robomaster/rm_ws/install/teb_local_planner/lib:/home/allen/Robomaster/rm_ws/install/teb_msgs/lib:/home/allen/Robomaster/rm_ws/install/ros2_livox_simulation/lib:/home/allen/Robomaster/rm_ws/install/pointcloud_to_laserscan/lib:/home/allen/Robomaster/rm_ws/install/icp_registration/lib:/home/allen/Robomaster/rm_ws/install/fast_lio/lib:/home/allen/Robomaster/rm_ws/install/livox_ros_driver2/lib:/home/allen/Robomaster/rm_ws/install/linefit_ground_segmentation/lib:/home/allen/Robomaster/rm_ws/install/imu_complementary_filter/lib:/home/allen/Robomaster/rm_ws/install/fake_vel_transform/lib:/home/allen/Robomaster/rm_ws/install/costmap_converter/lib:/home/allen/Robomaster/rm_ws/install/costmap_converter_msgs/lib:/usr/lib/x86_64-linux-gnu/gazebo-11/plugins:/opt/ros/humble/opt/rviz_ogre_vendor/lib:/opt/ros/humble/lib/x86_64-linux-gnu:/opt/ros/humble/opt/openvdb_vendor/lib:/opt/ros/humble/lib:/usr/local/lib:/usr/local/lib:/usr/local/lib:/usr/local/lib /usr/bin/cmake /home/allen/rm_ws/src/rm_navigation/teb_local_planner/teb_local_planner -DAMENT_CMAKE_SYMLINK_INSTALL=1 -DCMAKE_INSTALL_PREFIX=/home/allen/rm_ws/install/teb_local_planner
[15.609s] Invoking command in '/home/allen/rm_ws/build/teb_local_planner': CMAKE_PREFIX_PATH=/home/allen/rm_ws/install/teb_msgs:/home/allen/rm_ws/install/costmap_converter:/home/allen/rm_ws/install/costmap_converter_msgs:/home/allen/rm_ws/install/teb_local_planner:/home/allen/rm_ws/install/ros2_livox_simulation:/home/allen/rm_ws/install/rmbot2:/home/allen/rm_ws/install/rm_navigation:/home/allen/rm_ws/install/rm_nav_bringup:/home/allen/rm_ws/install/pointcloud_to_laserscan:/home/allen/rm_ws/install/point_lio:/home/allen/rm_ws/install/icp_registration:/home/allen/rm_ws/install/fast_lio:/home/allen/rm_ws/install/livox_ros_driver2:/home/allen/rm_ws/install/linefit_ground_segmentation_ros:/home/allen/rm_ws/install/linefit_ground_segmentation:/home/allen/rm_ws/install/imu_complementary_filter:/home/allen/rm_ws/install/fake_vel_transform:/home/allen/Robomaster/rm_ws/install/teb_local_planner:/home/allen/Robomaster/rm_ws/install/teb_msgs:/home/allen/Robomaster/rm_ws/install/ros2_livox_simulation:/home/allen/Robomaster/rm_ws/install/rmbot2:/home/allen/Robomaster/rm_ws/install/rm_navigation:/home/allen/Robomaster/rm_ws/install/rm_nav_bringup:/home/allen/Robomaster/rm_ws/install/pointcloud_to_laserscan:/home/allen/Robomaster/rm_ws/install/point_lio:/home/allen/Robomaster/rm_ws/install/icp_registration:/home/allen/Robomaster/rm_ws/install/fast_lio:/home/allen/Robomaster/rm_ws/install/livox_ros_driver2:/home/allen/Robomaster/rm_ws/install/linefit_ground_segmentation_ros:/home/allen/Robomaster/rm_ws/install/linefit_ground_segmentation:/home/allen/Robomaster/rm_ws/install/imu_complementary_filter:/home/allen/Robomaster/rm_ws/install/fake_vel_transform:/home/allen/Robomaster/rm_ws/install/costmap_converter:/home/allen/Robomaster/rm_ws/install/costmap_converter_msgs:/home/allen/capstone/description_ws/install/ur_yt_sim:/home/allen/capstone/description_ws/install/ur10e_description:/home/allen/capstone/description_ws/install/kuka_agilus_support:/home/allen/capstone/description_ws/install/kuka_resources:/opt/ros/humble:/home/allen/capstone/description_ws/install/kuka_kr3_description LD_LIBRARY_PATH=/home/allen/rm_ws/install/teb_msgs/lib:/home/allen/rm_ws/install/costmap_converter/lib:/home/allen/rm_ws/install/costmap_converter_msgs/lib:/home/allen/rm_ws/install/teb_local_planner/lib:/home/allen/rm_ws/install/ros2_livox_simulation/lib:/home/allen/rm_ws/install/pointcloud_to_laserscan/lib:/home/allen/rm_ws/install/icp_registration/lib:/home/allen/rm_ws/install/fast_lio/lib:/home/allen/rm_ws/install/livox_ros_driver2/lib:/home/allen/rm_ws/install/linefit_ground_segmentation/lib:/home/allen/rm_ws/install/imu_complementary_filter/lib:/home/allen/rm_ws/install/fake_vel_transform/lib:/home/allen/Robomaster/rm_ws/install/teb_local_planner/lib:/home/allen/Robomaster/rm_ws/install/teb_msgs/lib:/home/allen/Robomaster/rm_ws/install/ros2_livox_simulation/lib:/home/allen/Robomaster/rm_ws/install/pointcloud_to_laserscan/lib:/home/allen/Robomaster/rm_ws/install/icp_registration/lib:/home/allen/Robomaster/rm_ws/install/fast_lio/lib:/home/allen/Robomaster/rm_ws/install/livox_ros_driver2/lib:/home/allen/Robomaster/rm_ws/install/linefit_ground_segmentation/lib:/home/allen/Robomaster/rm_ws/install/imu_complementary_filter/lib:/home/allen/Robomaster/rm_ws/install/fake_vel_transform/lib:/home/allen/Robomaster/rm_ws/install/costmap_converter/lib:/home/allen/Robomaster/rm_ws/install/costmap_converter_msgs/lib:/usr/lib/x86_64-linux-gnu/gazebo-11/plugins:/opt/ros/humble/opt/rviz_ogre_vendor/lib:/opt/ros/humble/lib/x86_64-linux-gnu:/opt/ros/humble/opt/openvdb_vendor/lib:/opt/ros/humble/lib:/usr/local/lib:/usr/local/lib:/usr/local/lib:/usr/local/lib /usr/bin/cmake --build /home/allen/rm_ws/build/teb_local_planner -- -j2 -l2
[15.844s] [ 10%] [32mBuilding CXX object CMakeFiles/teb_local_planner.dir/src/timed_elastic_band.cpp.o[0m
[41.493s] [ 20%] [32mBuilding CXX object CMakeFiles/teb_local_planner.dir/src/optimal_planner.cpp.o[0m
[118.211s] [ 30%] [32mBuilding CXX object CMakeFiles/teb_local_planner.dir/src/obstacles.cpp.o[0m
[124.909s] [ 40%] [32mBuilding CXX object CMakeFiles/teb_local_planner.dir/src/visualization.cpp.o[0m
[180.673s] [ 50%] [32mBuilding CXX object CMakeFiles/teb_local_planner.dir/src/recovery_behaviors.cpp.o[0m
[188.621s] [ 60%] [32mBuilding CXX object CMakeFiles/teb_local_planner.dir/src/teb_config.cpp.o[0m
[210.768s] [ 70%] [32mBuilding CXX object CMakeFiles/teb_local_planner.dir/src/homotopy_class_planner.cpp.o[0m
[255.851s] [ 80%] [32mBuilding CXX object CMakeFiles/teb_local_planner.dir/src/teb_local_planner_ros.cpp.o[0m
[256.848s] [ 90%] [32mBuilding CXX object CMakeFiles/teb_local_planner.dir/src/graph_search.cpp.o[0m
[341.858s] [100%] [32m[1mLinking CXX shared library libteb_local_planner.so[0m
[342.883s] [100%] Built target teb_local_planner
[342.936s] Invoked command in '/home/allen/rm_ws/build/teb_local_planner' returned '0': CMAKE_PREFIX_PATH=/home/allen/rm_ws/install/teb_msgs:/home/allen/rm_ws/install/costmap_converter:/home/allen/rm_ws/install/costmap_converter_msgs:/home/allen/rm_ws/install/teb_local_planner:/home/allen/rm_ws/install/ros2_livox_simulation:/home/allen/rm_ws/install/rmbot2:/home/allen/rm_ws/install/rm_navigation:/home/allen/rm_ws/install/rm_nav_bringup:/home/allen/rm_ws/install/pointcloud_to_laserscan:/home/allen/rm_ws/install/point_lio:/home/allen/rm_ws/install/icp_registration:/home/allen/rm_ws/install/fast_lio:/home/allen/rm_ws/install/livox_ros_driver2:/home/allen/rm_ws/install/linefit_ground_segmentation_ros:/home/allen/rm_ws/install/linefit_ground_segmentation:/home/allen/rm_ws/install/imu_complementary_filter:/home/allen/rm_ws/install/fake_vel_transform:/home/allen/Robomaster/rm_ws/install/teb_local_planner:/home/allen/Robomaster/rm_ws/install/teb_msgs:/home/allen/Robomaster/rm_ws/install/ros2_livox_simulation:/home/allen/Robomaster/rm_ws/install/rmbot2:/home/allen/Robomaster/rm_ws/install/rm_navigation:/home/allen/Robomaster/rm_ws/install/rm_nav_bringup:/home/allen/Robomaster/rm_ws/install/pointcloud_to_laserscan:/home/allen/Robomaster/rm_ws/install/point_lio:/home/allen/Robomaster/rm_ws/install/icp_registration:/home/allen/Robomaster/rm_ws/install/fast_lio:/home/allen/Robomaster/rm_ws/install/livox_ros_driver2:/home/allen/Robomaster/rm_ws/install/linefit_ground_segmentation_ros:/home/allen/Robomaster/rm_ws/install/linefit_ground_segmentation:/home/allen/Robomaster/rm_ws/install/imu_complementary_filter:/home/allen/Robomaster/rm_ws/install/fake_vel_transform:/home/allen/Robomaster/rm_ws/install/costmap_converter:/home/allen/Robomaster/rm_ws/install/costmap_converter_msgs:/home/allen/capstone/description_ws/install/ur_yt_sim:/home/allen/capstone/description_ws/install/ur10e_description:/home/allen/capstone/description_ws/install/kuka_agilus_support:/home/allen/capstone/description_ws/install/kuka_resources:/opt/ros/humble:/home/allen/capstone/description_ws/install/kuka_kr3_description LD_LIBRARY_PATH=/home/allen/rm_ws/install/teb_msgs/lib:/home/allen/rm_ws/install/costmap_converter/lib:/home/allen/rm_ws/install/costmap_converter_msgs/lib:/home/allen/rm_ws/install/teb_local_planner/lib:/home/allen/rm_ws/install/ros2_livox_simulation/lib:/home/allen/rm_ws/install/pointcloud_to_laserscan/lib:/home/allen/rm_ws/install/icp_registration/lib:/home/allen/rm_ws/install/fast_lio/lib:/home/allen/rm_ws/install/livox_ros_driver2/lib:/home/allen/rm_ws/install/linefit_ground_segmentation/lib:/home/allen/rm_ws/install/imu_complementary_filter/lib:/home/allen/rm_ws/install/fake_vel_transform/lib:/home/allen/Robomaster/rm_ws/install/teb_local_planner/lib:/home/allen/Robomaster/rm_ws/install/teb_msgs/lib:/home/allen/Robomaster/rm_ws/install/ros2_livox_simulation/lib:/home/allen/Robomaster/rm_ws/install/pointcloud_to_laserscan/lib:/home/allen/Robomaster/rm_ws/install/icp_registration/lib:/home/allen/Robomaster/rm_ws/install/fast_lio/lib:/home/allen/Robomaster/rm_ws/install/livox_ros_driver2/lib:/home/allen/Robomaster/rm_ws/install/linefit_ground_segmentation/lib:/home/allen/Robomaster/rm_ws/install/imu_complementary_filter/lib:/home/allen/Robomaster/rm_ws/install/fake_vel_transform/lib:/home/allen/Robomaster/rm_ws/install/costmap_converter/lib:/home/allen/Robomaster/rm_ws/install/costmap_converter_msgs/lib:/usr/lib/x86_64-linux-gnu/gazebo-11/plugins:/opt/ros/humble/opt/rviz_ogre_vendor/lib:/opt/ros/humble/lib/x86_64-linux-gnu:/opt/ros/humble/opt/openvdb_vendor/lib:/opt/ros/humble/lib:/usr/local/lib:/usr/local/lib:/usr/local/lib:/usr/local/lib /usr/bin/cmake --build /home/allen/rm_ws/build/teb_local_planner -- -j2 -l2
[342.942s] Invoking command in '/home/allen/rm_ws/build/teb_local_planner': CMAKE_PREFIX_PATH=/home/allen/rm_ws/install/teb_msgs:/home/allen/rm_ws/install/costmap_converter:/home/allen/rm_ws/install/costmap_converter_msgs:/home/allen/rm_ws/install/teb_local_planner:/home/allen/rm_ws/install/ros2_livox_simulation:/home/allen/rm_ws/install/rmbot2:/home/allen/rm_ws/install/rm_navigation:/home/allen/rm_ws/install/rm_nav_bringup:/home/allen/rm_ws/install/pointcloud_to_laserscan:/home/allen/rm_ws/install/point_lio:/home/allen/rm_ws/install/icp_registration:/home/allen/rm_ws/install/fast_lio:/home/allen/rm_ws/install/livox_ros_driver2:/home/allen/rm_ws/install/linefit_ground_segmentation_ros:/home/allen/rm_ws/install/linefit_ground_segmentation:/home/allen/rm_ws/install/imu_complementary_filter:/home/allen/rm_ws/install/fake_vel_transform:/home/allen/Robomaster/rm_ws/install/teb_local_planner:/home/allen/Robomaster/rm_ws/install/teb_msgs:/home/allen/Robomaster/rm_ws/install/ros2_livox_simulation:/home/allen/Robomaster/rm_ws/install/rmbot2:/home/allen/Robomaster/rm_ws/install/rm_navigation:/home/allen/Robomaster/rm_ws/install/rm_nav_bringup:/home/allen/Robomaster/rm_ws/install/pointcloud_to_laserscan:/home/allen/Robomaster/rm_ws/install/point_lio:/home/allen/Robomaster/rm_ws/install/icp_registration:/home/allen/Robomaster/rm_ws/install/fast_lio:/home/allen/Robomaster/rm_ws/install/livox_ros_driver2:/home/allen/Robomaster/rm_ws/install/linefit_ground_segmentation_ros:/home/allen/Robomaster/rm_ws/install/linefit_ground_segmentation:/home/allen/Robomaster/rm_ws/install/imu_complementary_filter:/home/allen/Robomaster/rm_ws/install/fake_vel_transform:/home/allen/Robomaster/rm_ws/install/costmap_converter:/home/allen/Robomaster/rm_ws/install/costmap_converter_msgs:/home/allen/capstone/description_ws/install/ur_yt_sim:/home/allen/capstone/description_ws/install/ur10e_description:/home/allen/capstone/description_ws/install/kuka_agilus_support:/home/allen/capstone/description_ws/install/kuka_resources:/opt/ros/humble:/home/allen/capstone/description_ws/install/kuka_kr3_description LD_LIBRARY_PATH=/home/allen/rm_ws/install/teb_msgs/lib:/home/allen/rm_ws/install/costmap_converter/lib:/home/allen/rm_ws/install/costmap_converter_msgs/lib:/home/allen/rm_ws/install/teb_local_planner/lib:/home/allen/rm_ws/install/ros2_livox_simulation/lib:/home/allen/rm_ws/install/pointcloud_to_laserscan/lib:/home/allen/rm_ws/install/icp_registration/lib:/home/allen/rm_ws/install/fast_lio/lib:/home/allen/rm_ws/install/livox_ros_driver2/lib:/home/allen/rm_ws/install/linefit_ground_segmentation/lib:/home/allen/rm_ws/install/imu_complementary_filter/lib:/home/allen/rm_ws/install/fake_vel_transform/lib:/home/allen/Robomaster/rm_ws/install/teb_local_planner/lib:/home/allen/Robomaster/rm_ws/install/teb_msgs/lib:/home/allen/Robomaster/rm_ws/install/ros2_livox_simulation/lib:/home/allen/Robomaster/rm_ws/install/pointcloud_to_laserscan/lib:/home/allen/Robomaster/rm_ws/install/icp_registration/lib:/home/allen/Robomaster/rm_ws/install/fast_lio/lib:/home/allen/Robomaster/rm_ws/install/livox_ros_driver2/lib:/home/allen/Robomaster/rm_ws/install/linefit_ground_segmentation/lib:/home/allen/Robomaster/rm_ws/install/imu_complementary_filter/lib:/home/allen/Robomaster/rm_ws/install/fake_vel_transform/lib:/home/allen/Robomaster/rm_ws/install/costmap_converter/lib:/home/allen/Robomaster/rm_ws/install/costmap_converter_msgs/lib:/usr/lib/x86_64-linux-gnu/gazebo-11/plugins:/opt/ros/humble/opt/rviz_ogre_vendor/lib:/opt/ros/humble/lib/x86_64-linux-gnu:/opt/ros/humble/opt/openvdb_vendor/lib:/opt/ros/humble/lib:/usr/local/lib:/usr/local/lib:/usr/local/lib:/usr/local/lib /usr/bin/cmake --install /home/allen/rm_ws/build/teb_local_planner
[342.965s] -- Install configuration: "Release"
[342.966s] -- Execute custom install script
[342.967s] -- Symlinking: /home/allen/rm_ws/install/teb_local_planner/lib/libteb_local_planner.so
[342.999s] -- Symlinking: /home/allen/rm_ws/install/teb_local_planner/include//teb_local_planner/distance_calculations.h
[343.028s] -- Symlinking: /home/allen/rm_ws/install/teb_local_planner/include//teb_local_planner/equivalence_relations.h
[343.053s] -- Symlinking: /home/allen/rm_ws/install/teb_local_planner/include//teb_local_planner/g2o_types/base_teb_edges.h
[343.087s] -- Symlinking: /home/allen/rm_ws/install/teb_local_planner/include//teb_local_planner/g2o_types/edge_acceleration.h
[343.115s] -- Symlinking: /home/allen/rm_ws/install/teb_local_planner/include//teb_local_planner/g2o_types/edge_dynamic_obstacle.h
[343.144s] -- Symlinking: /home/allen/rm_ws/install/teb_local_planner/include//teb_local_planner/g2o_types/edge_kinematics.h
[343.179s] -- Symlinking: /home/allen/rm_ws/install/teb_local_planner/include//teb_local_planner/g2o_types/edge_obstacle.h
[343.214s] -- Symlinking: /home/allen/rm_ws/install/teb_local_planner/include//teb_local_planner/g2o_types/edge_prefer_rotdir.h
[343.247s] -- Symlinking: /home/allen/rm_ws/install/teb_local_planner/include//teb_local_planner/g2o_types/edge_shortest_path.h
[343.281s] -- Symlinking: /home/allen/rm_ws/install/teb_local_planner/include//teb_local_planner/g2o_types/edge_time_optimal.h
[343.315s] -- Symlinking: /home/allen/rm_ws/install/teb_local_planner/include//teb_local_planner/g2o_types/edge_velocity.h
[343.351s] -- Symlinking: /home/allen/rm_ws/install/teb_local_planner/include//teb_local_planner/g2o_types/edge_velocity_obstacle_ratio.h
[343.383s] -- Symlinking: /home/allen/rm_ws/install/teb_local_planner/include//teb_local_planner/g2o_types/edge_via_point.h
[343.419s] -- Symlinking: /home/allen/rm_ws/install/teb_local_planner/include//teb_local_planner/g2o_types/penalties.h
[343.449s] -- Symlinking: /home/allen/rm_ws/install/teb_local_planner/include//teb_local_planner/g2o_types/vertex_pose.h
[343.480s] -- Symlinking: /home/allen/rm_ws/install/teb_local_planner/include//teb_local_planner/g2o_types/vertex_timediff.h
[343.513s] -- Symlinking: /home/allen/rm_ws/install/teb_local_planner/include//teb_local_planner/graph_search.h
[343.539s] -- Symlinking: /home/allen/rm_ws/install/teb_local_planner/include//teb_local_planner/h_signature.h
[343.567s] -- Symlinking: /home/allen/rm_ws/install/teb_local_planner/include//teb_local_planner/homotopy_class_planner.h
[343.614s] -- Symlinking: /home/allen/rm_ws/install/teb_local_planner/include//teb_local_planner/homotopy_class_planner.hpp
[343.655s] -- Symlinking: /home/allen/rm_ws/install/teb_local_planner/include//teb_local_planner/misc.h
[343.686s] -- Symlinking: /home/allen/rm_ws/install/teb_local_planner/include//teb_local_planner/obstacles.h
[343.720s] -- Symlinking: /home/allen/rm_ws/install/teb_local_planner/include//teb_local_planner/optimal_planner.h
[343.748s] -- Symlinking: /home/allen/rm_ws/install/teb_local_planner/include//teb_local_planner/planner_interface.h
[343.780s] -- Symlinking: /home/allen/rm_ws/install/teb_local_planner/include//teb_local_planner/pose_se2.h
[343.815s] -- Symlinking: /home/allen/rm_ws/install/teb_local_planner/include//teb_local_planner/recovery_behaviors.h
[343.868s] -- Symlinking: /home/allen/rm_ws/install/teb_local_planner/include//teb_local_planner/robot_footprint_model.h
[343.900s] -- Symlinking: /home/allen/rm_ws/install/teb_local_planner/include//teb_local_planner/teb_config.h
[343.929s] -- Symlinking: /home/allen/rm_ws/install/teb_local_planner/include//teb_local_planner/teb_local_planner_ros.h
[343.967s] -- Symlinking: /home/allen/rm_ws/install/teb_local_planner/include//teb_local_planner/timed_elastic_band.h
[344.023s] -- Symlinking: /home/allen/rm_ws/install/teb_local_planner/include//teb_local_planner/timed_elastic_band.hpp
[344.072s] -- Symlinking: /home/allen/rm_ws/install/teb_local_planner/include//teb_local_planner/visualization.h
[344.105s] -- Symlinking: /home/allen/rm_ws/install/teb_local_planner/include//teb_local_planner/visualization.hpp
[344.132s] -- Symlinking: /home/allen/rm_ws/install/teb_local_planner/share/teb_local_planner_plugin.xml
[344.163s] -- Symlinking: /home/allen/rm_ws/install/teb_local_planner/lib/teb_local_planner/cmd_vel_to_ackermann_drive.py
[344.196s] -- Symlinking: /home/allen/rm_ws/install/teb_local_planner/share/teb_local_planner/params/teb_params.yaml
[344.224s] -- Symlinking: /home/allen/rm_ws/install/teb_local_planner/share/teb_local_planner/environment/library_path.sh
[344.254s] -- Symlinking: /home/allen/rm_ws/install/teb_local_planner/share/teb_local_planner/environment/library_path.dsv
[344.288s] -- Symlinking: /home/allen/rm_ws/install/teb_local_planner/share/teb_local_planner//teb_local_planner_plugin.xml
[344.311s] -- Symlinking: /home/allen/rm_ws/install/teb_local_planner/share/ament_index/resource_index/package_run_dependencies/teb_local_planner
[344.359s] -- Symlinking: /home/allen/rm_ws/install/teb_local_planner/share/ament_index/resource_index/parent_prefix_path/teb_local_planner
[344.392s] -- Symlinking: /home/allen/rm_ws/install/teb_local_planner/share/teb_local_planner/environment/ament_prefix_path.sh
[344.429s] -- Symlinking: /home/allen/rm_ws/install/teb_local_planner/share/teb_local_planner/environment/ament_prefix_path.dsv
[344.456s] -- Symlinking: /home/allen/rm_ws/install/teb_local_planner/share/teb_local_planner/environment/path.sh
[344.493s] -- Symlinking: /home/allen/rm_ws/install/teb_local_planner/share/teb_local_planner/environment/path.dsv
[344.521s] -- Symlinking: /home/allen/rm_ws/install/teb_local_planner/share/teb_local_planner/local_setup.bash
[344.555s] -- Symlinking: /home/allen/rm_ws/install/teb_local_planner/share/teb_local_planner/local_setup.sh
[344.595s] -- Symlinking: /home/allen/rm_ws/install/teb_local_planner/share/teb_local_planner/local_setup.zsh
[344.633s] -- Symlinking: /home/allen/rm_ws/install/teb_local_planner/share/teb_local_planner/local_setup.dsv
[344.671s] -- Symlinking: /home/allen/rm_ws/install/teb_local_planner/share/teb_local_planner/package.dsv
[344.713s] -- Symlinking: /home/allen/rm_ws/install/teb_local_planner/share/ament_index/resource_index/packages/teb_local_planner
[344.754s] -- Symlinking: /home/allen/rm_ws/install/teb_local_planner/share/ament_index/resource_index/nav2_core__pluginlib__plugin/teb_local_planner
[344.789s] -- Symlinking: /home/allen/rm_ws/install/teb_local_planner/share/teb_local_planner/cmake/ament_cmake_export_include_directories-extras.cmake
[344.819s] -- Symlinking: /home/allen/rm_ws/install/teb_local_planner/share/teb_local_planner/cmake/ament_cmake_export_libraries-extras.cmake
[344.859s] -- Symlinking: /home/allen/rm_ws/install/teb_local_planner/share/teb_local_planner/cmake/ament_cmake_export_dependencies-extras.cmake
[344.900s] -- Symlinking: /home/allen/rm_ws/install/teb_local_planner/share/teb_local_planner/cmake/teb_local_plannerConfig.cmake
[344.933s] -- Symlinking: /home/allen/rm_ws/install/teb_local_planner/share/teb_local_planner/cmake/teb_local_plannerConfig-version.cmake
[344.964s] -- Symlinking: /home/allen/rm_ws/install/teb_local_planner/share/teb_local_planner/package.xml
[345.008s] Invoked command in '/home/allen/rm_ws/build/teb_local_planner' returned '0': CMAKE_PREFIX_PATH=/home/allen/rm_ws/install/teb_msgs:/home/allen/rm_ws/install/costmap_converter:/home/allen/rm_ws/install/costmap_converter_msgs:/home/allen/rm_ws/install/teb_local_planner:/home/allen/rm_ws/install/ros2_livox_simulation:/home/allen/rm_ws/install/rmbot2:/home/allen/rm_ws/install/rm_navigation:/home/allen/rm_ws/install/rm_nav_bringup:/home/allen/rm_ws/install/pointcloud_to_laserscan:/home/allen/rm_ws/install/point_lio:/home/allen/rm_ws/install/icp_registration:/home/allen/rm_ws/install/fast_lio:/home/allen/rm_ws/install/livox_ros_driver2:/home/allen/rm_ws/install/linefit_ground_segmentation_ros:/home/allen/rm_ws/install/linefit_ground_segmentation:/home/allen/rm_ws/install/imu_complementary_filter:/home/allen/rm_ws/install/fake_vel_transform:/home/allen/Robomaster/rm_ws/install/teb_local_planner:/home/allen/Robomaster/rm_ws/install/teb_msgs:/home/allen/Robomaster/rm_ws/install/ros2_livox_simulation:/home/allen/Robomaster/rm_ws/install/rmbot2:/home/allen/Robomaster/rm_ws/install/rm_navigation:/home/allen/Robomaster/rm_ws/install/rm_nav_bringup:/home/allen/Robomaster/rm_ws/install/pointcloud_to_laserscan:/home/allen/Robomaster/rm_ws/install/point_lio:/home/allen/Robomaster/rm_ws/install/icp_registration:/home/allen/Robomaster/rm_ws/install/fast_lio:/home/allen/Robomaster/rm_ws/install/livox_ros_driver2:/home/allen/Robomaster/rm_ws/install/linefit_ground_segmentation_ros:/home/allen/Robomaster/rm_ws/install/linefit_ground_segmentation:/home/allen/Robomaster/rm_ws/install/imu_complementary_filter:/home/allen/Robomaster/rm_ws/install/fake_vel_transform:/home/allen/Robomaster/rm_ws/install/costmap_converter:/home/allen/Robomaster/rm_ws/install/costmap_converter_msgs:/home/allen/capstone/description_ws/install/ur_yt_sim:/home/allen/capstone/description_ws/install/ur10e_description:/home/allen/capstone/description_ws/install/kuka_agilus_support:/home/allen/capstone/description_ws/install/kuka_resources:/opt/ros/humble:/home/allen/capstone/description_ws/install/kuka_kr3_description LD_LIBRARY_PATH=/home/allen/rm_ws/install/teb_msgs/lib:/home/allen/rm_ws/install/costmap_converter/lib:/home/allen/rm_ws/install/costmap_converter_msgs/lib:/home/allen/rm_ws/install/teb_local_planner/lib:/home/allen/rm_ws/install/ros2_livox_simulation/lib:/home/allen/rm_ws/install/pointcloud_to_laserscan/lib:/home/allen/rm_ws/install/icp_registration/lib:/home/allen/rm_ws/install/fast_lio/lib:/home/allen/rm_ws/install/livox_ros_driver2/lib:/home/allen/rm_ws/install/linefit_ground_segmentation/lib:/home/allen/rm_ws/install/imu_complementary_filter/lib:/home/allen/rm_ws/install/fake_vel_transform/lib:/home/allen/Robomaster/rm_ws/install/teb_local_planner/lib:/home/allen/Robomaster/rm_ws/install/teb_msgs/lib:/home/allen/Robomaster/rm_ws/install/ros2_livox_simulation/lib:/home/allen/Robomaster/rm_ws/install/pointcloud_to_laserscan/lib:/home/allen/Robomaster/rm_ws/install/icp_registration/lib:/home/allen/Robomaster/rm_ws/install/fast_lio/lib:/home/allen/Robomaster/rm_ws/install/livox_ros_driver2/lib:/home/allen/Robomaster/rm_ws/install/linefit_ground_segmentation/lib:/home/allen/Robomaster/rm_ws/install/imu_complementary_filter/lib:/home/allen/Robomaster/rm_ws/install/fake_vel_transform/lib:/home/allen/Robomaster/rm_ws/install/costmap_converter/lib:/home/allen/Robomaster/rm_ws/install/costmap_converter_msgs/lib:/usr/lib/x86_64-linux-gnu/gazebo-11/plugins:/opt/ros/humble/opt/rviz_ogre_vendor/lib:/opt/ros/humble/lib/x86_64-linux-gnu:/opt/ros/humble/opt/openvdb_vendor/lib:/opt/ros/humble/lib:/usr/local/lib:/usr/local/lib:/usr/local/lib:/usr/local/lib /usr/bin/cmake --install /home/allen/rm_ws/build/teb_local_planner
